******************************************************************************
            TI ARM Clang Linker PC v4.0.4                      
******************************************************************************
>> Linked Sun Mar  8 08:47:40 2026

OUTPUT FILE NAME:   <sscp_ble.out>
ENTRY POINT SYMBOL: "resetISR"  address: 00026cb1


MEMORY CONFIGURATION

         name            origin    length      used     unused   attr    fill
----------------------  --------  ---------  --------  --------  ----  --------
  FLASH                 00000000   0007d000  0002bcbd  00051343  R  X
  NVS_SLOT              0007d000   00003000  00003000  00000000  R  X
  SRAM                  20000000   00009000  00007ac5  0000153b  RW X
  S2RRAM                40098000   00001000  00000000  00001000  RW  
  CCFG                  4e020000   00000800  00000800  00000000  R   
  LOG_DATA              90000000   00040000  00000000  00040000  R   
  LOG_PTR               94000008   00040000  00000000  00040000  R   


SEGMENT ALLOCATION MAP

run origin  load origin   length   init length attrs members
----------  ----------- ---------- ----------- ----- -------
00000000    00000000    0002bcc4   0002bcc4    r-x
  00000000    00000000    0000008c   0000008c    r-- .resetVecs
  00000090    00000090    00027ce4   00027ce4    r-x .text
  00027d74    00027d74    00003a35   00003a35    r-- .rodata
  0002b7ac    0002b7ac    00000518   00000518    r-- .cinit
0007d000    0007d000    00003000   00000000    rw-
  0007d000    0007d000    00003000   00000000    rw- .TI.bound:flashBuf0
20000400    20000400    00000020   00000000    rw-
  20000400    20000400    00000010   00000000    rw- .TI.bound:dmaChannel0ControlTableEntry
  20000410    20000410    00000010   00000000    rw- .TI.bound:dmaChannel1ControlTableEntry
20000440    20000440    00000020   00000000    rw-
  20000440    20000440    00000010   00000000    rw- .TI.bound:dmaChannel4ControlTableEntry
  20000450    20000450    00000010   00000000    rw- .TI.bound:dmaChannel5ControlTableEntry
20000460    20000460    000075fd   00000000    rw-
  20000460    20000460    000065ac   00000000    rw- .bss
  20006a10    20006a10    0000104d   00000000    rw- .data
20008c00    20008c00    00000400   00000000    rw-
  20008c00    20008c00    00000400   00000000    rw- .stack
4e020000    4e020000    00000800   00000800    r--
  4e020000    4e020000    00000800   00000800    r-- .ccfg


SECTION ALLOCATION MAP

 output                                  attributes/
section   page    origin      length       input sections
--------  ----  ----------  ----------   ----------------
.resetVecs 
*          0    00000000    0000008c     
                  00000000    0000008c     ti_freertos_config.o (.resetVecs)

.text      0    00000090    00027ce4     
                  00000090    00000c78     rcl_cc23x0r5.a : ble5.c.obj (.text.RCL_Handler_BLE5_adv)
                  00000d08    00000aa8     OneLib.a : OneLib_LL_ll_ble.obj (.text.llProcessPeripheralControlPacket)
                  000017b0    00000a54              : OneLib_Host_Profiles_gattservapp.obj (.text.GATTServApp_ProcessEvent)
                  00002204    00000790     StackWrapper.a : StackWrapper_Host_gapbondmgr.obj (.text.GAPBondMgr_ProcessGAPMsg)
                  00002994    0000061c     OneLib.a : OneLib_Host_GATT_gatt_client.obj (.text.gattClientProcessMsgCB)
                  00002fb0    000005a8              : OneLib_LL_ll_peripheral_end_causes.obj (.text.llProcessPeripheralControlProcedures)
                  00003558    000004f8     nvocmp.o (.text.NVOCMP_compactPage)
                  00003a50    000004c8     nvocmp.o (.text.NVOCMP_initNvApi)
                  00003f18    000004ac     rcl_cc23x0r5.a : ble5.c.obj (.text.RCL_Handler_BLE5_conn)
                  000043c4    00000410     OneLib.a : OneLib_LL_ll_peripheral_end_causes.obj (.text.llPeripheral_TaskEnd)
                  000047d4    00000400              : OneLib_LL_ll_ae.obj (.text.llSetupExtAdvLegacy)
                  00004bd4    000003c0              : OneLib_LL_ll_peripheral_end_causes.obj (.text.llSetupNextPeripheralEvent)
                  00004f94    0000036c     ecc.a : scalarMul.c.obj (.text.SCALARMUL_core)
                  00005300    0000035c     StackWrapper.a : StackWrapper_Host_gapbondmgr.obj (.text.GAPBondMgr_SetParameter)
                  0000565c    00000348     OneLib.a : OneLib_LL_ll.obj (.text.LL_ProcessEvent)
                  000059a4    00000330     ecc.a : scalarMul.c.obj (.text.ATOMICPATTERN)
                  00005cd4    00000310           : lowlevelapi_m0_gnu.s.obj (.text)
                  00005fe4    000002f4     rcl_cc23x0r5.a : LRFCC23X0.c.obj (.text.LRF_temperatureCompensateTrim)
                  000062d8    000002f4     secure_drivers_cc23x0r5.a : RNGLPF3RF.c.obj (.text.RNGLPF3RF_conditionNoiseToGenerateSeed)
                  000065cc    000002f4     OneLib.a : OneLib_LL_ll_scheduler.obj (.text.llSchedulerConnectable)
                  000068c0    000002c8     rcl_cc23x0r5.a : LRF.c.obj (.text.LRF_applySettings)
                  00006b88    000002ac     OneLib.a : OneLib_LL_ll.obj (.text.LE_SetExtAdvParams)
                  00006e34    000002a4     rcl_cc23x0r5.a : LRFCC23X0.c.obj (.text.LRF_programFrequency)
                  000070d8    0000029c     StackWrapper.a : StackWrapper_Host_gapbondmgr.obj (.text.GAPBondMgr_ProcessEvent)
                  00007374    00000294     OneLib.a : OneLib_LL_ll_common.obj (.text.llSetupCtrlPkt)
                  00007608    0000028c              : OneLib_LL_ll_common.obj (.text.llAllocConnId)
                  00007894    0000028c              : OneLib_LL_ll_common.obj (.text.llRealignConn)
                  00007b20    00000288              : OneLib_LL_ll_common.obj (.text.llProcessPeripheralConnectionCreated)
                  00007da8    00000244              : OneLib_LL_ll_isr.obj (.text.llRxEntryDoneEventHandleStateConnection)
                  00007fec    0000023c              : OneLib_Host_Profiles_gattservapp.obj (.text.GATTServApp_ReadAttr)
                  00008228    00000228     nvocmp.o (.text.NVOCMP_addItem)
                  00008450    00000220     secure_drivers_cc23x0r5.a : AESCCMLPF3.c.obj (.text.AESCCMLPF3_processSegmentedCBCMAC)
                  00008670    0000020c     rcl_cc23x0r5.a : adc_noise.c.obj (.text.RCL_Handler_ADC_Noise_getNoise)
                  0000887c    00000200                    : RCL.c.obj (.text.rclCommandHwi)
                  00008a7c    000001f8     OneLib.a : OneLib_LL_ll.obj (.text.LE_SetExtAdvEnable)
                  00008c74    000001f4              : OneLib_Host_SM_sm_rsppairing.obj (.text.smResponderSendNextKeyInfo)
                  00008e68    000001ec     rcl_cc23x0r5.a : LRFCC23X0.c.obj (.text.LRF_setupRadio)
                  00009054    000001ea     OneLib.a : OneLib_LL_ll_common.obj (.text.llSelectConn)
                  0000923e    00000002     ti_drivers_config.o (.text.Board_initHook)
                  00009240    000001e4     ecc.a : scalarMul.c.obj (.text.INVERT)
                  00009424    000001e4     OneLib.a : OneLib_Host_SM_sm_pairing.obj (.text.smSavePairInfo)
                  00009608    000001d4              : OneLib_LL_ll_scheduler.obj (.text.llFindNextSecTask)
                  000097dc    000001d4     ti_freertos_config.o (.text.mq_open)
                  000099b0    000001c4     secure_drivers_cc23x0r5.a : AESCMACLPF3.c.obj (.text.AESCMACLPF3_startOperation)
                  00009b74    000001c4     OneLib.a : OneLib_Host_GAP_gap_advertiser.obj (.text.GapAdv_create)
                  00009d38    000001a8     secure_drivers_cc23x0r5.a : ECDHLPF3SW.c.obj (.text.ECDH_computeSharedSecret)
                  00009ee0    000001a8     ecc.a : scalarMul.c.obj (.text.JACADD)
                  0000a088    000001a8     OneLib.a : OneLib_Host_GAP_gap_advertiser.obj (.text.gapAdv_controllerCb)
                  0000a230    000001a8              : OneLib_LL_ll_scheduler.obj (.text.llSchedulerSecondaryTasksConn)
                  0000a3d8    000001a4     ecc.a : scalarMul25519.c.obj (.text.X25519_core)
                  0000a57c    0000019c     OneLib.a : OneLib_LL_ll_common.obj (.text.llCalcConnMaxTimeLength)
                  0000a718    0000019c              : OneLib_Host_SM_sm_task.obj (.text.smProcessHCIBLEMetaEventCode)
                  0000a8b4    00000198              : OneLib_LL_ll_adv_end_causes.obj (.text.llExtAdv_PostProcess)
                  0000aa4c    00000190     StackWrapper.a : StackWrapper_OSAL_osal.obj (.text.osal_run_system)
                  0000abdc    00000188     OneLib.a : OneLib_LL_ll_scheduler.obj (.text.llScheduler)
                  0000ad64    00000184     secure_drivers_cc23x0r5.a : AESCCMLPF3.c.obj (.text.AESCCMLPF3_hwiFxn)
                  0000aee8    00000182                               : AESCCMLPF3.c.obj (.text.AESCCMLPF3_oneStepOperation)
                  0000b06a    00000002     ble_user_config.o (.text.DefaultAssertCback)
                  0000b06c    00000180     OneLib.a : OneLib_Host_L2CAP_l2cap_task.obj (.text.l2capProcessReq)
                  0000b1ec    00000180              : OneLib_Host_SM_sm_mgr.obj (.text.sm_f5)
                  0000b36c    0000017c     StackWrapper.a : StackWrapper_Host_gapbondmgr.obj (.text.gapBondMgrAuthenticate)
                  0000b4e8    00000178     OneLib.a : OneLib_LL_ll_adv_end_causes.obj (.text.llAdv_TaskConnect)
                  0000b660    00000178              : OneLib_LL_ll_common.obj (.text.llGetNextConn)
                  0000b7d8    00000174     nvocmp.o (.text.NVOCMP_findItem)
                  0000b94c    00000170     OneLib.a : OneLib_Host_GATT_gatt_server.obj (.text.gattServerProcessMsgCB)
                  0000babc    00000168              : OneLib_Host_GAP_gap_advertiser.obj (.text.GapAdv_enable)
                  0000bc24    00000168              : OneLib_LL_ll.obj (.text.LL_AddDeviceToResolvingList)
                  0000bd8c    00000164              : OneLib_LL_ll_isr.obj (.text.LL_rclAdvRxEntryDone)
                  0000bef0    0000015c              : OneLib_Host_Profiles_gattservapp.obj (.text.gattServApp_ProcessReadByTypeReq)
                  0000c04c    00000158              : OneLib_LL_ll_common.obj (.text.llConnCleanup)
                  0000c1a4    00000154              : OneLib_LL_ll.obj (.text.LL_Init)
                  0000c2f8    00000154     secure_drivers_cc23x0r5.a : RNGLPF3RF.c.obj (.text.RNGLPF3RF_getValidatedNumber)
                  0000c44c    00000148     StackWrapper.a : StackWrapper_Host_gapbondmgr.obj (.text.gapBondMgrSaveBond)
                  0000c594    00000146     OneLib.a : OneLib_LL_ll_common.obj (.text.llCombinePDU)
                  0000c6da    00000002     secure_drivers_cc23x0r5.a : ECDHLPF3SW.c.obj (.text.ECDH_init)
                  0000c6dc    00000144     OneLib.a : OneLib_Host_GAP_gap_task.obj (.text.gapProcessBLEEvents)
                  0000c820    00000144     ti_freertos_config.o (.text.prvTimerTask)
                  0000c964    00000140     drivers_cc23x0r5.a : NVSLPF3.c.obj (.text.NVSLPF3_write)
                  0000caa4    00000140     rcl_cc23x0r5.a : RCL.c.obj (.text.rclStop)
                  0000cbe4    00000138                    : RCL_Scheduler.c.obj (.text.rclSchedulerProcessCmdStartStopTime)
                  0000cd1c    00000134     ecc.a : ECCSW.c.obj (.text.ECCSW_validatePublicKeyWeierstrass)
                  0000ce50    00000134     OneLib.a : OneLib_LL_ll.obj (.text.LL_Reset)
                  0000cf84    00000130              : OneLib_LL_ll_scheduler.obj (.text.llCheckIsSecTaskCollideWithPrimTaskInLsto)
                  0000d0b4    00000130              : OneLib_Host_SM_sm_mgr.obj (.text.sm_CMAC)
                  0000d1e4    0000012c              : OneLib_Host_L2CAP_l2cap_task.obj (.text.l2capProcessRsp)
                  0000d310    00000128     sscp.o (.text.SSCP_decodePacket)
                  0000d438    00000128     StackWrapper.a : StackWrapper_Host_gapbondmgr.obj (.text.gapBondMgrEraseBonding)
                  0000d560    00000128     ti_freertos_config.o (.text.xQueueSemaphoreTake)
                  0000d688    00000124     OneLib.a : OneLib_LL_ll_scheduler.obj (.text.llExtAdvSchedSetup)
                  0000d7ac    00000124              : OneLib_Host_SM_sm_rsppairing.obj (.text.smResponderProcessLTKReq)
                  0000d8d0    00000120     secure_drivers_cc23x0r5.a : ECDHLPF3SW.c.obj (.text.ECDH_generatePublicKey)
                  0000d9f0    00000120     StackWrapper.a : StackWrapper_OSAL_osal_timers.obj (.text.osalTimerUpdate)
                  0000db10    0000011c     OneLib.a : OneLib_HCI_hci_event.obj (.text.LL_EnhancedConnectionCompleteCback)
                  0000dc2c    0000011c              : OneLib_LL_ll_scheduler.obj (.text.llFindStartType)
                  0000dd48    0000011c              : OneLib_LL_ll_isr.obj (.text.llLastCmdDoneEventHandleConnectRequest)
                  0000de64    00000118              : OneLib_LL_ll.obj (.text.LL_ConnUpdate)
                  0000df7c    00000116     icall_POSIX.o (.text.ICall_waitMatch)
                  0000e092    00000002     rom_init.o (.text.MAP_Handover_ApplyCnData)
                  0000e094    00000114     OneLib.a : OneLib_LL_ll_ae.obj (.text.llFindNextAdvSet)
                  0000e1a8    00000110              : OneLib_Host_SM_sm_rsppairing.obj (.text.smpResponderProcessPairingRandom)
                  0000e2b8    0000010e     secure_drivers_cc23x0r5.a : AESCTRDRBGXX.c.obj (.text.AESCTRDRBG_getRandomBytes)
                  0000e3c6    00000002     rom_init.o (.text.MAP_L2CAP_HandoverInitSN)
                  0000e3c8    0000010c     rcl_cc23x0r5.a : ble5.c.obj (.text.RCL_Handler_BLE5_updateTxBuffers)
                  0000e4d4    00000108     OneLib.a : OneLib_LL_ll_al.obj (.text.AL_AddEntry)
                  0000e5dc    00000108              : OneLib_Host_GAP_gap_linkmgr.obj (.text.gapPairingCompleteCB)
                  0000e6e4    00000108     ti_freertos_config.o (.text.prvAddNewTaskToReadyList)
                  0000e7ec    00000104     rcl_cc23x0r5.a : ble5.c.obj (.text.RCL_Handler_BLE5_getAuxPtrFromTxBuffer)
                  0000e8f0    00000104     ecc.a : scalarMul.c.obj (.text.SCALARMUL_init)
                  0000e9f4    00000104     OneLib.a : OneLib_Host_SM_sm_mgr.obj (.text.sm_f6)
                  0000eaf8    00000100     secure_drivers_cc23x0r5.a : AESCTRDRBGXX.c.obj (.text.AESCTRDRBG_reseed)
                  0000ebf8    00000100     dev_info_service.o (.text.DevInfo_setParameter)
                  0000ecf8    00000100     sscp.o (.text.SSCP_process)
                  0000edf8    00000100     OneLib.a : OneLib_Host_GATT_gatt_server.obj (.text.gattProcessFindInfoReq)
                  0000eef8    00000100     rcl_cc23x0r5.a : RCL.c.obj (.text.rclSchedulerHwi)
                  0000eff8    000000fc     secure_drivers_cc23x0r5.a : AESCTRDRBGXX.c.obj (.text.AESCTRDRBG_construct)
                  0000f0f4    000000fc     OneLib.a : OneLib_LL_ll_privacy.obj (.text.LL_PRIV_ValidatePrivacyCompliance)
                  0000f1f0    000000fc              : OneLib_LL_ll_common.obj (.text.llProcessAdvAddrResolutionTimeout)
                  0000f2ec    000000f8     drivers_cc23x0r5.a : PowerCC23X0.c.obj (.text.PowerCC23X0_oscillatorISR)
                  0000f3e4    000000f8     ti_freertos_config.o (.text.xTaskIncrementTick)
                  0000f4dc    000000f4     OneLib.a : OneLib_Host_GAP_gap_advertiser.obj (.text.GapAdv_loadByHandle)
                  0000f5d0    000000f4              : OneLib_LL_ll_ae.obj (.text.LE_AE_SetData)
                  0000f6c4    000000f4     ti_freertos_config.o (.text.PowerCC23X0_standbyPolicy)
                  0000f7b8    000000f4     StackWrapper.a : StackWrapper_Host_gapbondmgr.obj (.text.gapBondMgrUpdateCharCfg)
                  0000f8ac    000000f4     OneLib.a : OneLib_Host_SM_sm_rsppairing.obj (.text.smpResponderProcessIncoming)
                  0000f9a0    000000f0     nvocmp.o (.text.NVOCMP_cleanPage)
                  0000fa90    000000f0     ecc.a : scalarMul.c.obj (.text.SCALARMUL_final)
                  0000fb80    000000f0     OneLib.a : OneLib_Host_SM_sm_mgr.obj (.text.SM_VerifyAuthenSig)
                  0000fc70    000000f0              : OneLib_Host_SM_sm_mgr.obj (.text.sm_c1new)
                  0000fd60    000000f0     ti_freertos_config.o (.text.xTaskResumeAll)
                  0000fe50    000000ec     secure_drivers_cc23x0r5.a : AESCCMLPF3.c.obj (.text.AESCCMLPF3_processOneStepCBCMACPolling)
                  0000ff3c    000000ec     drivers_cc23x0r5.a : PowerCC23X0.c.obj (.text.Power_init)
                  00010028    000000ec     rcl_cc23x0r5.a : ble5.c.obj (.text.RCL_Handler_BLE5_updateAuxPtr)
                  00010114    000000ec     OneLib.a : OneLib_LL_ll_common.obj (.text.llConnExists)
                  00010200    000000ec              : OneLib_Host_SM_sm_pairing.obj (.text.sm_c1)
                  000102ec    000000e8              : OneLib_Host_ATT_att_util.obj (.text.attSendMsg)
                  000103d4    000000e8              : OneLib_LL_ll_ae.obj (.text.llAddAdvSortedEntry)
                  000104bc    000000e8              : OneLib_Host_GAP_gap_linkmgr.obj (.text.sendAuthEvent)
                  000105a4    000000e8     ti_freertos_config.o (.text.xQueueGenericSend)
                  0001068c    000000e4     bleapputil_task.o (.text.BLEAppUtil_Task)
                  00010770    000000e4     bleapputil_process.o (.text.BLEAppUtil_convertGAPEvents)
                  00010854    000000e4     OneLib.a : OneLib_Host_GATT_gatt_task.obj (.text.GATT_ProcessEvent)
                  00010938    000000e4              : OneLib_Host_SM_sm_pairing.obj (.text.SM_PasskeyUpdate)
                  00010a1c    000000e4              : OneLib_Host_Profiles_gapgattserver.obj (.text.ggs_ReadAttrCB)
                  00010b00    000000e4              : OneLib_LL_ll_common.obj (.text.llSetupConnCmd)
                  00010be4    000000e4     ecc.a : lowlevelapi.c.obj (.text.mSET)
                  00010cc8    000000e4     ti_freertos_config.o (.text.xQueueReceive)
                  00010dac    000000e0     OneLib.a : OneLib_LL_ll.obj (.text.LL_TxData)
                  00010e8c    000000e0              : OneLib_LL_ll_data.obj (.text.llDynamicAlloc_connectable)
                  00010f6c    000000e0              : OneLib_Host_SM_sm_mgr.obj (.text.sm_f4)
                  0001104c    000000e0              : OneLib_Host_SM_sm_mgr.obj (.text.sm_g2)
                  0001112c    000000dc              : OneLib_Host_GATT_gatt_server.obj (.text.GATT_SendRsp)
                  00011208    000000dc              : OneLib_LL_ll_common.obj (.text.llPeriSetupConnWindow)
                  000112e4    000000d8     app_connection.o (.text.Connection_ConnEventHandler)
                  000113bc    000000d8     drivers_cc23x0r5.a : GPIOLPF3.c.obj (.text.GPIO_init)
                  00011494    000000d8     OneLib.a : OneLib_Host_Profiles_gattservapp.obj (.text.gattServApp_HandleConnStatusCB)
                  0001156c    000000d8              : OneLib_LL_ll_scheduler.obj (.text.llAllocTask)
                  00011644    000000d8              : OneLib_LL_ll_common.obj (.text.llSendConnEvtCallback)
                  0001171c    000000d8     ti_freertos_config.o (.text.pthread_create)
                  000117f4    000000d8     ti_freertos_config.o (.text.pvPortMalloc)
                  000118cc    000000d8     rcl_cc23x0r5.a : RCL.c.obj (.text.rclDispatchHwi)
                  000119a4    000000d8     ble_user_config.o (.text.setBleUserConfig)
                  00011a7c    000000d8     OneLib.a : OneLib_Host_SM_sm_pairing.obj (.text.smProcessDataMsg)
                  00011b54    000000d4     simple_gatt_profile.o (.text.SimpleGattProfile_writeAttrCB)
                  00011c28    000000d4     OneLib.a : OneLib_LL_ll_data.obj (.text.llDynamicAlloc)
                  00011cfc    000000d0              : OneLib_Host_GATT_gatt_server.obj (.text.GATT_RegisterService)
                  00011dcc    000000d0     sscp.o (.text.SSCP_encodePacket)
                  00011e9c    000000d0     OneLib.a : OneLib_Host_Profiles_gapgattserver.obj (.text.ggs_WriteAttrCB)
                  00011f6c    000000d0              : OneLib_Host_SM_sm_pairing.obj (.text.smGenerateAddrInput)
                  0001203c    000000cc     secure_drivers_cc23x0r5.a : AESCTRLPF3.c.obj (.text.AESCTRLPF3_startOperation)
                  00012108    000000cc     StackWrapper.a : StackWrapper_Host_gapbondmgr.obj (.text.gapBondMgr_FindAddr)
                  000121d4    000000c8     OneLib.a : OneLib_LL_ll_common.obj (.text.llAlignToNextEvent)
                  0001229c    000000c8     ecc.a : lowlevelapi.c.obj (.text.mINVK)
                  00012364    000000c8     OneLib.a : OneLib_Host_SM_sm_rsppairing.obj (.text.smContPublicKeyExchange)
                  0001242c    000000c4     dev_info_service.o (.text.DevInfo_readAttrCB)
                  000124f0    000000c4     OneLib.a : OneLib_Host_GAP_gap_advertiser.obj (.text.gapAdv_init)
                  000125b4    000000c0     bleapputil_init.o (.text.BLEAppUtil_initGapBondParams)
                  00012674    000000c0     OneLib.a : OneLib_LL_crypto_port_simplelink.obj (.text.CryptoP_RNGInit)
                  00012734    000000c0     main_freertos.o (.text.main)
                  000127f4    000000c0     ti_freertos_config.o (.text.xEventGroupWaitBits)
                  000128b4    000000bc     OneLib.a : OneLib_Host_GAP_gap_linkmgr.obj (.text.GAP_Authenticate)
                  00012970    000000bc              : OneLib_Host_GAP_gap_linkmgr.obj (.text.GAP_UpdateLinkParamReqReply)
                  00012a2c    000000bc              : OneLib_Host_GAP_gap_linkmgr.obj (.text.gapProcessConnectionCompleteEvt)
                  00012ae8    000000bc     StackWrapper.a : StackWrapper_OSAL_osal.obj (.text.osal_set_event)
                  00012ba4    000000bc     OneLib.a : OneLib_Host_SM_sm_rsppairing.obj (.text.smpResponderSendPairRspEvent)
                  00012c60    000000ba     secure_drivers_cc23x0r5.a : AESCMACLPF3.c.obj (.text.AESCMACLPF3_oneStepOperation)
                  00012d1a    00000002     rom_init.o (.text.MAP_gapInit_initiatingEnd)
                  00012d1c    000000b8     StackWrapper.a : StackWrapper_Host_gattservapp_util.obj (.text.GATTServApp_ProcessCharCfg)
                  00012dd4    000000b8     rcl_cc23x0r5.a : RCL.c.obj (.text.RCL_scheduleHook)
                  00012e8c    000000b6     secure_drivers_cc23x0r5.a : AESCTRLPF3.c.obj (.text.AESCTRLPF3_oneStepOperation)
                  00012f42    00000002     rom_init.o (.text.MAP_gapInit_sendConnCancelledEvt)
                  00012f44    000000b4     nvocmp.o (.text.NVOCMP_erase)
                  00012ff8    000000b4     OneLib.a : OneLib_Host_L2CAP_l2cap_util.obj (.text.l2capDisconnectAllChannels)
                  000130ac    000000b4              : OneLib_LL_ll_adv_end_causes.obj (.text.llAdvSetPhyAndTxPowerInConn)
                  00013160    000000b4     ti_freertos_config.o (.text.xTaskRemoveFromEventList)
                  00013214    000000b2     main_freertos.o (.text.AssertHandler)
                  000132c6    00000002     rom_init.o (.text.MAP_gapScan_processSessionEndEvt)
                  000132c8    000000b0     StackWrapper.a : StackWrapper_Host_gapbondmgr.obj (.text.GAPBondMgr_Init)
                  00013378    000000b0     OneLib.a : OneLib_Host_L2CAP_l2cap_task.obj (.text.L2CAP_Init)
                  00013428    000000b0              : OneLib_Host_SM_sm_mgr.obj (.text.SM_GenerateAuthenSig)
                  000134d8    000000b0              : OneLib_LL_ll_data.obj (.text.llDynamicFree)
                  00013588    000000ac              : OneLib_Host_GATT_gatt_server.obj (.text.GATT_Indication)
                  00013634    000000ac              : OneLib_Host_SM_sm_task.obj (.text.SM_ProcessEvent)
                  000136e0    000000ac     simple_gatt_profile.o (.text.SimpleGattProfile_readAttrCB)
                  0001378c    000000ac     StackWrapper.a : StackWrapper_Host_gapbondmgr.obj (.text.gapBondMgrEraseLocalInfo)
                  00013838    000000ac                    : StackWrapper_Host_gapbondmgr.obj (.text.gapBondMgr_syncResolvingList)
                  000138e4    000000ac     OneLib.a : OneLib_Host_GAP_gap_task.obj (.text.gapProcessHCICmdCompleteEvt)
                  00013990    000000ac              : OneLib_Host_SM_sm_mgr.obj (.text.generate_subkey)
                  00013a3c    000000ac              : OneLib_LL_ll_common.obj (.text.llFindNextConn)
                  00013ae8    000000a8     secure_drivers_cc23x0r5.a : AESECBLPF3.c.obj (.text.AESECBLPF3_startOperation)
                  00013b90    000000a8     OneLib.a : OneLib_LL_ll.obj (.text.LL_EXT_GetConnInfo)
                  00013c38    000000a8              : OneLib_HCI_hci_data.obj (.text.LL_RxDataCompleteCback)
                  00013ce0    000000a8              : OneLib_Host_GAP_linkdb.obj (.text.linkDB_Add)
                  00013d88    000000a8              : OneLib_LL_ll_scheduler.obj (.text.llScheduleTask)
                  00013e30    000000a4     secure_drivers_cc23x0r5.a : AESCCMLPF3.c.obj (.text.AESCCMLPF3_processSegmentedCTR)
                  00013ed4    000000a4     OneLib.a : OneLib_LL_ll_ae.obj (.text.LL_GetAdvSet)
                  00013f78    000000a4     drivers_cc23x0r5.a : PowerCC23X0.c.obj (.text.PowerCC23X0_lfxtQual)
                  0001401c    000000a4                        : PowerCC23X0.c.obj (.text.PowerLPF3_sleep)
                  000140c0    000000a4     sscp.o (.text.SSCP_handleRxByte)
                  00014164    000000a4     StackWrapper.a : StackWrapper_Host_gapbondmgr.obj (.text.gapBondStateStartSecurity)
                  00014208    000000a4     OneLib.a : OneLib_Host_L2CAP_l2cap_util.obj (.text.l2capAllocChannel)
                  000142ac    000000a4              : OneLib_Host_SM_sm_pairing.obj (.text.smF5Wrapper)
                  00014350    000000a4              : OneLib_Host_SM_sm_pairing.obj (.text.smProcessEncryptChange)
                  000143f4    000000a2              : OneLib_Host_GATT_gatt_server.obj (.text.GATT_VerifyWritePermissions)
                  00014496    00000002     rom_init.o (.text.MAP_gap_CentConnRegister)
                  00014498    000000a2     libclang_rt.builtins.a : udivmoddi4.S.obj (.text)
                  0001453a    00000002     rom_init.o (.text.MAP_l2capDisconnectChannel)
                  0001453c    000000a0     OneLib.a : OneLib_Host_GATT_gatt_client.obj (.text.GATT_InitClient)
                  000145dc    000000a0     StackWrapper.a : StackWrapper_OSAL_osal_bufmgr.obj (.text.osal_bm_free)
                  0001467c    000000a0     rcl_cc23x0r5.a : RCL_Scheduler.c.obj (.text.rclSchedulerCancelStopTime)
                  0001471c    0000009c     OneLib.a : OneLib_LL_crypto_port_simplelink.obj (.text.CryptoP_AESInit)
                  000147b8    0000009c              : OneLib_Host_GAP_gap_linkmgr.obj (.text.GAP_Bond)
                  00014854    0000009c     rcl_cc23x0r5.a : LRF.c.obj (.text.LRF_TxPowerTable_findValue)
                  000148f0    0000009c     StackWrapper.a : StackWrapper_OSAL_osal_cbtimer.obj (.text.cbTimerSetup)
                  0001498c    0000009c     drivers_cc23x0r5.a : NVSLPF3.c.obj (.text.doErase)
                  00014a28    0000009c     OneLib.a : OneLib_LL_ll_common.obj (.text.llInitFeatureSet)
                  00014ac4    0000009c              : OneLib_Host_SM_sm_pairing.obj (.text.smGetECCKeys)
                  00014b60    00000098     StackWrapper.a : StackWrapper_Host_gap.obj (.text.GAP_DeviceInit)
                  00014bf8    00000098     rcl_cc23x0r5.a : RCL_Buffer.c.obj (.text.RCL_MultiBuffer_RxEntry_next)
                  00014c90    00000098     OneLib.a : OneLib_Host_Profiles_gattservapp.obj (.text.gattServApp_SetNumPrepareWrites)
                  00014d28    00000098              : OneLib_LL_ll_scheduler.obj (.text.llFreeTask)
                  00014dc0    00000098              : OneLib_LL_ll_common.obj (.text.llProcessTxData)
                  00014e58    00000094              : OneLib_Host_Profiles_gattservapp.obj (.text.GATTServApp_Init)
                  00014eec    00000094              : OneLib_HCI_hci_event.obj (.text.HCI_CommandCompleteEvent)
                  00014f80    00000094     icall_POSIX.o (.text.ICall_send)
                  00015014    00000094     drivers_cc23x0r5.a : NVSLPF3.c.obj (.text.NVSLPF3_open)
                  000150a8    00000094     rcl_cc23x0r5.a : RCL_Scheduler.c.obj (.text.RCL_Scheduler_setStopTimes)
                  0001513c    00000094     OneLib.a : OneLib_Host_SM_sm_pairing.obj (.text.SM_StartPairing)
                  000151d0    00000094     ecc.a : scalarMul.c.obj (.text.SQUAREMULTIPLYWORD)
                  00015264    00000094     simple_gatt_profile.o (.text.SimpleGattProfile_setParameter)
                  000152f8    00000094     OneLib.a : OneLib_LL_ll_common.obj (.text.llReleaseConnId)
                  0001538c    00000092              : OneLib_LL_ll_common.obj (.text.llApplyParamUpdate)
                  0001541e    00000092              : OneLib_LL_ll_common.obj (.text.llValidateConnParams)
                  000154b0    00000092     driverlib.a : aes_ticlang.s.obj (.text)
                  00015542    00000002     rom_init.o (.text.MAP_l2capGetCoChannelInfo)
                  00015544    00000090     secure_drivers_cc23x0r5.a : AESCMACLPF3.c.obj (.text.AESCMACLPF3_getResult)
                  000155d4    00000090     OneLib.a : OneLib_Host_L2CAP_l2cap_if.obj (.text.L2CAP_SendData)
                  00015664    00000090              : OneLib_LL_ll.obj (.text.LE_SetExtAdvParamsAdvConn)
                  000156f4    00000090     rcl_cc23x0r5.a : RCL_Buffer.c.obj (.text.RCL_MultiBuffer_RxEntry_get)
                  00015784    00000090     OneLib.a : OneLib_Host_Profiles_gattservapp.obj (.text.gattServApp_EnqueueReTx)
                  00015814    00000090              : OneLib_Host_L2CAP_l2cap_util.obj (.text.l2capEncapSendData)
                  000158a4    00000090              : OneLib_Host_L2CAP_l2cap_util.obj (.text.l2capSendReq)
                  00015934    00000090              : OneLib_LL_ll_scheduler.obj (.text.llLinkSchedSetup)
                  000159c4    00000090              : OneLib_LL_ll_ble.obj (.text.llManageControlPacketQueue)
                  00015a54    00000090              : OneLib_LL_ll_common.obj (.text.llRclUpdateFilterList)
                  00015ae4    00000090     StackWrapper.a : StackWrapper_OSAL_osal_cbtimer.obj (.text.osal_CbTimerProcessEvent)
                  00015b74    00000090     ti_freertos_config.o (.text.vTaskDelete)
                  00015c04    00000090     ti_freertos_config.o (.text.vTaskRemoveFromUnorderedEventList)
                  00015c94    00000090     ti_freertos_config.o (.text.vTaskSuspend)
                  00015d24    00000090     ti_freertos_config.o (.text.xQueueGenericReset)
                  00015db4    00000090     ecc.a : lowlevelapi.c.obj (.text.zSUB)
                  00015e44    0000008c     OneLib.a : OneLib_Host_Profiles_gattservapp.obj (.text.GATTServApp_WriteAttr)
                  00015ed0    0000008c              : OneLib_Host_GATT_gatt_server.obj (.text.GATT_FindNextAttr)
                  00015f5c    0000008c              : OneLib_Host_GATT_gatt_client.obj (.text.gattClientHandleConnStatusCB)
                  00015fe8    0000008c              : OneLib_Host_GATT_gatt_server.obj (.text.gattServerHandleConnStatusCB)
                  00016074    0000008c     StackWrapper.a : StackWrapper_OSAL_osal.obj (.text.osal_msg_enqueue_push)
                  00016100    0000008c     OneLib.a : OneLib_Host_SM_sm_pairing.obj (.text.smUpdateEncInfo)
                  0001618c    0000008c     ti_freertos_config.o (.text.xTaskPriorityInherit)
                  00016218    0000008a     main_freertos.o (.text.led0_register_callback)
                  000162a2    0000008a     main_freertos.o (.text.led1_register_callback)
                  0001632c    00000088     secure_drivers_cc23x0r5.a : AESCTRLPF3.c.obj (.text.AESCTRLPF3_processData)
                  000163b4    00000088     OneLib.a : OneLib_Host_GATT_gatt_task.obj (.text.GATT_bm_alloc)
                  0001643c    00000088     nvocmp.o (.text.NVOCMP_getDstPage)
                  000164c4    00000088     rcl_cc23x0r5.a : RCL_AdcNoise.c.obj (.text.RCL_AdcNoise_get_samples_blocking)
                  0001654c    00000088     StackWrapper.a : StackWrapper_Host_gapbondmgr.obj (.text.gapBondMgr_ServiceChangeInd)
                  000165d4    00000088                    : StackWrapper_ICallBLE_ble_dispatch_lite.obj (.text.icall_liteTranslation)
                  0001665c    00000088     OneLib.a : OneLib_Host_L2CAP_l2cap_task.obj (.text.l2capProcessSignal)
                  000166e4    00000088              : OneLib_LL_ll_common.obj (.text.llCBTimer_AptoExpiredCback)
                  0001676c    00000088              : OneLib_LL_ll_common.obj (.text.llVerifyConnParamReqParams)
                  000167f4    00000088              : OneLib_Host_SM_sm_rsppairing.obj (.text.smpResponderProcessPairingConfirm)
                  0001687c    00000004              : OneLib_Host_ATT_att_util.obj (.text.ATT_BuildReadBlobRsp)
                  00016880    00000088     libc.a : strcmp-armv6m.S.obj (.text:strcmp)
                  00016908    00000086     OneLib.a : OneLib_LL_ll.obj (.text.LL_RemoteConnParamReqReply)
                  0001698e    00000086              : OneLib_LL_ll_common.obj (.text.llWriteTxData)
                  00016a14    00000086              : OneLib_Host_SMP_smp.obj (.text.smpParsePairingReq)
                  00016a9a    00000002     rom_init.o (.text.MAP_l2capNotifyChannelEstEvt)
                  00016a9c    00000084     bleapputil_init.o (.text.BLEAppUtil_initGatt)
                  00016b20    00000084     OneLib.a : OneLib_Host_L2CAP_l2cap_task.obj (.text.L2CAP_ProcessEvent)
                  00016ba4    00000084              : OneLib_LL_ll_privacy.obj (.text.LL_PRIV_FindPeerInRL)
                  00016c28    00000084     StackWrapper.a : StackWrapper_Host_gattservapp_util.obj (.text.gattServApp_SendNotiInd)
                  00016cac    00000084     OneLib.a : OneLib_LL_ll_ae.obj (.text.llFindNextSecCmd)
                  00016d30    00000084     ti_freertos_config.o (.text.memalign)
                  00016db4    00000084     rcl_cc23x0r5.a : RCL_Scheduler.c.obj (.text.rclSchedulerSetNewStopTime)
                  00016e38    00000084     OneLib.a : OneLib_Host_SM_sm_pairing.obj (.text.smGenerateDHKeyCheck)
                  00016ebc    00000084              : OneLib_Host_SMP_smp.obj (.text.smpBuildPairingReqRsp)
                  00016f40    00000080     secure_drivers_cc23x0r5.a : AESCTRLPF3.c.obj (.text.AESCTRLPF3_hwiFxn)
                  00016fc0    00000080     OneLib.a : OneLib_LL_crypto_port_simplelink.obj (.text.CryptoP_ECDHGenerateDHKey)
                  00017040    00000080              : OneLib_LL_ll.obj (.text.LL_EXT_GetActiveConnInfo)
                  000170c0    00000080              : OneLib_Host_Profiles_gattservapp.obj (.text.gattServApp_buildReadByTypeRsp)
                  00017140    00000080              : OneLib_LL_ll_common.obj (.text.llPeriSetConnChannelParams)
                  000171c0    00000080              : OneLib_LL_ll_common.obj (.text.llReplaceCtrlPkt)
                  00017240    00000080              : OneLib_LL_ll_ble.obj (.text.llReplaceRxBuffers)
                  000172c0    00000080     ti_freertos_config.o (.text.prvAddCurrentTaskToDelayedList)
                  00017340    00000080     ti_freertos_config.o (.text.vTaskSwitchContext)
                  000173c0    00000080     ecc.a : lowlevelapi.c.obj (.text.zMACC32)
                  00017440    0000007e           : scalarMul25519.c.obj (.text.X25519_final)
                  000174be    00000002     rom_init.o (.text.MAP_l2capNotifyChannelTermEvt)
                  000174c0    0000007c     ti_freertos_config.o (.text.ClockP_startup)
                  0001753c    0000007c     StackWrapper.a : StackWrapper_Host_gapbondmgr.obj (.text.GAPBondMgr_checkRandomAddr)
                  000175b8    0000007c     OneLib.a : OneLib_Host_Profiles_gattservapp.obj (.text.GATTServApp_RegisterService)
                  00017634    0000007c              : OneLib_Host_GATT_gatt_server.obj (.text.GATT_Notification)
                  000176b0    0000007c              : OneLib_Host_L2CAP_l2cap_if.obj (.text.L2CAP_ConnParamUpdateReq)
                  0001772c    0000007c              : OneLib_LL_ll_isr.obj (.text.LL_rclPeripheralCallback)
                  000177a8    0000007c     StackWrapper.a : StackWrapper_Host_gapbondmgr.obj (.text.gapBondMgr_SyncCharCfg)
                  00017824    0000007c     OneLib.a : OneLib_Host_GAP_gap_linkmgr.obj (.text.gapProcessDisconnectCompleteEvt)
                  000178a0    0000007c              : OneLib_Host_GAP_gap_task.obj (.text.gapProcessOSALMsg)
                  0001791c    0000007c              : OneLib_Host_L2CAP_l2cap_task.obj (.text.l2capProcessRxData)
                  00017998    0000007c     drivers_cc23x0r5.a : TemperatureLPF3.c.obj (.text.temperatureEventCb)
                  00017a14    0000007c     ti_freertos_config.o (.text.xQueueGenericSendFromISR)
                  00017a90    0000007c     libc.a : copy_decompress_lzss.c.obj (.text:decompress:lzss)
                  00017b0c    0000007a     ecc.a : ECCSW.c.obj (.text.ECCSW_validatePrivateKeyWeierstrass)
                  00017b86    0000007a     OneLib.a : OneLib_Host_GATT_gatt_client.obj (.text.gattResetClientInfo)
                  00017c00    0000007a              : OneLib_LL_ll_common.obj (.text.llFragmentPDU)
                  00017c7a    00000078     secure_drivers_cc23x0r5.a : AESECBLPF3.c.obj (.text.AESECB_oneStepEncrypt)
                  00017cf2    00000002     rom_init.o (.text.MAP_l2capProcessConnectReq)
                  00017cf4    00000078     bleapputil_process.o (.text.BLEAppUtil_isStackEventRequired)
                  00017d6c    00000078     ti_freertos_config.o (.text.ClockP_hwiCallback)
                  00017de4    00000078     OneLib.a : OneLib_LL_crypto_port_simplelink.obj (.text.CryptoP_ECDHGenerateKeyPair)
                  00017e5c    00000078              : OneLib_Host_GATT_gatt_server.obj (.text.GATT_ServiceChangedInd)
                  00017ed4    00000078     drivers_cc23x0r5.a : GPIOLPF3.c.obj (.text.GPIO_setConfigAndMux)
                  00017f4c    00000078     ti_freertos_config.o (.text.HwiP_construct)
                  00017fc4    00000078     icall_POSIX.o (.text.ICall_setTimer)
                  0001803c    00000078     OneLib.a : OneLib_LL_ll_enc.obj (.text.LL_ENC_Decrypt)
                  000180b4    00000078              : OneLib_LL_ll.obj (.text.LL_EXT_SetMaxDataLen)
                  0001812c    00000078     nvocmp.o (.text.NVOCMP_writeItemApi)
                  000181a4    00000078     rcl_cc23x0r5.a : RCL_Scheduler.c.obj (.text.RCL_Scheduler_findStopStatus)
                  0001821c    00000078     app_simple_gatt.o (.text.SimpleGatt_start)
                  00018294    00000078     OneLib.a : OneLib_Host_GAP_gap_perilinkmgr.obj (.text.gapPeriProcessSignalEvt)
                  0001830c    00000078              : OneLib_Host_GAP_gap_task.obj (.text.gapProcessCommandStatusEvt)
                  00018384    00000078     rcl_cc23x0r5.a : hal_cc23x0.c.obj (.text.hal_init_fsm)
                  000183fc    00000078     StackWrapper.a : StackWrapper_OSAL_osal.obj (.text.osal_init_system)
                  00018474    00000078                    : StackWrapper_OSAL_osal.obj (.text.osal_msg_receive)
                  000184ec    00000078     rcl_cc23x0r5.a : RCL_Scheduler.c.obj (.text.rclSchedulerFindEarliestStopTime)
                  00018564    00000078     OneLib.a : OneLib_Host_GAP_gap_linkmgr.obj (.text.sendEstLinkEvent)
                  000185dc    00000078     driverlib.a : udma.c.obj (.text.uDMASetChannelTransfer)
                  00018654    00000078     ti_freertos_config.o (.text.xEventGroupSetBits)
                  000186cc    00000078     ti_freertos_config.o (.text.xQueueReceiveFromISR)
                  00018744    00000076     secure_drivers_cc23x0r5.a : AESCTRDRBGXX.c.obj (.text.AESCTRDRBGXX_updateState)
                  000187ba    00000076     ti_freertos_config.o (.text.prvCopyDataToQueue)
                  00018830    00000074     OneLib.a : OneLib_LL_crypto_port_simplelink.obj (.text.CryptoP_AESCCM)
                  000188a4    00000074              : OneLib_Host_L2CAP_l2cap_util.obj (.text.l2capSendCmd)
                  00018918    00000074              : OneLib_LL_ll_common.obj (.text.llIsThereACollisionBetweenConn)
                  0001898c    00000074     ti_freertos_config.o (.text.prvUnlockQueue)
                  00018a00    00000074     OneLib.a : OneLib_Host_SM_sm_pairing.obj (.text.smOobSCAuthentication)
                  00018a74    00000072              : OneLib_Host_GATT_gatt_server.obj (.text.GATT_VerifyReadPermissions)
                  00018ae6    00000072     osal_icall_ble.o (.text.osalInitTasks)
                  00018b58    00000070     OneLib.a : OneLib_LL_ll_al.obj (.text.AL_FindEntry)
                  00018bc8    00000070     StackWrapper.a : StackWrapper_Host_gap.obj (.text.GAP_DeviceInit_validate_params)
                  00018c38    00000070     OneLib.a : OneLib_Host_GAP_gap_configmgr.obj (.text.GAP_GetDevAddress)
                  00018ca8    00000070              : OneLib_Host_GATT_gatt_server.obj (.text.GATT_FindHandleUUID)
                  00018d18    00000070              : OneLib_Host_GATT_gatt_server.obj (.text.GATT_InitServer)
                  00018d88    00000070              : OneLib_HCI_hci_event.obj (.text.LL_PhyUpdateCompleteEventCback)
                  00018df8    00000070     nvocmp.o (.text.NVOCMP_eraseNvApi)
                  00018e68    00000070     nvocmp.o (.text.NVOCMP_readItemApi)
                  00018ed8    00000070     drivers_cc23x0r5.a : PowerCC23X0.c.obj (.text.PowerCC23X0_startHFXT)
                  00018f48    00000070                        : PowerCC23X0.c.obj (.text.Power_sleep)
                  00018fb8    00000070     OneLib.a : OneLib_Host_SM_sm_rsppairing.obj (.text.SM_ResponderInit)
                  00019028    00000070     StackWrapper.a : StackWrapper_Host_gapbondmgr.obj (.text.gapBondMgrSetStateFlagFromConnhandle)
                  00019098    00000070     OneLib.a : OneLib_Host_L2CAP_l2cap_util.obj (.text.l2capParsePacket)
                  00019108    00000070              : OneLib_Host_L2CAP_l2cap_task.obj (.text.l2capProcessOSALMsg)
                  00019178    00000070              : OneLib_LL_ll_common.obj (.text.llAllocConnection)
                  000191e8    00000070              : OneLib_LL_ll_common.obj (.text.llEstimateConnMinTimeLength)
                  00019258    00000070              : OneLib_LL_ll_common.obj (.text.llPeriSetConnSyncParams)
                  000192c8    00000070     StackWrapper.a : StackWrapper_OSAL_osal.obj (.text.osal_event_send)
                  00019338    00000070     ti_freertos_config.o (.text.prvInitialiseNewTask)
                  000193a8    00000070     OneLib.a : OneLib_Host_SM_sm_pairing.obj (.text.smFreePairingParams)
                  00019418    00000070     ti_freertos_config.o (.text.vTaskPriorityDisinheritAfterTimeout)
                  00019488    0000006c     drivers_cc23x0r5.a : BatMonSupportLPF3.c.obj (.text.BatMonSupportLPF3_init)
                  000194f4    0000006c     secure_drivers_cc23x0r5.a : CryptoUtils.c.obj (.text.CryptoUtils_reverseCopyPad)
                  00019560    0000006c     OneLib.a : OneLib_Host_Profiles_gapgattserver.obj (.text.GGS_SetParameter)
                  000195cc    0000006c              : OneLib_LL_ll.obj (.text.LE_RemoveAdvSet)
                  00019638    0000006c              : OneLib_LL_ll_enc.obj (.text.LL_ENC_Encrypt)
                  000196a4    0000006c              : OneLib_LL_ll_isr.obj (.text.LL_rclAdvCallback)
                  00019710    0000006c     nvocmp.o (.text.NVOCMP_getFreeNvApi)
                  0001977c    0000006c     nvocmp.o (.text.NVOCMP_readHeader)
                  000197e8    0000006c     OneLib.a : OneLib_LL_ll_common.obj (.text.RfBleDpl_setConnPhy)
                  00019854    0000006c              : OneLib_Host_GAP_gap_perilinkmgr.obj (.text.gapPeriProcessConnUpdateCompleteEvt)
                  000198c0    0000006c              : OneLib_Host_GAP_gap_configmgr.obj (.text.gapSendDeviceInitDoneEvent)
                  0001992c    0000006c              : OneLib_Host_GAP_gap_configmgr.obj (.text.gapSetIRK)
                  00019998    0000006c              : OneLib_LL_ll_ae.obj (.text.llCompareSecondaryPrimaryTasksQoSParam)
                  00019a04    0000006c              : OneLib_LL_ll_ble.obj (.text.llSetupConnRxDataEntryQueue)
                  00019a70    0000006c              : OneLib_LL_ll_common.obj (.text.llUpdateRxBuffersForActiveConnections)
                  00019adc    0000006c              : OneLib_LL_ll_ae.obj (.text.llUpdateSortedAdvList)
                  00019b48    0000006c     ti_freertos_config.o (.text.prvCheckForValidListAndQueue)
                  00019bb4    0000006c     ti_freertos_config.o (.text.vPortGetHeapStats)
                  00019c20    00000068     ti_freertos_config.o (.text.ClockP_start)
                  00019c88    00000068     secure_drivers_cc23x0r5.a : ECDHLPF3SW.c.obj (.text.ECDHLPF3SW_getKeyResult)
                  00019cf0    00000068     OneLib.a : OneLib_Host_GAP_gap_task.obj (.text.GAP_ProcessEvent)
                  00019d58    00000068     ecc.a : scalarMul.c.obj (.text.GETDIGITL2R)
                  00019dc0    00000068     icall_POSIX.o (.text.ICall_enrollService)
                  00019e28    00000068     OneLib.a : OneLib_LL_ll_ae.obj (.text.LL_DisableAdvSets)
                  00019e90    00000068              : OneLib_LL_ll_privacy.obj (.text.LL_PRIV_Init)
                  00019ef8    00000068              : OneLib_HCI_hci_event.obj (.text.LL_RemoteConnParamReqCback)
                  00019f60    00000068              : OneLib_LL_ll.obj (.text.LL_WriteDefaultDataLen)
                  00019fc8    00000068     rcl_cc23x0r5.a : LRFCC23X0.c.obj (.text.LRF_setTrimCommon)
                  0001a030    00000068     OneLib.a : OneLib_Host_GAP_gap_linkmgr.obj (.text.gapSendPairingReqEvent)
                  0001a098    00000068              : OneLib_Host_GATT_gatt_client.obj (.text.gattReadByType)
                  0001a100    00000068              : OneLib_Host_GAP_linkdb.obj (.text.linkDB_Authen)
                  0001a168    00000068              : OneLib_Host_GAP_linkdb.obj (.text.linkDB_Init)
                  0001a1d0    00000068              : OneLib_LL_ll_common.obj (.text.llSetNextDataChan)
                  0001a238    00000068     ti_freertos_config.o (.text.mq_send)
                  0001a2a0    00000068     OneLib.a : OneLib_Host_SM_sm_rsppairing.obj (.text.smpResponderProcessCentralID)
                  0001a308    00000068              : OneLib_Host_SM_sm_rsppairing.obj (.text.smpResponderProcessPairingDHKeyCheck)
                  0001a370    00000066              : OneLib_HCI_hci_event_raw.obj (.text.HCI_SendCommandCompleteEvent)
                  0001a3d6    00000002              : common_lib_opt_ctrl_stub_scanner.obj (.text.OPT_LL_DisableScanning)
                  0001a3d8    00000064     secure_drivers_cc23x0r5.a : AESCommonLPF3.c.obj (.text.AESCommonLPF3_construct)
                  0001a43c    00000064     bleapputil_init.o (.text.BLEAppUtil_initHostAdvSet)
                  0001a4a0    00000064     secure_drivers_cc23x0r5.a : CryptoUtils.c.obj (.text.CryptoUtils_copyPad)
                  0001a504    00000064     OneLib.a : OneLib_HCI_hci_event.obj (.text.HCI_VendorSpecifcCommandCompleteEvent)
                  0001a568    00000064     driverlib.a : interrupt.c.obj (.text.IntSetPriority)
                  0001a5cc    00000064     OneLib.a : OneLib_LL_ll.obj (.text.LL_ClearAdvSets)
                  0001a630    00000064              : OneLib_HCI_hci_event.obj (.text.LL_ReadLocalP256PublicKeyCompleteEventCback)
                  0001a694    00000064     rcl_cc23x0r5.a : ble5.c.obj (.text.RCL_Handler_BLE5_findRfFreq)
                  0001a6f8    00000064                    : ble5.c.obj (.text.RCL_Handler_BLE5_updateConnStats)
                  0001a75c    00000064     StackWrapper.a : StackWrapper_Host_gapbondmgr.obj (.text.gapBondStateDoGATTDisc)
                  0001a7c0    00000064     OneLib.a : OneLib_LL_ll_common.obj (.text.llEnqueueCtrlPkt)
                  0001a824    00000064              : OneLib_LL_ll_common.obj (.text.llPeriUpdateConnParamsByInitiatorPhy)
                  0001a888    00000064              : OneLib_LL_ll_scheduler.obj (.text.llScheduler_getHandle)
                  0001a8ec    00000064              : OneLib_LL_ll_ae.obj (.text.llSendAdvSetTermEvent)
                  0001a950    00000064     ti_freertos_config.o (.text.xQueueGiveFromISR)
                  0001a9b4    00000064     ti_freertos_config.o (.text.xTaskCreate)
                  0001aa18    00000062     StackWrapper.a : StackWrapper_Host_gapbondmgr.obj (.text.gapBondMgrBondReq)
                  0001aa7a    00000002     OneLib.a : common_lib_opt_ctrl_stub_initiator.obj (.text.OPT_LL_DisableScanningForInitiator)
                  0001aa7c    00000060     secure_drivers_cc23x0r5.a : AESCMACLPF3.c.obj (.text.AESCMACLPF3_hwiFxn)
                  0001aadc    00000060     OneLib.a : OneLib_Host_ATT_att_util.obj (.text.ATT_ParsePacket)
                  0001ab3c    00000060     bleapputil_task.o (.text.BLEAppUtil_createBLEAppUtilTask)
                  0001ab9c    00000060     ti_freertos_config.o (.text.ClockP_stop)
                  0001abfc    00000060     app_connection.o (.text.Connection_HciGAPEventHandler)
                  0001ac5c    00000060     OneLib.a : OneLib_HCI_hci.obj (.text.HCI_HostNumCompletedPktCmd)
                  0001acbc    00000060     icall_POSIX.o (.text.ICall_sendServiceComplete)
                  0001ad1c    00000060     OneLib.a : OneLib_LL_ll_dfl.obj (.text.LL_DFL_AddEntry)
                  0001ad7c    00000060              : OneLib_LL_ll.obj (.text.LL_EncLtkNegReply)
                  0001addc    00000060     nvocmp.o (.text.NVOCMP_compactNvApi)
                  0001ae3c    00000060     app_pairing.o (.text.Pairing_pairStateHandler)
                  0001ae9c    00000060     rcl_cc23x0r5.a : ble5.c.obj (.text.RCL_BLE5_updateFilterList)
                  0001aefc    00000060     StackWrapper.a : StackWrapper_Host_gapbondmgr.obj (.text.gapBondMgrUpdateLruBondList)
                  0001af5c    00000060                    : StackWrapper_Host_gapbondmgr.obj (.text.gapBondMgr_Pair)
                  0001afbc    00000060     icall_POSIX.o (.text.icall_directAPIva)
                  0001b01c    00000060     OneLib.a : OneLib_LL_ll_common.obj (.text.llDequeueCtrlPkt)
                  0001b07c    00000060              : OneLib_Host_SM_sm_task.obj (.text.smProcessLTKRequest_gapBond)
                  0001b0dc    00000060              : OneLib_Host_SM_sm_rsppairing.obj (.text.smpResponderProcessPairingPublicKey)
                  0001b13c    00000060     ti_freertos_config.o (.text.xTaskPriorityDisinherit)
                  0001b19c    0000005e     OneLib.a : OneLib_Host_L2CAP_l2cap_util.obj (.text.l2capNotifyEvent)
                  0001b1fa    00000002              : common_lib_opt_ctrl_stub_connection_handover.obj (.text.OPT_LL_Handover_SetRxBlockValue)
                  0001b1fc    0000005c     secure_drivers_cc23x0r5.a : AESECBLPF3.c.obj (.text.AESECBLPF3_hwiFxn)
                  0001b258    0000005c     bleapputil_stack_callbacks.o (.text.BLEAppUtil_advCB)
                  0001b2b4    0000005c     ti_freertos_config.o (.text.ClockP_walkQueueDynamic)
                  0001b310    0000005c     secure_drivers_cc23x0r5.a : CryptoResourceLPF3.c.obj (.text.CryptoResourceLPF3_constructRTOSObjects)
                  0001b36c    0000005c     OneLib.a : OneLib_Host_GAP_gap_advertiser.obj (.text.GapAdv_abortLoad)
                  0001b3c8    0000005c              : OneLib_HCI_hci_event_raw.obj (.text.HCI_getPacketLen)
                  0001b424    0000005c     icall_POSIX.o (.text.ICall_createRemoteTasksAtRuntime)
                  0001b480    0000005c     OneLib.a : OneLib_LL_ll.obj (.text.LL_Disconnect)
                  0001b4dc    0000005c              : OneLib_LL_ll_enc.obj (.text.LL_ENC_DecryptMsg)
                  0001b538    0000005c              : OneLib_LL_ll.obj (.text.LL_RemoveDeviceFromResolvingList)
                  0001b594    0000005c              : OneLib_LL_ll.obj (.text.LL_SetAddressResolutionEnable)
                  0001b5f0    0000005c              : OneLib_LL_ll.obj (.text.LL_SetRandomAddress)
                  0001b64c    0000005c     nvocmp.o (.text.NVOCMP_checkItem)
                  0001b6a8    0000005c     nvocmp.o (.text.NVOCMP_verifyCRC)
                  0001b704    0000005c     rcl_cc23x0r5.a : adc_noise.c.obj (.text.RCL_Handler_Adc_Noise_powerDown)
                  0001b760    0000005c     StackWrapper.a : StackWrapper_Host_sm_ecc.obj (.text.SM_p256KeyCB)
                  0001b7bc    0000005c                    : StackWrapper_Host_gapbondmgr.obj (.text.gapBondMgr_UpdateCharCfg)
                  0001b818    0000005c     OneLib.a : OneLib_Host_GAP_gap_configmgr.obj (.text.gap_ParamsInit)
                  0001b874    0000005c              : OneLib_LL_ll_common.obj (.text.llQueryTxQueue)
                  0001b8d0    0000005c     StackWrapper.a : StackWrapper_OSAL_osal_cbtimer.obj (.text.osal_CbTimerUpdate)
                  0001b92c    0000005c                    : StackWrapper_OSAL_osal_timers.obj (.text.osal_timer_refTimeUpdate)
                  0001b988    0000005c     ti_freertos_config.o (.text.prvIdleTask)
                  0001b9e4    0000005c     OneLib.a : OneLib_Host_SM_sm_rsppairing.obj (.text.smResponderAuthStageTwo)
                  0001ba40    0000005a     StackWrapper.a : StackWrapper_Host_gapbondmgr.obj (.text.GapBondMgr_GetPrevAuth)
                  0001ba9a    0000005a     OneLib.a : OneLib_LL_ll_common.obj (.text.llValidateConnectIndPkt)
                  0001baf4    00000058     secure_drivers_cc23x0r5.a : AESECBLPF3.c.obj (.text.AESECBLPF3_processData)
                  0001bb4c    00000058     bleapputil_init.o (.text.BLEAppUtil_init)
                  0001bba4    00000058     bleapputil_process.o (.text.BLEAppUtil_processStackEvents)
                  0001bbfc    00000058     bleapputil_init.o (.text.BLEAppUtil_stackInit)
                  0001bc54    00000058     app_dev_info.o (.text.DevInfo_start)
                  0001bcac    00000058     icall_POSIX.o (.text.ICall_fetchMsg)
                  0001bd04    00000058     icall_POSIX.o (.text.ICall_workerThreadSendMsg)
                  0001bd5c    00000058     OneLib.a : OneLib_LL_ll.obj (.text.LE_SetExtScanRspData)
                  0001bdb4    00000058              : OneLib_LL_ll.obj (.text.LE_checkAdvConnStatus)
                  0001be0c    00000058              : OneLib_LL_ll.obj (.text.LL_GenerateDHKeyCmd)
                  0001be64    00000058              : OneLib_HCI_hci_event_raw.obj (.text.LL_ReadRemoteUsedFeaturesCompleteCback)
                  0001bebc    00000058     rcl_cc23x0r5.a : LRFCC23X0.c.obj (.text.LRF_setRxFifoEffSz)
                  0001bf14    00000058     drivers_cc23x0r5.a : PowerCC23X0.c.obj (.text.Power_releaseDependency)
                  0001bf6c    00000058                        : PowerCC23X0.c.obj (.text.Power_setDependency)
                  0001bfc4    00000058     libclang_rt.builtins.a : clzsi2.c.obj (.text.__clzsi2)
                  0001c01c    00000058     StackWrapper.a : StackWrapper_Host_gapbondmgr.obj (.text.gapBondMgrChangeState)
                  0001c074    00000058     OneLib.a : OneLib_Host_GATT_gatt_server.obj (.text.gattProcessReadMultiReq)
                  0001c0cc    00000058              : OneLib_LL_ll_common.obj (.text.llSetupDenyList)
                  0001c124    00000058              : OneLib_LL_ll_common.obj (.text.llShellSortActiveConns)
                  0001c17c    00000058     ti_freertos_config.o (.text.pthread_exit)
                  0001c1d4    00000058     OneLib.a : OneLib_Host_SM_sm_pairing.obj (.text.smDetermineIOCaps)
                  0001c22c    00000058              : OneLib_Host_SM_sm_pairing.obj (.text.smSendPublicKeys)
                  0001c284    00000058     osal_icall_ble.o (.text.stack_main)
                  0001c2dc    00000058     ti_freertos_config.o (.text.vTaskStartScheduler)
                  0001c334    00000058     ti_freertos_config.o (.text.xQueueGenericCreate)
                  0001c38c    00000056     StackWrapper.a : StackWrapper_Host_gapbondmgr.obj (.text.GAPBondMgr_ReadLocalLTK)
                  0001c3e2    00000056     OneLib.a : OneLib_LL_ll.obj (.text.LE_SetExtAdvData)
                  0001c438    00000056     libclang_rt.builtins.a : aeabi_idivmod.S.obj (.text.__aeabi_idivmod)
                  0001c48e    00000056     OneLib.a : OneLib_Host_GATT_gatt_client.obj (.text.gattFindByTypeValue)
                  0001c4e4    00000056              : OneLib_LL_ll_common.obj (.text.llBuildCtrlPktPeri)
                  0001c53a    00000056              : OneLib_LL_ll_dfl.obj (.text.llDFLUpdateRanks)
                  0001c590    00000054     ti_drivers_config.o (.text.Board_shutDownExtFlash)
                  0001c5e4    00000054     OneLib.a : OneLib_LL_crypto_port_simplelink.obj (.text.CryptoP_AESECB)
                  0001c638    00000054              : OneLib_Host_GAP_gap_perilinkmgr.obj (.text.GAP_SendPeripheralSecurityRequest)
                  0001c68c    00000054              : OneLib_Host_GAP_gap_configmgr.obj (.text.GapConfig_SetParameter)
                  0001c6e0    00000054     icall_POSIX.o (.text.ICall_registerApp)
                  0001c734    00000054     OneLib.a : OneLib_HCI_hci_event.obj (.text.LL_GenerateDHKeyCompleteEventCback)
                  0001c788    00000054              : OneLib_LL_ll_privacy.obj (.text.LL_PRIV_GenerateRPA)
                  0001c7dc    00000054     rcl_cc23x0r5.a : LRFCC23X0.c.obj (.text.LRF_readRxFifoWords)
                  0001c830    00000054                    : RCL.c.obj (.text.RCL_Command_pend)
                  0001c884    00000054                    : RCL_Scheduler.c.obj (.text.RCL_Scheduler_setStartStopTimeEarliestStart)
                  0001c8d8    00000054     OneLib.a : OneLib_Host_GAP_gap_linkmgr.obj (.text.gapPasskeyNeededCB)
                  0001c92c    00000054              : OneLib_Host_GATT_gatt_task.obj (.text.gattNotifyEvent)
                  0001c980    00000054     rcl_cc23x0r5.a : hal_cc23x0.c.obj (.text.hal_check_clear_timer_compare)
                  0001c9d4    00000054     OneLib.a : OneLib_Host_L2CAP_l2cap_util.obj (.text.l2capSendFCPkt)
                  0001ca28    00000054              : OneLib_LL_ll_common.obj (.text.llAllocatePDU)
                  0001ca7c    00000054              : OneLib_LL_ll_data.obj (.text.llDynamicFree_connectable)
                  0001cad0    00000054              : OneLib_LL_ll_common.obj (.text.llSetCodedMaxTxTime)
                  0001cb24    00000054              : OneLib_LL_ll_common.obj (.text.llVerifyCodedConnInterval)
                  0001cb78    00000054              : OneLib_LL_ll_ecc.obj (.text.ll_GenerateDHKey)
                  0001cbcc    00000054     StackWrapper.a : StackWrapper_OSAL_osal_clock.obj (.text.osalAdjustTimer)
                  0001cc20    00000054                    : StackWrapper_OSAL_osal_bufmgr.obj (.text.osal_bm_alloc)
                  0001cc74    00000054     rcl_cc23x0r5.a : RCL.c.obj (.text.rclPowerNotify)
                  0001ccc8    00000054     OneLib.a : OneLib_Host_SM_sm_rsppairing.obj (.text.smpResponderProcessIdentityAddrInfo)
                  0001cd1c    00000052     StackWrapper.a : StackWrapper_Host_gap.obj (.text.GAP_DeviceInit_per_role)
                  0001cd6e    00000052     OneLib.a : OneLib_LL_ll.obj (.text.LL_EncLtkReply)
                  0001cdc0    00000052              : OneLib_Host_GAP_gap_devmgr.obj (.text.gapFindADType)
                  0001ce12    00000052              : OneLib_Host_GATT_gatt_client.obj (.text.gattPrepareWriteReq)
                  0001ce64    00000052              : OneLib_LL_ll_common.obj (.text.llGetNextDataChanAlgo1)
                  0001ceb6    00000052              : OneLib_LL_ll_ble.obj (.text.llMoveTempTxDataEntries)
                  0001cf08    00000052              : OneLib_Host_SMP_smp.obj (.text.smSendSMMsg)
                  0001cf5a    00000002              : common_lib_opt_ctrl_stub_past_receiver.obj (.text.OPT_LL_PAST_R_DynamicFree)
                  0001cf5c    00000050     secure_drivers_cc23x0r5.a : AESCCMLPF3.c.obj (.text.AESCCMLPF3_processB1withAAD)
                  0001cfac    00000050                               : AESCTRLPF3.c.obj (.text.AESCTRLPF3_configDataDMA)
                  0001cffc    00000050     bleapputil_process.o (.text.BLEAppUtil_convertGATTEvents)
                  0001d04c    00000050     bleapputil_stack_callbacks.o (.text.BLEAppUtil_passcodeCB)
                  0001d09c    00000050     ti_drivers_config.o (.text.Board_sendExtFlashByte)
                  0001d0ec    00000050     secure_drivers_cc23x0r5.a : ECCInitLPF3SW.c.obj (.text.ECCInitLPF3SW_NISTP256)
                  0001d13c    00000050     OneLib.a : OneLib_Host_GAP_gap_linkmgr.obj (.text.GAP_Signable)
                  0001d18c    00000050              : OneLib_Host_GAP_gap_advertiser.obj (.text.GapAdv_setEventMask)
                  0001d1dc    00000050     StackWrapper.a : StackWrapper_Host_gapbondmgr.obj (.text.GapBondMgr_StartEnc)
                  0001d22c    00000050     OneLib.a : OneLib_HCI_hci_event.obj (.text.HCI_CommandStatusEvent)
                  0001d27c    00000050              : OneLib_HCI_hci_event_raw.obj (.text.HCI_SendEventToHost)
                  0001d2cc    00000050              : OneLib_LL_ll_enc.obj (.text.LL_ENC_AES128_Encrypt)
                  0001d31c    00000050     rcl_cc23x0r5.a : ble5.c.obj (.text.RCL_Handler_BLE5_initAdvScanInitStats)
                  0001d36c    00000050     secure_drivers_cc23x0r5.a : RNGLPF3RF.c.obj (.text.RNG_construct)
                  0001d3bc    00000050     drivers_cc23x0r5.a : UDMALPF3.c.obj (.text.UDMALPF3_init)
                  0001d40c    00000050     StackWrapper.a : StackWrapper_Host_gapbondmgr.obj (.text.gapBondMgrReadBonds)
                  0001d45c    00000050                    : StackWrapper_Host_gapbondmgr.obj (.text.gapBondMgr_SupportsCentAddrRes)
                  0001d4ac    00000050     OneLib.a : OneLib_Host_GAP_gap_perilinkmgr.obj (.text.gapPeriProcessConnEvt)
                  0001d4fc    00000050              : OneLib_Host_GAP_gap_perilinkmgr.obj (.text.gap_PeriConnRegister)
                  0001d54c    00000050              : OneLib_Host_L2CAP_l2cap_util.obj (.text.l2capAllocConnChannel)
                  0001d59c    00000050              : OneLib_LL_ll_ae.obj (.text.llSendAdvSetEndEvent)
                  0001d5ec    00000050     StackWrapper.a : StackWrapper_OSAL_osal_cbtimer.obj (.text.osal_CbTimerStop)
                  0001d63c    00000050     OneLib.a : OneLib_Host_SM_sm_pairing.obj (.text.smGenerateAddrInput_sPatch)
                  0001d68c    00000050              : OneLib_Host_SM_sm_pairing.obj (.text.smProcessPairingReq)
                  0001d6dc    00000050              : OneLib_Host_SM_sm_mgr.obj (.text.sm_s1)
                  0001d72c    00000050     ti_freertos_config.o (.text.xTaskCreateStatic)
                  0001d77c    0000004e     OneLib.a : OneLib_Host_ATT_att_util.obj (.text.ATT_CompareUUID)
                  0001d7ca    0000004e     ti_freertos_config.o (.text.realloc)
                  0001d818    0000004c     secure_drivers_cc23x0r5.a : AESCommonLPF3.c.obj (.text.AESCommonLPF3_cleanup)
                  0001d864    0000004c     bleapputil_process.o (.text.BLEAppUtil_convertHCIGAPEvents)
                  0001d8b0    0000004c     OneLib.a : OneLib_LL_crypto_port_simplelink.obj (.text.CryptoP_ECDHInit)
                  0001d8fc    0000004c              : OneLib_Host_GAP_gap_linkmgr.obj (.text.GAP_PasscodeUpdate)
                  0001d948    0000004c              : OneLib_Host_GAP_gap_linkmgr.obj (.text.GAP_TerminateLinkReq)
                  0001d994    0000004c              : OneLib_Host_Profiles_gattservapp.obj (.text.GATTServApp_AddService)
                  0001d9e0    0000004c     StackWrapper.a : StackWrapper_Host_gattservapp_util.obj (.text.GATTServApp_ProcessCCCWriteReq)
                  0001da2c    0000004c     OneLib.a : OneLib_Host_Profiles_gattservapp.obj (.text.GATTServApp_SendCCCUpdatedEvent)
                  0001da78    0000004c              : OneLib_Host_GATT_gatt_task.obj (.text.GATT_UpdateMTU)
                  0001dac4    0000004c              : OneLib_HCI_hci_event.obj (.text.HCI_HardwareErrorEvent)
                  0001db10    0000004c              : OneLib_HCI_hci_event_raw.obj (.text.HCI_InitEventMasks)
                  0001db5c    0000004c              : OneLib_HCI_hci.obj (.text.HCI_LE_ConnUpdateCmd)
                  0001dba8    0000004c              : OneLib_HCI_hci_event.obj (.text.HCI_NumOfCompletedPacketsEvent)
                  0001dbf4    0000004c     driverlib.a : interrupt.c.obj (.text.IntSetPend)
                  0001dc40    0000004c     OneLib.a : OneLib_LL_ll.obj (.text.LL_ClearResolvingList)
                  0001dc8c    0000004c              : OneLib_LL_ll.obj (.text.LL_clearAllActiveConns)
                  0001dcd8    0000004c     driverlib.a : lrfd.c.obj (.text.LRFDApplyClockDependencies)
                  0001dd24    0000004c     rcl_cc23x0r5.a : LRFCC23X0.c.obj (.text.LRF_programTemperatureCompensatedTxPower)
                  0001dd70    0000004c                    : LRFCC23X0.c.obj (.text.LRF_writeTxFifoWords)
                  0001ddbc    0000004c     ti_freertos_config.o (.text.MessageQueueP_pend)
                  0001de08    0000004c     ti_freertos_config.o (.text.MessageQueueP_post)
                  0001de54    0000004c     rcl_cc23x0r5.a : RCL.c.obj (.text.RCL_open)
                  0001dea0    0000004c     ti_freertos_config.o (.text.SemaphoreP_construct)
                  0001deec    0000004c     simple_gatt_profile.o (.text.SimpleGattProfile_getParameter)
                  0001df38    0000004c     ti_freertos_config.o (.text.__aeabi_errno_addr)
                  0001df84    0000004c     OneLib.a : OneLib_Host_GAP_gap_configmgr.obj (.text.gapReadBufSizeCmdStatus)
                  0001dfd0    0000004c              : OneLib_Host_Profiles_gattservapp.obj (.text.gattServApp_ClearPrepareWriteQ)
                  0001e01c    0000004c              : OneLib_LL_ll_common.obj (.text.llGenPrnE)
                  0001e068    0000004c              : OneLib_LL_ll_common.obj (.text.llProcessChanMap)
                  0001e0b4    0000004c              : OneLib_LL_ll_common.obj (.text.llReleaseAllConnId)
                  0001e100    0000004c              : OneLib_LL_ll_ae.obj (.text.llRemoveAdvSortedEntry)
                  0001e14c    0000004c              : OneLib_LL_ll_scheduler.obj (.text.llSelectTaskAdv)
                  0001e198    0000004c              : OneLib_LL_ll_common.obj (.text.llSetStarvationMode)
                  0001e1e4    0000004c              : OneLib_LL_ll_common.obj (.text.llTrySendCtrlPktImmed)
                  0001e230    0000004c              : OneLib_LL_ll_ecc.obj (.text.ll_eccInit)
                  0001e27c    0000004c     ti_freertos_config.o (.text.removeThreadKeys)
                  0001e2c8    0000004c     OneLib.a : OneLib_Host_SM_sm_pairing.obj (.text.sm_computeDHKey)
                  0001e314    0000004c     ti_freertos_config.o (.text.xTaskCheckForTimeOut)
                  0001e360    0000004a     rcl_cc23x0r5.a : LRF.c.obj (.text.LRF_loadImage)
                  0001e3aa    0000004a     ti_freertos_config.o (.text.calloc)
                  0001e3f4    0000004a     OneLib.a : OneLib_Host_GAP_linkdb.obj (.text.linkDB_GetInfo)
                  0001e43e    0000004a              : OneLib_LL_ll_common.obj (.text.llGetNextDataChanAlgo2)
                  0001e488    0000004a     ecc.a : lowlevelapi.c.obj (.text.zADD32)
                  0001e4d2    00000002     OneLib.a : common_lib_opt_ctrl_stub_past_receiver.obj (.text.OPT_LL_PAST_R_ProcessIndPackets)
                  0001e4d4    00000048     secure_drivers_cc23x0r5.a : AESCCMLPF3.c.obj (.text.AESCCMLPF3_processCTRCounterBlock)
                  0001e51c    00000048                               : AESCCMLPF3.c.obj (.text.AESCCMLPF3_processOneStepCTRPolling)
                  0001e564    00000048     bleapputil_process.o (.text.BLEAppUtil_callEventHandler)
                  0001e5ac    00000048     bleapputil_init.o (.text.BLEAppUtil_invokeFunction)
                  0001e5f4    00000048     bleapputil_stack_callbacks.o (.text.BLEAppUtil_processStackMsgCB)
                  0001e63c    00000048     ti_freertos_config.o (.text.ClockP_construct)
                  0001e684    00000048     OneLib.a : OneLib_Host_Profiles_gattservapp.obj (.text.GATTServApp_SendServiceChangedInd)
                  0001e6cc    00000048     icall_POSIX.o (.text.ICall_newTask)
                  0001e714    00000048     icall_POSIX.o (.text.ICall_wait)
                  0001e75c    00000048     OneLib.a : OneLib_LL_ll_ae.obj (.text.LL_AE_Init)
                  0001e7a4    00000048              : OneLib_HCI_hci_event.obj (.text.LL_ConnParamUpdateCback)
                  0001e7ec    00000048              : OneLib_HCI_hci_event.obj (.text.LL_ConnParamUpdateRejectCback)
                  0001e834    00000048              : OneLib_HCI_hci_event.obj (.text.LL_DataLengthChangeEventCback)
                  0001e87c    00000048              : OneLib_HCI_hci_event.obj (.text.LL_EncLtkReqCback)
                  0001e8c4    00000048              : OneLib_LL_ll.obj (.text.LL_RemoteConnParamReqNegReply)
                  0001e90c    00000048              : OneLib_LL_ll.obj (.text.LL_SetResolvablePrivateAddressTimeout)
                  0001e954    00000048     rcl_cc23x0r5.a : LRFCC23X0.c.obj (.text.LRF_setTemperatureTrim)
                  0001e99c    00000048     nvocmp.o (.text.NVOCMP_loadApiPtrsMin)
                  0001e9e4    00000048     nvocmp.o (.text.NVOCMP_readItem)
                  0001ea2c    00000048     drivers_cc23x0r5.a : NVS.c.obj (.text.NVS_open)
                  0001ea74    00000048                        : PowerCC23X0.c.obj (.text.PowerCC23X0_hfxtAmpsettledTimeout)
                  0001eabc    00000048                        : PowerCC23X0.c.obj (.text.PowerLPF3_getHfxtAmpAdjustment)
                  0001eb04    00000048     rcl_cc23x0r5.a : RCL_Scheduler.c.obj (.text.RCL_Scheduler_postEvent)
                  0001eb4c    00000048     drivers_cc23x0r5.a : TemperatureLPF3.c.obj (.text.degreesToCode)
                  0001eb94    00000048     StackWrapper.a : StackWrapper_Host_gapbondmgr.obj (.text.gapBondStateStartNextGATTDisc)
                  0001ebdc    00000048     OneLib.a : OneLib_Host_GAP_gap_linkmgr.obj (.text.gapFreeAuthLink)
                  0001ec24    00000048              : OneLib_Host_GATT_gatt_server.obj (.text.gattProcessReadByGrpTypeReq)
                  0001ec6c    00000048              : OneLib_HCI_hci_event_raw.obj (.text.hciAllocAndPrepHciEvtPkt)
                  0001ecb4    00000048              : OneLib_Host_L2CAP_l2cap_util.obj (.text.l2capNotifySignal)
                  0001ecfc    00000048              : OneLib_Host_L2CAP_l2cap_util.obj (.text.l2capSendPkt)
                  0001ed44    00000048              : OneLib_LL_ll_common.obj (.text.llCalcConnMissCount)
                  0001ed8c    00000048              : OneLib_LL_ll_common.obj (.text.llConnSetupBuffers)
                  0001edd4    00000048              : OneLib_LL_ll_common.obj (.text.llCreateCommonFeatureSet)
                  0001ee1c    00000048              : OneLib_LL_ll_common.obj (.text.llPostSetupCtrlPktPeri)
                  0001ee64    00000048              : OneLib_LL_ll_scheduler.obj (.text.llSchedulerInit)
                  0001eeac    00000048              : OneLib_LL_ll_common.obj (.text.llSendReject)
                  0001eef4    00000048              : OneLib_LL_ll_common.obj (.text.llSetPhy)
                  0001ef3c    00000048              : OneLib_LL_ll_scheduler.obj (.text.llSetTaskAdv)
                  0001ef84    00000048     ti_freertos_config.o (.text.mq_receive)
                  0001efcc    00000048     StackWrapper.a : StackWrapper_OSAL_osal.obj (.text.osal_msg_extract)
                  0001f014    00000048     ti_freertos_config.o (.text.pthread_mutex_unlock)
                  0001f05c    00000048     OneLib.a : OneLib_Host_GAP_gap_linkmgr.obj (.text.sendTerminateEvent)
                  0001f0a4    00000048              : OneLib_Host_SM_sm_rsppairing.obj (.text.smpResponderProcessSigningInfo)
                  0001f0ec    00000048     ti_freertos_config.o (.text.xTimerCreateTimerTask)
                  0001f134    00000044     secure_drivers_cc23x0r5.a : AESCMACLPF3.c.obj (.text.AESCMACLPF3_generateSubKey)
                  0001f178    00000044                               : AESCMACLPF3.c.obj (.text.AESCMACLPF3_processBlocks)
                  0001f1bc    00000044     OneLib.a : OneLib_LL_ll_al.obj (.text.AL_Alloc)
                  0001f200    00000044     bleapputil_task.o (.text.BLEAppUtil_convertBdAddr2Str)
                  0001f244    00000044     bleapputil_init.o (.text.BLEAppUtil_registerEventHandler)
                  0001f288    00000044     secure_drivers_cc23x0r5.a : ECCInitLPF3SW.c.obj (.text.ECCInitLPF3SW_Curve25519)
                  0001f2cc    00000044     OneLib.a : OneLib_Host_GATT_gatt_server.obj (.text.GATT_FindHandle)
                  0001f310    00000044              : OneLib_Host_GAP_gap_advertiser.obj (.text.GapAdv_disable)
                  0001f354    00000044              : OneLib_HCI_TL_hci_tl.obj (.text.HCI_Init)
                  0001f398    00000044              : OneLib_HCI_TL_hci_tl.obj (.text.HCI_ProcessEvent)
                  0001f3dc    00000044              : OneLib_LL_ll_enc.obj (.text.LL_ENC_EncryptMsg)
                  0001f420    00000044              : OneLib_LL_ll_privacy.obj (.text.LL_PRIV_ResolveRPA)
                  0001f464    00000044     app_peripheral.o (.text.Peripheral_start)
                  0001f4a8    00000044     rcl_cc23x0r5.a : RCL_Buffer.c.obj (.text.RCL_MultiBuffer_ListInfo_init)
                  0001f4ec    00000044                    : RCL_Buffer.c.obj (.text.RCL_MultiBuffer_getBuffer)
                  0001f530    00000044     OneLib.a : OneLib_Host_GATT_gatt_task.obj (.text.gattGetPayload)
                  0001f574    00000044              : OneLib_Host_L2CAP_l2cap_util.obj (.text.l2capParseCmdReject)
                  0001f5b8    00000044              : OneLib_Host_GAP_linkdb.obj (.text.linkDB_Find)
                  0001f5fc    00000044              : OneLib_LL_ll_common.obj (.text.llAtLeastTwoChans)
                  0001f640    00000044              : OneLib_LL_ll_scheduler.obj (.text.llCmdAdvStartedEventHandle)
                  0001f684    00000044              : OneLib_LL_ll_common.obj (.text.llPeriSetConnAddr)
                  0001f6c8    00000044              : OneLib_LL_ll_common.obj (.text.llTime2Octets)
                  0001f70c    00000044              : OneLib_LL_ll_ecc.obj (.text.ll_ReadLocalP256PublicKey)
                  0001f750    00000044     StackWrapper.a : StackWrapper_OSAL_osal_timers.obj (.text.osalAddTimer)
                  0001f794    00000044                    : StackWrapper_OSAL_osal_timers.obj (.text.osal_start_timerEx)
                  0001f7d8    00000044     ti_freertos_config.o (.text.prvInsertBlockIntoFreeList)
                  0001f81c    00000044     ti_freertos_config.o (.text.prvSampleTimeNow)
                  0001f860    00000044     ti_freertos_config.o (.text.pthread_mutex_init)
                  0001f8a4    00000044     drivers_cc23x0r5.a : TemperatureLPF3.c.obj (.text.setNextThresholds)
                  0001f8e8    00000044     OneLib.a : OneLib_Host_SM_sm_rsppairing.obj (.text.smpResponderProcessEncryptionInformation)
                  0001f92c    00000044              : OneLib_Host_SM_sm_rsppairing.obj (.text.smpResponderProcessPairingReq)
                  0001f970    00000044     ti_freertos_config.o (.text.vPortFree)
                  0001f9b4    00000044     ti_freertos_config.o (.text.vQueueWaitForMessageRestricted)
                  0001f9f8    00000008     secure_drivers_cc23x0r5.a : AESCCMLPF3.c.obj (.text.AESCCM_init)
                  0001fa00    00000044     ti_freertos_portable_config.o (.text.xPortPendSVHandler)
                  0001fa44    00000042     OneLib.a : OneLib_Host_ATT_att_util.obj (.text.ATT_ParseFindByTypeValueReq)
                  0001fa86    00000042              : OneLib_HCI_hci.obj (.text.HCI_ValidConnTimeParams)
                  0001fac8    00000042              : OneLib_LL_ll.obj (.text.LL_ReadLocalP256PublicKeyCmd)
                  0001fb0a    00000042              : OneLib_HCI_hci_event_raw.obj (.text.LL_ReadRemoteVersionInfoCback)
                  0001fb4c    00000042              : OneLib_Host_SM_sm_task.obj (.text.smProcessOSALMsg)
                  0001fb8e    00000042     ecc.a : lowlevelapi.c.obj (.text.zADD)
                  0001fbd0    00000040     OneLib.a : OneLib_LL_ll_al.obj (.text.AL_Clear)
                  0001fc10    00000040     bleapputil_stack_callbacks.o (.text.BLEAppUtil_pairStateCB)
                  0001fc50    00000040     ti_ble_config.o (.text.BleConfig_initAdvSets)
                  0001fc90    00000040     secure_drivers_cc23x0r5.a : ECDHLPF3SW.c.obj (.text.ECDH_construct)
                  0001fcd0    00000040     OneLib.a : OneLib_Host_GAP_gap_configmgr.obj (.text.GAP_SetParamValue)
                  0001fd10    00000040              : OneLib_Host_GATT_gatt_task.obj (.text.GATT_AppCompletedMsg)
                  0001fd50    00000040     icall_POSIX.o (.text.ICall_workerThreadEntry)
                  0001fd90    00000040     OneLib.a : OneLib_LL_ll_ae.obj (.text.LL_CountAdvSets)
                  0001fdd0    00000040              : OneLib_LL_ll_enc.obj (.text.LL_ENC_Init)
                  0001fe10    00000040              : OneLib_HCI_hci_event.obj (.text.LL_EXT_ChanMapUpdateCback)
                  0001fe50    00000040              : OneLib_LL_ll_privacy.obj (.text.LL_PRIV_Ah)
                  0001fe90    00000040     nvocmp.o (.text.NVOCMP_setItemInactive)
                  0001fed0    00000040     drivers_cc23x0r5.a : NVSLPF3.c.obj (.text.NVSLPF3_read)
                  0001ff10    00000040     app_peripheral.o (.text.Peripheral_GAPConnEventHandler)
                  0001ff50    00000040     rcl_cc23x0r5.a : RCL.c.obj (.text.RCL_Command_submit)
                  0001ff90    00000040                    : ble5.c.obj (.text.RCL_Handler_BLE5_updateAdvScanInitStats)
                  0001ffd0    00000040     secure_drivers_cc23x0r5.a : Random.c.obj (.text.Random_getNumber)
                  00020010    00000040     OneLib.a : OneLib_Host_SM_sm_task.obj (.text.SM_Init)
[...]
20006764  operationComputeSharedSecret                     
20006778  remoteTaskParams                                 
2000678c  gLtkReqDetails                                   
2000679e  deviceFeatureSet                                 
200067af  SSCP_bleResponsePacket                           
200067c0  eccParams                                        
200067d0  encParamsCCM                                     
200067e0  encParamsECB                                     
200067f0  gRankFLTable                                     
20006800  llTaskList                                       
20006810  localCryptoKey                                   
20006820  localPrivateKey                                  
20006830  localPublicKey                                   
20006840  operationECB                                     
20006850  operationGeneratePublicKey                       
20006860  remotePublicKey                                  
20006870  sharedSecret                                     
20006880  swParamList                                      
200068c4  BLEAppUtil_threadEntity                          
200068cc  POSIX_args                                       
200068d4  RNGLPF3RF_objects                                
200068dc  gParamUpdateReq                                  
200068e4  llConnEvtNotice                                  
200068ec  llConns                                          
200068f4  privInfo                                         
200068fc  rclState                                         
20006904  gapCurrentRandomAddr                             
2000690a  connInitialMaxTxOctets                           
2000690c  ownPublicAddr                                    
20006912  connInitialMaxTxTime                             
20006914  ownRandomAddr                                    
2000691a  connInitialMaxTxTimeCoded                        
2000691c  ownSavedPublicAddr                               
20006922  verInfo                                          
2000692d  gAntennasInfo                                    
2000694c  BDAddrPerConnHandle                              
20006950  SysBootMsg                                       
20006954  activeConns                                      
20006958  appInitDoneHandler                               
2000695c  button0_register                                 
20006960  button1_register                                 
20006964  dtmInfo                                          
20006968  ecdhHandle                                       
2000696c  encHandleCCM                                     
20006970  encHandleECB                                     
20006974  errorHandlerCb                                   
20006978  extStackSettings                                 
2000697c  l2capChannels                                    
20006980  l2capPsm                                         
20006984  led0_register                                    
20006988  led1_register                                    
2000698c  linkDB                                           
20006990  llECCCurveParams                                 
20006994  operationResult                                  
20006998  osal_last_timestamp                              
2000699c  osal_max_msecs                                   
200069a0  osal_qHead                                       
200069a4  osal_syncHandle                                  
200069a8  osal_tickperiod                                  
200069ac  pNextAdvSet                                      
200069b0  pRfPathComp                                      
200069b4  resolvingList                                    
200069b8  rfHandle                                         
200069bc  rngHandle                                        
200069c0  taskEndAction                                    
200069c4  tasksEvents                                      
200069c8  timerHead                                        
200069cc  connInitialMaxTxTimeUncoded                      
200069ce  maximumPduSize                                   
200069d0  pwrmgr_attribute                                 
200069d2  supportedMaxRxOctets                             
200069d4  supportedMaxRxTime                               
200069d6  supportedMaxTxOctets                             
200069d8  supportedMaxTxTime                               
200069da  LL_TaskID                                        
200069db  NVOCMP_size                                      
200069dc  NVSLPF3_objects                                  
200069dd  adcNoiseHandlerState                             
200069de  aeCurAdvEnableHandle                             
200069df  aeCurConnHandle                                  
200069e0  aeCurHandle                                      
200069e1  alSize                                           
200069e2  defaultPhy                                       
200069e3  extInitIndex                                     
200069e4  extScanIndex                                     
200069e5  fastTxRespTime                                   
200069e6  gAction                                          
200069e7  gCurTxPowerVal                                   
200069e8  gapDeviceAddrMode                                
200069e9  gapTaskID                                        
200069ea  gattNumConns                                     
200069eb  gattTaskID                                       
200069ec  hciGapTaskID                                     
200069ed  hciL2capTaskID                                   
200069ee  hciSmpTaskID                                     
200069ef  hciTaskID                                        
200069f0  hciTestTaskID                                    
200069f1  hciVsEvtMask                                     
200069f2  icall_liteTaskId                                 
200069f3  l2capNumChannels                                 
200069f4  l2capTaskID                                      
200069f5  l2cap_gattServAppTaskID                          
200069f6  linkDBNumConns                                   
200069f7  llCryptoMode                                     
200069f8  llECDHMode                                       
200069f9  llState                                          
200069fa  maxNumConns                                      
200069fb  maxNumTxDataBufs                                 
200069fc  maxTxPwrForDTM                                   
200069fd  numActiveAdvSets                                 
200069fe  numComplPkts                                     
200069ff  numComplPktsFlush                                
20006a00  numComplPktsLimit                                
20006a01  numTxDataBufs                                    
20006a02  onePktPerEvt                                     
20006a03  osal_entity                                      
20006a04  peripheralAdvHandles                             
20006a05  rlSize                                           
20006a06  rxFifoFlowCtrl                                   
20006a07  secondaryAdvChannelMapPopCount                   
20006a08  slOverride                                       
20006a09  smGenerateDHKeyStatus                            
20006a0a  smReadLocalP256PublicKeyStatus                   
20006a0b  smTaskID                                         
20006cd0  sscpBleHandle                                    
20006d88  gapAttrTbl                                       
20006f66  devInfoHardwareRev                               
20006fba  smExpectAppKeysInd                               
20006fbb  SM_appTaskID                                     
20007154  HwiP_swiPIntNum                                  
20007170  gpioPinConfigs                                   
200071d8  gapBond_removeLRUBond                            
200071d9  gapBond_syncRL                                   
200071f4  gapBondStateNodeHead                             
200071f8  gapBond_lruBondList                              
20007208  clientCbs                                        
2000721c  gapBond_remoteOobData                            
20007350  pairMode                                         
20007351  mitm                                             
20007352  ioCap                                            
20007353  bonding                                          
20007354  secureConnection                                 
20007355  authenPairingOnly                                
20007356  autoSyncAL                                       
20007357  eccReGenPolicy                                   
20007358  KeySize                                          
20007359  removeLRUBond                                    
2000735a  KeyDistList                                      
2000735b  eccDebugKeys                                     
2000735c  allowDebugKeys                                   
2000735d  eraseBondWhileInConn                             
2000735e  sameIrkAction                                    
2000735f  advData1                                         
20007368  advParams1                                       
20007384  scanResData1                                     
200073a2  gapAppTaskID                                     
200073a3  gapEndAppTaskID                                  
20007440  llUserConfig                                     
20007488  sm_eccKeys_sc_host_debug                         
200074c8  centAddrRes                                      
200074c9  resolvablePrivateAddressOnly                     
200074ca  appearance                                       
200074d0  periConnParameters                               
200074d8  deviceName                                       
200075b4  linkParam                                        
200075b8  rxDataQ                                          
200075dc  appMainPeriCentParams                            
200075e4  appMainParams                                    
20007608  dispHandle                                       
2000762c  eccParams_NISTP256                               
20007650  gapProfileRole                                   
20007651  gapConfig_IRK                                    
20007661  gapConfig_SRK                                    
20007671  SSCP_deviceIdUUID                                
20007674  enckey                                           
20007694  attDeviceName                                    
200076b4  gapParameters                                    
200076d2  SSCP_deviceSerialNumberUUID                      
200076e1  SSCP_bleRequestPacket                            
200076f1  SSCP_requestPacketUUID                           
200076f6  rclTemperatureThreshold                          
20007710  hciEvtMaskLe                                     
20007718  hciEvtMaskPage1                                  
20007720  hciEvtMaskPage2                                  
20007728  connectionConnHandler                            
20007734  connectionHciGAPHandler                          
20007740  pairingPasscodeHandler                           
2000774c  PairingPairStateHandler                          
20007758  peripheralConnHandler                            
20007764  peripheralAdvHandler                             
20007770  randomAddressConfigured                          
20007774  defaultChannelMap                                
2000777c  secondaryAdvChannelMap                           
200077d6  SSCP_responsePacketUUID                          
200077e8  maxSupportedAdvSets                              
200077e9  aePeripheralSCA                                  
200077ec  advSetList                                       
200077f0  extScanInfo                                      
200077f4  extInitInfo                                      
200077fc  osal_eventloop_hook                              
20007800  osal_icallMsg_hook                               
20007808  BLEAppUtilLocal_GeneralParams                    
2000780c  BLEAppUtilLocal_PeriCentParams                   
20007810  BLEAppUtil_bondMgrCBs                            
20007858  eccCryptoKey                                     
20007868  encCryptoKey                                     
20007878  gapBondParams                                    
20007888  pPairingParams                                   
2000788c  pfnResponderCBs                                  
20007890  pfnInitiatorCBs                                  
20007894  alTable                                          
20007898  alTableScan                                      
2000789c  gDenyList                                        
200078ac  ICall_enterCriticalSection                       
200078b0  ICall_leaveCriticalSection                       
200078b4  ICall_dispatcher                                 
200078b8  halSchedFsmCb                                    
200078bc  halDispatchFsmCb                                 
200078c0  halCommandFsmCb                                  
200078c4  bleAppServiceInfoTable                           
200078d0  dataGATTHandler                                  
200078dc  hciEvtMask                                       
20007914  terminateReason                                  
20007916  gParamUpdateConnHandle                           
20007918  pAuthLink                                        
20007934  assertSubcause                                   
20007935  legacyMode                                       
20007938  halAssertCback                                   
2000793c  bm_preReleaseBuffCB                              
20007944  OSAL_timeSeconds                                 
2000794c  fXtalInv                                         
20007954  rclHandles                                       
2000795c  user0Cfg                                         
20007964  l2capNumDataPkts                                 
20007965  flowCtrlTaskId                                   
20007966  flowCtrlFwdTaskId                                
20007967  l2capNumPSM                                      
20007968  l2capNumCoChannels                               
20007969  l2capUserConfig                                  
2000796b  pRandomAddress                                   
20007972  ctrlToHostEnable                                 
20007974  numHostBufs                                      
20007976  defaultTxPowerDbm                                
20007978  bleUserCfg_maxPduSize                            
2000797e  baseTaskID                                       
20007980  BLEAppUtilEventHandlersHead                      
20007988  RNGLPF3RF_noiseConditioningKeyWord0              
2000798c  RNGLPF3RF_noiseConditioningKeyWord1              
20007990  RNGLPF3RF_noiseConditioningKeyWord2              
20007994  RNGLPF3RF_noiseConditioningKeyWord3              
20007998  RemoteTask                                       
200079a0  appAssertCback                                   
200079a4  attClientNotifyTxCB                              
200079a8  attServerNotifyTxCB                              
200079ac  enckeyLen                                        
200079b4  ggs_AppCBs                                       
200079b8  linkCmd                                          
200079bc  llSystemStatus                                   
200079c0  localPrivKeyMaterialLen                          
200079c4  pAdvDataEntry                                    
200079c8  pGapPeripheralConnCBs                            
200079d0  pSmResponderCBs                                  
200079d4  pfnBMAlloc                                       
200079d8  pfnBMFree                                        
200079dc  pfnBondMgrCBs                                    
200079e0  pfnCentralConnCBs                                
200079e4  pfnPeripheralConnCBs                             
200079e8  pxCurrentTCB                                     
200079f8  txDataQ                                          
20007a00  devInfo11073CertUUID                             
20007a02  devInfoFirmwareRevUUID                           
20007a04  devInfoHardwareRevUUID                           
20007a06  devInfoMfrNameUUID                               
20007a08  devInfoModelNumberUUID                           
20007a0a  devInfoPnpIdUUID                                 
20007a0c  devInfoSerialNumberUUID                          
20007a0e  devInfoServUUID                                  
20007a10  devInfoSoftwareRevUUID                           
20007a12  devInfoSystemIdUUID                              
20007a14  disconnectImmedConnId                            
20007a16  l2capMtuSize                                     
20007a1a  llUserConfig_maxPduSize                          
20007a1c  maxExtAdvDataLen                                 
20007a1e  simpleGattProfile_ServUUID                       
20007a20  simpleGattProfile_char1UUID                      
20007a22  simpleGattProfile_char2UUID                      
20007a24  simpleGattProfile_char3UUID                      
20007a26  simpleGattProfile_char4UUID                      
20007a28  simpleGattProfile_char5UUID                      
20007a2a  smRspWaitingConnHandle                           
20007a2e  appTaskID                                        
20007a2f  appearanceCharProps                              
20007a30  att_sendRspOnly                                  
20007a31  centAddrResCharProps                             
20007a32  channel2usage                                    
20007a3c  deviceNameCharProps                              
20007a3d  extScanChanMap                                   
20007a3e  gapState                                         
20007a3f  gapUnwantedTaskID                                
20007a41  hciPTMenabled                                    
20007a49  l2capFlowCtrlMode                                
20007a4a  l2capId                                          
20007a4b  linkDB_secureConnectionOnlyMode                  
20007a4c  periConnParamCharProps                           
20007a4d  pwrmgr_initialized                               
20007a4e  qosDefaultPriorityAdvParameter                   
20007a4f  qosDefaultPriorityConnParameter                  
20007a50  rclPbeGpoMask                                    
20007a52  resolvablePrivateAddressOnlyCharProps            
20007a5a  smAllowDebugKeysMode                             
20007a5b  smAppProcessLTKRequest                           
20007a5c  smAuthenPairingOnlyMode                          
20008c00  __stack                                          
20009000  __STACK_END                                      
20009000  __STACK_TOP                                      
4e020000  ccfg                                             
4e020000  ti_utils_build_GenMap_sym_CRC_CCFG_BOOT_CFG_begin
4e02000b  ti_utils_build_GenMap_sym_CRC_CCFG_BOOT_CFG_end  
4e020010  ti_utils_build_GenMap_sym_CRC_CCFG_begin         
4e02074b  ti_utils_build_GenMap_sym_CRC_CCFG_end           
4e0207d0  ti_utils_build_GenMap_sym_CRC_CCFG_DEBUG_begin   
4e0207fb  ti_utils_build_GenMap_sym_CRC_CCFG_DEBUG_end     
90000000  TimestampP_nativeFormat64_copy                   
90000004  TimestampP_nativeFormat32_copy                   
ffffffff  __TI_pprof_out_hndl                              
ffffffff  __TI_prof_data_size                              
ffffffff  __TI_prof_data_start                             
ffffffff  __binit__                                        
ffffffff  binit                                            
UNDEFED   RCL_Debug_assertProxy                            
UNDEFED   RCL_Profiling_eventHook                          
UNDEFED   __mpu_init                                       
UNDEFED   _system_post_cinit                               

[2228 symbols]
