Archive member included to satisfy reference by file (symbol)

C:/ti/simplelink_lowpower_f3_sdk_9_14_01_16/source\ti/drivers/lib/gcc/m0p/drivers_cc23x0r5.a(List.c.obj)
                              ./syscfg/ti_freertos_config.o (List_clearList)
C:/ti/simplelink_lowpower_f3_sdk_9_14_01_16/source\ti/drivers/lib/gcc/m0p/drivers_cc23x0r5.a(Math.c.obj)
                              ./syscfg/ti_freertos_config.o (Math_divideBy1000)
C:/ti/simplelink_lowpower_f3_sdk_9_14_01_16/source\ti/drivers/lib/gcc/m0p/drivers_cc23x0r5.a(UDMALPF3.c.obj)
                              ./syscfg/ti_drivers_config.o (UDMALPF3_init)
C:/ti/simplelink_lowpower_f3_sdk_9_14_01_16/source\ti/drivers/lib/gcc/m0p/drivers_cc23x0r5.a(GPIO.c.obj)
                              ./sscp_serial.o (GPIO_setCallback)
C:/ti/simplelink_lowpower_f3_sdk_9_14_01_16/source\ti/drivers/lib/gcc/m0p/drivers_cc23x0r5.a(GPIOLPF3.c.obj)
                              C:/ti/simplelink_lowpower_f3_sdk_9_14_01_16/source\ti/drivers/lib/gcc/m0p/drivers_cc23x0r5.a(GPIO.c.obj) (GPIO_disableInt)
C:/ti/simplelink_lowpower_f3_sdk_9_14_01_16/source\ti/drivers/lib/gcc/m0p/drivers_cc23x0r5.a(PowerCC23X0.c.obj)
                              ./syscfg/ti_freertos_config.o (Power_getConstraintMask)
C:/ti/simplelink_lowpower_f3_sdk_9_14_01_16/source\ti/drivers/lib/gcc/m0p/drivers_cc23x0r5.a(TemperatureLPF3.c.obj)
                              C:/ti/simplelink_lowpower_f3_sdk_9_14_01_16/source\ti/drivers/lib/gcc/m0p/drivers_cc23x0r5.a(PowerCC23X0.c.obj) (Temperature_init)
C:/ti/simplelink_lowpower_f3_sdk_9_14_01_16/source\ti/drivers/lib/gcc/m0p/drivers_cc23x0r5.a(UART2.c.obj)
                              ./sscp_serial.o (UART2_Params_init)
C:/ti/simplelink_lowpower_f3_sdk_9_14_01_16/source\ti/drivers/lib/gcc/m0p/drivers_cc23x0r5.a(UART2LPF3.c.obj)
                              ./sscp_serial.o (UART2_open)
C:/ti/simplelink_lowpower_f3_sdk_9_14_01_16/source\ti/drivers/lib/gcc/m0p/drivers_cc23x0r5.a(RingBuf.c.obj)
                              C:/ti/simplelink_lowpower_f3_sdk_9_14_01_16/source\ti/drivers/lib/gcc/m0p/drivers_cc23x0r5.a(UART2LPF3.c.obj) (RingBuf_construct)
C:/ti/simplelink_lowpower_f3_sdk_9_14_01_16/source\ti/drivers/lib/gcc/m0p/drivers_cc23x0r5.a(BatMonSupportLPF3.c.obj)
                              C:/ti/simplelink_lowpower_f3_sdk_9_14_01_16/source\ti/drivers/lib/gcc/m0p/drivers_cc23x0r5.a(TemperatureLPF3.c.obj) (BatMonSupportLPF3_init)
C:/ti/simplelink_lowpower_f3_sdk_9_14_01_16/source\ti/devices/cc23x0r5/driverlib/lib/gcc/driverlib.a(cpu.c.obj)
                              ./syscfg/ti_drivers_config.o (CPUDelay)
C:/ti/simplelink_lowpower_f3_sdk_9_14_01_16/source\ti/devices/cc23x0r5/driverlib/lib/gcc/driverlib.a(evtsvt.c.obj)
                              C:/ti/simplelink_lowpower_f3_sdk_9_14_01_16/source\ti/drivers/lib/gcc/m0p/drivers_cc23x0r5.a(UART2LPF3.c.obj) (EVTSVTConfigureDma)
C:/ti/simplelink_lowpower_f3_sdk_9_14_01_16/source\ti/devices/cc23x0r5/driverlib/lib/gcc/driverlib.a(interrupt.c.obj)
                              ./syscfg/ti_freertos_config.o (IntRegister)
C:/ti/simplelink_lowpower_f3_sdk_9_14_01_16/source\ti/devices/cc23x0r5/driverlib/lib/gcc/driverlib.a(lrfd.c.obj)
                              C:/ti/simplelink_lowpower_f3_sdk_9_14_01_16/source\ti/drivers/lib/gcc/m0p/drivers_cc23x0r5.a(PowerCC23X0.c.obj) (LRFDApplyClockDependencies)
C:/ti/simplelink_lowpower_f3_sdk_9_14_01_16/source\ti/devices/cc23x0r5/driverlib/lib/gcc/driverlib.a(setup.c.obj)
                              ./syscfg/ti_freertos_config.o (SetupTrimDevice)
C:/ti/simplelink_lowpower_f3_sdk_9_14_01_16/source\ti/devices/cc23x0r5/driverlib/lib/gcc/driverlib.a(uart.c.obj)
                              C:/ti/simplelink_lowpower_f3_sdk_9_14_01_16/source\ti/drivers/lib/gcc/m0p/drivers_cc23x0r5.a(UART2LPF3.c.obj) (UARTConfigSetExpClk)
C:/ti/simplelink_lowpower_f3_sdk_9_14_01_16/source\ti/devices/cc23x0r5/driverlib/lib/gcc/driverlib.a(udma.c.obj)
                              C:/ti/simplelink_lowpower_f3_sdk_9_14_01_16/source\ti/drivers/lib/gcc/m0p/drivers_cc23x0r5.a(UART2LPF3.c.obj) (uDMAEnableChannelAttribute)
c:/ti/gcc-arm-none-eabi_9_3_1/bin/../lib/gcc/arm-none-eabi/9.3.1/thumb/v6-m/nofp\libgcc.a(_udivsi3.o)
                              ./syscfg/ti_freertos_config.o (__aeabi_uidiv)
c:/ti/gcc-arm-none-eabi_9_3_1/bin/../lib/gcc/arm-none-eabi/9.3.1/thumb/v6-m/nofp\libgcc.a(_divsi3.o)
                              ./syscfg/ti_freertos_config.o (__aeabi_idiv)
c:/ti/gcc-arm-none-eabi_9_3_1/bin/../lib/gcc/arm-none-eabi/9.3.1/thumb/v6-m/nofp\libgcc.a(_dvmd_tls.o)
                              c:/ti/gcc-arm-none-eabi_9_3_1/bin/../lib/gcc/arm-none-eabi/9.3.1/thumb/v6-m/nofp\libgcc.a(_udivsi3.o) (__aeabi_idiv0)
c:/ti/gcc-arm-none-eabi_9_3_1/bin/../lib/gcc/arm-none-eabi/9.3.1/thumb/v6-m/nofp\libgcc.a(_arm_cmpdf2.o)
                              ./syscfg/ti_freertos_config.o (__aeabi_dcmplt)
c:/ti/gcc-arm-none-eabi_9_3_1/bin/../lib/gcc/arm-none-eabi/9.3.1/thumb/v6-m/nofp\libgcc.a(_clzsi2.o)
[...]
Memory Configuration

Name             Origin             Length             Attributes
FLASH            0x00000000         0x00080000         xr
CCFG             0x4e020000         0x00000800         r
SRAM             0x20000000         0x00009000         xrw
SCFG             0x00000000         0x00000000         r
S2RRAM           0x40098000         0x00001000         rw
LOG_DATA         0x90000000         0x00040000         r
LOG_PTR          0x94000008         0x00040000         r
*default*        0x00000000         0xffffffff

Linker script and memory map

LOAD ./main_freertos.o
LOAD ./sscp_serial.o
LOAD ./syscfg/ti_devices_config.o
LOAD ./syscfg/ti_drivers_config.o
LOAD ./syscfg/ti_freertos_config.o
LOAD ./syscfg/ti_freertos_portable_config.o
LOAD ./sscp/src/sscp.o
                0x4e020000                ti_utils_build_GenMap_sym_CRC_CCFG_BOOT_CFG_begin = 0x4e020000
                0x4e02000b                ti_utils_build_GenMap_sym_CRC_CCFG_BOOT_CFG_end = 0x4e02000b
                0x4e020010                ti_utils_build_GenMap_sym_CRC_CCFG_begin = 0x4e020010
                0x4e02074b                ti_utils_build_GenMap_sym_CRC_CCFG_end = 0x4e02074b
                0x4e0207d0                ti_utils_build_GenMap_sym_CRC_CCFG_DEBUG_begin = 0x4e0207d0
                0x4e0207fb                ti_utils_build_GenMap_sym_CRC_CCFG_DEBUG_end = 0x4e0207fb
                0x00080000                ti_utils_build_GenMap_FLASH0_SIZE = 0x80000
                0x00009000                ti_utils_build_GenMap_RAM0_SIZE = 0x9000
                0x40098000                ti_utils_build_GenMap_S2RRAM_BASE = 0x40098000
                0x00001000                ti_utils_build_GenMap_S2RRAM_SIZE = 0x1000
                0x4e020000                ti_utils_build_GenMap_CCFG_BASE = 0x4e020000
                0x00000800                ti_utils_build_GenMap_CCFG_SIZE = 0x800
                0x00000000                ti_utils_build_GenMap_FLASH0_BASE = 0x0
                0x20000000                ti_utils_build_GenMap_RAM0_BASE = 0x20000000
                0x00000800                STACKSIZE = 0x800
                0x00000000                PROVIDE (_resetVecs_base_address = DEFINED (_resetVecs_base_address)?_resetVecs_base_address:ti_utils_build_GenMap_FLASH0_BASE)

.resetVecs      0x00000000       0x8c
 *(.resetVecs)
 .resetVecs     0x00000000       0x8c ./syscfg/ti_freertos_config.o
                0x00000000                resetVectors

.ramVecs        0x20000000       0x8c
 *(.ramVecs)
 .ramVecs       0x20000000       0x8c C:/ti/simplelink_lowpower_f3_sdk_9_14_01_16/source\ti/devices/cc23x0r5/driverlib/lib/gcc/driverlib.a(interrupt.c.obj)
                0x20000400                UDMALPF3_CONFIG_BASE = 0x20000400
                0x20000400                DMA_CHANNEL0_CONTROL_TABLE_ENTRY_ADDRESS = (UDMALPF3_CONFIG_BASE + 0x0)
                0x20000410                DMA_CHANNEL1_CONTROL_TABLE_ENTRY_ADDRESS = (UDMALPF3_CONFIG_BASE + 0x10)
                0x20000420                DMA_CHANNEL2_CONTROL_TABLE_ENTRY_ADDRESS = (UDMALPF3_CONFIG_BASE + 0x20)
                0x20000430                DMA_CHANNEL3_CONTROL_TABLE_ENTRY_ADDRESS = (UDMALPF3_CONFIG_BASE + 0x30)
                0x20000440                DMA_CHANNEL4_CONTROL_TABLE_ENTRY_ADDRESS = (UDMALPF3_CONFIG_BASE + 0x40)
                0x20000450                DMA_CHANNEL5_CONTROL_TABLE_ENTRY_ADDRESS = (UDMALPF3_CONFIG_BASE + 0x50)
                0x20000460                DMA_CHANNEL6_CONTROL_TABLE_ENTRY_ADDRESS = (UDMALPF3_CONFIG_BASE + 0x60)
                0x20000470                DMA_CHANNEL7_CONTROL_TABLE_ENTRY_ADDRESS = (UDMALPF3_CONFIG_BASE + 0x70)
                0x20000480                DMA_CHANNEL0_ALT_CONTROL_TABLE_ENTRY_ADDRESS = (UDMALPF3_CONFIG_BASE + 0x80)
                0x20000490                DMA_CHANNEL1_ALT_CONTROL_TABLE_ENTRY_ADDRESS = (UDMALPF3_CONFIG_BASE + 0x90)
                0x200004a0                DMA_CHANNEL2_ALT_CONTROL_TABLE_ENTRY_ADDRESS = (UDMALPF3_CONFIG_BASE + 0xa0)
                0x200004b0                DMA_CHANNEL3_ALT_CONTROL_TABLE_ENTRY_ADDRESS = (UDMALPF3_CONFIG_BASE + 0xb0)
                0x200004c0                DMA_CHANNEL4_ALT_CONTROL_TABLE_ENTRY_ADDRESS = (UDMALPF3_CONFIG_BASE + 0xc0)
                0x200004d0                DMA_CHANNEL5_ALT_CONTROL_TABLE_ENTRY_ADDRESS = (UDMALPF3_CONFIG_BASE + 0xd0)
                0x200004e0                DMA_CHANNEL6_ALT_CONTROL_TABLE_ENTRY_ADDRESS = (UDMALPF3_CONFIG_BASE + 0xe0)
                0x200004f0                DMA_CHANNEL7_ALT_CONTROL_TABLE_ENTRY_ADDRESS = (UDMALPF3_CONFIG_BASE + 0xf0)
                0x00000000                UDMALPF3_channel0ControlTableEntry_is_placed = 0x0

.dmaChannel0ControlTableEntry
                0x20000400       0x10
 *(.dmaChannel0ControlTableEntry)
 .dmaChannel0ControlTableEntry
                0x20000400       0x10 ./syscfg/ti_drivers_config.o
                0x00000000                UDMALPF3_channel1ControlTableEntry_is_placed = 0x0

.dmaChannel1ControlTableEntry
                0x20000410       0x10
 *(.dmaChannel1ControlTableEntry)
 .dmaChannel1ControlTableEntry
                0x20000410       0x10 ./syscfg/ti_drivers_config.o
                0x00000000                UDMALPF3_channel2ControlTableEntry_is_placed = 0x0

.dmaChannel2ControlTableEntry
 *(.dmaChannel2ControlTableEntry)
                0x00000000                UDMALPF3_channel3ControlTableEntry_is_placed = 0x0

.dmaChannel3ControlTableEntry
 *(.dmaChannel3ControlTableEntry)
                0x00000000                UDMALPF3_channel4ControlTableEntry_is_placed = 0x0

.dmaChannel4ControlTableEntry
 *(.dmaChannel4ControlTableEntry)
                0x00000000                UDMALPF3_channel5ControlTableEntry_is_placed = 0x0

.dmaChannel5ControlTableEntry
 *(.dmaChannel5ControlTableEntry)
                0x00000000                UDMALPF3_channel6ControlTableEntry_is_placed = 0x0

.dmaChannel6ControlTableEntry
 *(.dmaChannel6ControlTableEntry)
                0x00000000                UDMALPF3_channel7ControlTableEntry_is_placed = 0x0

.dmaChannel7ControlTableEntry
 *(.dmaChannel7ControlTableEntry)
                0x00000000                UDMALPF3_channel0AltControlTableEntry_is_placed = 0x0

.dmaChannel0AltControlTableEntry
 *(.dmaChannel0AltControlTableEntry)
                0x00000000                UDMALPF3_channel1AltControlTableEntry_is_placed = 0x0

.dmaChannel1AltControlTableEntry
 *(.dmaChannel1AltControlTableEntry)
                0x00000000                UDMALPF3_channel2AltControlTableEntry_is_placed = 0x0

.dmaChannel2AltControlTableEntry
 *(.dmaChannel2AltControlTableEntry)
                0x00000000                UDMALPF3_channel3AltControlTableEntry_is_placed = 0x0

.dmaChannel3AltControlTableEntry
 *(.dmaChannel3AltControlTableEntry)
                0x00000000                UDMALPF3_channel4AltControlTableEntry_is_placed = 0x0

.dmaChannel4AltControlTableEntry
 *(.dmaChannel4AltControlTableEntry)
                0x00000000                UDMALPF3_channel5AltControlTableEntry_is_placed = 0x0

.dmaChannel5AltControlTableEntry
 *(.dmaChannel5AltControlTableEntry)
                0x00000000                UDMALPF3_channel6AltControlTableEntry_is_placed = 0x0

.dmaChannel6AltControlTableEntry
 *(.dmaChannel6AltControlTableEntry)
                0x00000000                UDMALPF3_channel7AltControlTableEntry_is_placed = 0x0

.dmaChannel7AltControlTableEntry
 *(.dmaChannel7AltControlTableEntry)
                0x00002000                _rom_rodata_start = 0x2000
                0x00000000                _rom_rodata_size = DEFINED (ROM_RODATA_SIZE)?0x0:DEFINED (ROM_RODATA_SIZE_NO_OAD)?0x330:0x0

.rom_rodata_reserve
                0x00002000        0x0 load address 0x0000008c
                0x00002000                . = (. + _rom_rodata_size)

.text           0x00000090     0x64b0
 CREATE_OBJECT_SYMBOLS
 *(.text)
 .text          0x00000090      0x114 c:/ti/gcc-arm-none-eabi_9_3_1/bin/../lib/gcc/arm-none-eabi/9.3.1/thumb/v6-m/nofp\libgcc.a(_udivsi3.o)
                0x00000090                __aeabi_uidiv
                0x00000090                __udivsi3
                0x0000019c                __aeabi_uidivmod
 .text          0x000001a4        0x4 c:/ti/gcc-arm-none-eabi_9_3_1/bin/../lib/gcc/arm-none-eabi/9.3.1/thumb/v6-m/nofp\libgcc.a(_dvmd_tls.o)
                0x000001a4                __aeabi_idiv0
                0x000001a4                __aeabi_ldiv0
 .text          0x000001a8       0x3c c:/ti/gcc-arm-none-eabi_9_3_1/bin/../lib/gcc/arm-none-eabi/9.3.1/thumb/v6-m/nofp\libgcc.a(_clzsi2.o)
                0x000001a8                __clzsi2
 .text          0x000001e4       0x40 c:/ti/gcc-arm-none-eabi_9_3_1/bin/../lib/gcc/arm-none-eabi/9.3.1/thumb/v6-m/nofp\libgcc.a(_aeabi_uldivmod.o)
                0x000001e4                __aeabi_uldivmod
 .text          0x00000224      0x198 c:/ti/gcc-arm-none-eabi_9_3_1/bin/../lib/gcc/arm-none-eabi/9.3.1/thumb/v6-m/nofp\libgcc.a(_udivmoddi4.o)
                0x00000224                __udivmoddi4
 .text          0x000003bc       0x18 c:/ti/gcc-arm-none-eabi_9_3_1/bin/../lib/gcc/arm-none-eabi/9.3.1/thumb/v6-m/nofp\libgcc.a(_clzdi2.o)
                0x000003bc                __clzdi2
 *(.text.*)
 .text.startup.main
                0x000003d4       0x58 ./main_freertos.o
                0x000003d4                main
 .text.UART_send
                0x0000042c       0x1c ./sscp_serial.o
                0x0000042c                UART_send
 .text.gpioButtonCallback
                0x00000448       0x28 ./sscp_serial.o
                0x00000448                gpioButtonCallback
 .text.button0_register_callback
                0x00000470       0x20 ./sscp_serial.o
                0x00000470                button0_register_callback
 .text.button1_register_callback
                0x00000490       0x20 ./sscp_serial.o
                0x00000490                button1_register_callback
 .text.led0_register_callback
                0x000004b0       0xa8 ./sscp_serial.o
                0x000004b0                led0_register_callback
 .text.led1_register_callback
                0x00000558       0xa8 ./sscp_serial.o
                0x00000558                led1_register_callback
 .text.callbackFxn
                0x00000600       0x34 ./sscp_serial.o
                0x00000600                callbackFxn
 .text.mainThread
                0x00000634       0xc8 ./sscp_serial.o
                0x00000634                mainThread
 .text.Board_shutDownExtFlash
                0x000006fc       0xbc ./syscfg/ti_drivers_config.o
                0x000006fc                Board_shutDownExtFlash
 .text.Board_initHook
                0x000007b8        0x4 ./syscfg/ti_drivers_config.o
                0x000007b8                Board_initHook
 .text.Board_init
                0x000007bc       0x2c ./syscfg/ti_drivers_config.o
                0x000007bc                Board_init
 .text.prvAddCurrentTaskToDelayedList
                0x000007e8       0xf4 ./syscfg/ti_freertos_config.o
 .text.resetISR
                0x000008dc       0x10 ./syscfg/ti_freertos_config.o
                0x000008dc                resetISR
 .text.Exception_handlerSpin
                0x000008ec        0x4 ./syscfg/ti_freertos_config.o
                0x000008ec                Exception_handlerSpin
 .text.HwiP_dispatch
                0x000008f0       0x28 ./syscfg/ti_freertos_config.o
                0x000008f0                HwiP_dispatch
 .text.prvAddNewTaskToReadyList
                0x00000918      0x1fc ./syscfg/ti_freertos_config.o
 .text.prvInitialiseNewTask.isra.0
                0x00000b14      0x118 ./syscfg/ti_freertos_config.o
 .text.prvInsertTimerInActiveList
                0x00000c2c       0x84 ./syscfg/ti_freertos_config.o
 .text.ClockP_hwiCallback
                0x00000cb0      0x17c ./syscfg/ti_freertos_config.o
 .text.ClockP_startup.part.0
                0x00000e2c      0x108 ./syscfg/ti_freertos_config.o
 .text.xTaskIncrementTick.part.0
                0x00000f34      0x174 ./syscfg/ti_freertos_config.o
 .text.prvCheckForValidListAndQueue
                0x000010a8       0xbc ./syscfg/ti_freertos_config.o
 .text.vTaskStartScheduler
                0x00001164      0x18c ./syscfg/ti_freertos_config.o
                0x00001164                vTaskStartScheduler
 .text.xTaskResumeAll
                0x000012f0      0x190 ./syscfg/ti_freertos_config.o
                0x000012f0                xTaskResumeAll
 .text.prvIdleTask
                0x00001480      0x28c ./syscfg/ti_freertos_config.o
 .text.removeThreadKeys
                0x0000170c       0xf4 ./syscfg/ti_freertos_config.o
 .text.xTaskIncrementTick
                0x00001800       0x24 ./syscfg/ti_freertos_config.o
                0x00001800                xTaskIncrementTick
 .text.xTaskRemoveFromEventList
                0x00001824       0xf8 ./syscfg/ti_freertos_config.o
                0x00001824                xTaskRemoveFromEventList
 .text.prvUnlockQueue
                0x0000191c      0x194 ./syscfg/ti_freertos_config.o
 .text.xQueueReceive
                0x00001ab0      0x1b8 ./syscfg/ti_freertos_config.o
                0x00001ab0                xQueueReceive
 .text.prvTimerTask
                0x00001c68      0x5e0 ./syscfg/ti_freertos_config.o
 .text.xTaskPriorityInherit
                0x00002248       0xa8 ./syscfg/ti_freertos_config.o
                0x00002248                xTaskPriorityInherit
 .text.xTaskPriorityDisinherit
                0x000022f0       0x78 ./syscfg/ti_freertos_config.o
                0x000022f0                xTaskPriorityDisinherit
 .text.xQueueGenericSend.constprop.0
                0x00002368      0x300 ./syscfg/ti_freertos_config.o
 .text.vTaskPriorityDisinheritAfterTimeout
                0x00002668       0x90 ./syscfg/ti_freertos_config.o
                0x00002668                vTaskPriorityDisinheritAfterTimeout
 .text.xQueueSemaphoreTake
                0x000026f8      0x1f4 ./syscfg/ti_freertos_config.o
                0x000026f8                xQueueSemaphoreTake
 .text.pvPortMalloc
                0x000028ec      0x148 ./syscfg/ti_freertos_config.o
                0x000028ec                pvPortMalloc
 .text.xQueueGenericCreate.part.0
                0x00002a34       0xcc ./syscfg/ti_freertos_config.o
 .text.vPortFree
                0x00002b00       0x90 ./syscfg/ti_freertos_config.o
                0x00002b00                vPortFree
 .text.vTaskDelete
                0x00002b90      0x11c ./syscfg/ti_freertos_config.o
                0x00002b90                vTaskDelete
 .text.vApplicationStackOverflowHook
                0x00002cac        0x4 ./syscfg/ti_freertos_config.o
                0x00002cac                vApplicationStackOverflowHook
 .text.vTaskSwitchContext.part.0
                0x00002cb0      0x128 ./syscfg/ti_freertos_config.o
 .text.vTaskSwitchContext
                0x00002dd8       0x20 ./syscfg/ti_freertos_config.o
                0x00002dd8                vTaskSwitchContext
 .text.vTaskSuspend
                0x00002df8      0x110 ./syscfg/ti_freertos_config.o
                0x00002df8                vTaskSuspend
 .text.SemaphoreP_constructBinary
                0x00002f08       0x78 ./syscfg/ti_freertos_config.o
                0x00002f08                SemaphoreP_constructBinary
 .text.SemaphoreP_pend
                0x00002f80       0xb4 ./syscfg/ti_freertos_config.o
                0x00002f80                SemaphoreP_pend
 .text.SemaphoreP_post
                0x00003034       0x60 ./syscfg/ti_freertos_config.o
                0x00003034                SemaphoreP_post
 .text.ClockP_start
                0x00003094       0xbc ./syscfg/ti_freertos_config.o
                0x00003094                ClockP_start
 .text.ClockP_construct
                0x00003150       0x64 ./syscfg/ti_freertos_config.o
                0x00003150                ClockP_construct
 .text.ClockP_stop
                0x000031b4       0xec ./syscfg/ti_freertos_config.o
                0x000031b4                ClockP_stop
 .text.ClockP_setFunc
                0x000032a0       0x4c ./syscfg/ti_freertos_config.o
                0x000032a0                ClockP_setFunc
 .text.ClockP_getCpuFreq
                0x000032ec        0xc ./syscfg/ti_freertos_config.o
                0x000032ec                ClockP_getCpuFreq
 .text.ClockP_getSystemTickPeriod
                0x000032f8        0x4 ./syscfg/ti_freertos_config.o
                0x000032f8                ClockP_getSystemTickPeriod
 .text.HwiP_clearInterrupt
                0x000032fc        0x8 ./syscfg/ti_freertos_config.o
                0x000032fc                HwiP_clearInterrupt
 .text.HwiP_construct
                0x00003304       0x88 ./syscfg/ti_freertos_config.o
                0x00003304                HwiP_construct
 .text.HwiP_disable
                0x0000338c       0x28 ./syscfg/ti_freertos_config.o
                0x0000338c                HwiP_disable
 .text.HwiP_enableInterrupt
                0x000033b4        0x8 ./syscfg/ti_freertos_config.o
                0x000033b4                HwiP_enableInterrupt
 .text.HwiP_interruptsEnabled
                0x000033bc        0xc ./syscfg/ti_freertos_config.o
                0x000033bc                HwiP_interruptsEnabled
 .text.HwiP_Params_init
                0x000033c8       0x14 ./syscfg/ti_freertos_config.o
                0x000033c8                HwiP_Params_init
 .text.HwiP_restore
                0x000033dc       0x1c ./syscfg/ti_freertos_config.o
                0x000033dc                HwiP_restore
 .text.PowerCC23X0_standbyPolicy
                0x000033f8      0x200 ./syscfg/ti_freertos_config.o
                0x000033f8                PowerCC23X0_standbyPolicy
 .text.localProgramStart
                0x000035f8       0xb4 ./syscfg/ti_freertos_config.o
                0x000035f8                localProgramStart
 .text._fini    0x000036ac        0x4 ./syscfg/ti_freertos_config.o
                0x000036ac                _fini
 .text._free_r  0x000036b0       0x10 ./syscfg/ti_freertos_config.o
                0x000036b0                _free_r
 .text.pthread_attr_init
                0x000036c0       0x18 ./syscfg/ti_freertos_config.o
                0x000036c0                pthread_attr_init
 .text.pthread_attr_setdetachstate
                0x000036d8       0x10 ./syscfg/ti_freertos_config.o
                0x000036d8                pthread_attr_setdetachstate
 .text.pthread_attr_setschedparam
                0x000036e8       0x14 ./syscfg/ti_freertos_config.o
                0x000036e8                pthread_attr_setschedparam
 .text.pthread_attr_setstacksize
                0x000036fc        0x8 ./syscfg/ti_freertos_config.o
                0x000036fc                pthread_attr_setstacksize
 .text.pthread_create
                0x00003704      0x158 ./syscfg/ti_freertos_config.o
                0x00003704                pthread_create
 .text.pthread_exit
                0x0000385c       0x7c ./syscfg/ti_freertos_config.o
                0x0000385c                pthread_exit
 .text._pthread_runStub
                0x000038d8       0x10 ./syscfg/ti_freertos_config.o
 .text.sem_init
                0x000038e8       0x9c ./syscfg/ti_freertos_config.o
                0x000038e8                sem_init
 .text.sem_post
                0x00003984       0x80 ./syscfg/ti_freertos_config.o
                0x00003984                sem_post
 .text.sem_wait
                0x00003a04       0x10 ./syscfg/ti_freertos_config.o
                0x00003a04                sem_wait
 .text.usleep   0x00003a14       0x54 ./syscfg/ti_freertos_config.o
                0x00003a14                usleep
 .text.prvTaskExitError
                0x00003a68       0x14 ./syscfg/ti_freertos_portable_config.o
 *fill*         0x00003a7c        0x4 
 .text.vPortStartFirstTask
                0x00003a80       0x34 ./syscfg/ti_freertos_portable_config.o
 .text.pxPortInitialiseStack
                0x00003ab4       0x20 ./syscfg/ti_freertos_portable_config.o
                0x00003ab4                pxPortInitialiseStack
 .text.vPortSVCHandler
                0x00003ad4        0x4 ./syscfg/ti_freertos_portable_config.o
                0x00003ad4                vPortSVCHandler
 .text.vPortYield
                0x00003ad8       0x18 ./syscfg/ti_freertos_portable_config.o
                0x00003ad8                vPortYield
 .text.vPortEnterCritical
                0x00003af0       0x18 ./syscfg/ti_freertos_portable_config.o
                0x00003af0                vPortEnterCritical
 .text.vPortExitCritical
                0x00003b08       0x14 ./syscfg/ti_freertos_portable_config.o
                0x00003b08                vPortExitCritical
 .text.ulSetInterruptMaskFromISR
                0x00003b1c        0x8 ./syscfg/ti_freertos_portable_config.o
                0x00003b1c                ulSetInterruptMaskFromISR
 .text.vClearInterruptMaskFromISR
                0x00003b24        0x8 ./syscfg/ti_freertos_portable_config.o
                0x00003b24                vClearInterruptMaskFromISR
 *fill*         0x00003b2c        0x4 
 .text.xPortPendSVHandler
                0x00003b30       0x44 ./syscfg/ti_freertos_portable_config.o
                0x00003b30                xPortPendSVHandler
 .text.xPortSysTickHandler
                0x00003b74       0x24 ./syscfg/ti_freertos_portable_config.o
                0x00003b74                xPortSysTickHandler
 .text.vPortSetupTimerInterrupt
                0x00003b98       0x4c ./syscfg/ti_freertos_portable_config.o
                0x00003b98                vPortSetupTimerInterrupt
 .text.xPortStartScheduler
                0x00003be4       0x44 ./syscfg/ti_freertos_portable_config.o
                0x00003be4                xPortStartScheduler
 .text.SSCP_decodePacket.part.0
                0x00003c28      0x27c ./sscp/src/sscp.o
 .text.SSCP_encodePacket
                0x00003ea4       0xe4 ./sscp/src/sscp.o
                0x00003ea4                SSCP_encodePacket
 .text.SSCP_handleRxByte
                0x00003f88       0xd4 ./sscp/src/sscp.o
                0x00003f88                SSCP_handleRxByte
 .text.SSCP_process
                0x0000405c      0x15c ./sscp/src/sscp.o
                0x0000405c                SSCP_process
 .text.List_clearList
                0x000041b8       0x14 C:/ti/simplelink_lowpower_f3_sdk_9_14_01_16/source\ti/drivers/lib/gcc/m0p/drivers_cc23x0r5.a(List.c.obj)
                0x000041b8                List_clearList
 .text.List_put
                0x000041cc       0x24 C:/ti/simplelink_lowpower_f3_sdk_9_14_01_16/source\ti/drivers/lib/gcc/m0p/drivers_cc23x0r5.a(List.c.obj)
                0x000041cc                List_put
 .text.Math_divideBy1000
                0x000041f0       0x28 C:/ti/simplelink_lowpower_f3_sdk_9_14_01_16/source\ti/drivers/lib/gcc/m0p/drivers_cc23x0r5.a(Math.c.obj)
                0x000041f0                Math_divideBy1000
 .text.UDMALPF3_postNotifyFxn
                0x00004218       0x44 C:/ti/simplelink_lowpower_f3_sdk_9_14_01_16/source\ti/drivers/lib/gcc/m0p/drivers_cc23x0r5.a(UDMALPF3.c.obj)
 .text.UDMALPF3_init
                0x0000425c       0x60 C:/ti/simplelink_lowpower_f3_sdk_9_14_01_16/source\ti/drivers/lib/gcc/m0p/drivers_cc23x0r5.a(UDMALPF3.c.obj)
                0x0000425c                UDMALPF3_init
 .text.GPIO_setCallback
                0x000042bc       0x1c C:/ti/simplelink_lowpower_f3_sdk_9_14_01_16/source\ti/drivers/lib/gcc/m0p/drivers_cc23x0r5.a(GPIO.c.obj)
                0x000042bc                GPIO_setCallback
 .text.GPIO_resetConfig
                0x000042d8       0x38 C:/ti/simplelink_lowpower_f3_sdk_9_14_01_16/source\ti/drivers/lib/gcc/m0p/drivers_cc23x0r5.a(GPIO.c.obj)
                0x000042d8                GPIO_resetConfig
 .text.GPIO_hwiIntFxn
                0x00004310       0x44 C:/ti/simplelink_lowpower_f3_sdk_9_14_01_16/source\ti/drivers/lib/gcc/m0p/drivers_cc23x0r5.a(GPIOLPF3.c.obj)
                0x00004310                GPIO_hwiIntFxn
 .text.GPIO_disableInt
                0x00004354       0x14 C:/ti/simplelink_lowpower_f3_sdk_9_14_01_16/source\ti/drivers/lib/gcc/m0p/drivers_cc23x0r5.a(GPIOLPF3.c.obj)
                0x00004354                GPIO_disableInt
 .text.GPIO_enableInt
                0x00004368       0x1c C:/ti/simplelink_lowpower_f3_sdk_9_14_01_16/source\ti/drivers/lib/gcc/m0p/drivers_cc23x0r5.a(GPIOLPF3.c.obj)
                0x00004368                GPIO_enableInt
 .text.GPIO_init
                0x00004384      0x114 C:/ti/simplelink_lowpower_f3_sdk_9_14_01_16/source\ti/drivers/lib/gcc/m0p/drivers_cc23x0r5.a(GPIOLPF3.c.obj)
                0x00004384                GPIO_init
 .text.GPIO_read
                0x00004498       0x10 C:/ti/simplelink_lowpower_f3_sdk_9_14_01_16/source\ti/drivers/lib/gcc/m0p/drivers_cc23x0r5.a(GPIOLPF3.c.obj)
                0x00004498                GPIO_read
 .text.GPIO_setConfig
                0x000044a8       0x8c C:/ti/simplelink_lowpower_f3_sdk_9_14_01_16/source\ti/drivers/lib/gcc/m0p/drivers_cc23x0r5.a(GPIOLPF3.c.obj)
                0x000044a8                GPIO_setConfig
 .text.GPIO_toggle
                0x00004534       0x14 C:/ti/simplelink_lowpower_f3_sdk_9_14_01_16/source\ti/drivers/lib/gcc/m0p/drivers_cc23x0r5.a(GPIOLPF3.c.obj)
                0x00004534                GPIO_toggle
 .text.GPIO_write
                0x00004548       0x18 C:/ti/simplelink_lowpower_f3_sdk_9_14_01_16/source\ti/drivers/lib/gcc/m0p/drivers_cc23x0r5.a(GPIOLPF3.c.obj)
                0x00004548                GPIO_write
 .text.GPIO_setConfigAndMux
                0x00004560       0x84 C:/ti/simplelink_lowpower_f3_sdk_9_14_01_16/source\ti/drivers/lib/gcc/m0p/drivers_cc23x0r5.a(GPIOLPF3.c.obj)
                0x00004560                GPIO_setConfigAndMux
 .text.PowerCC23X0_lfxtQual
                0x000045e4       0xe8 C:/ti/simplelink_lowpower_f3_sdk_9_14_01_16/source\ti/drivers/lib/gcc/m0p/drivers_cc23x0r5.a(PowerCC23X0.c.obj)
 .text.PowerCC23X0_rtcISR
                0x000046cc       0x14 C:/ti/simplelink_lowpower_f3_sdk_9_14_01_16/source\ti/drivers/lib/gcc/m0p/drivers_cc23x0r5.a(PowerCC23X0.c.obj)
 .text.PowerCC23X0_hfxtAmpsettledTimeout
                0x000046e0       0x5c C:/ti/simplelink_lowpower_f3_sdk_9_14_01_16/source\ti/drivers/lib/gcc/m0p/drivers_cc23x0r5.a(PowerCC23X0.c.obj)
 .text.PowerCC23X0_startHFXT
                0x0000473c       0xb8 C:/ti/simplelink_lowpower_f3_sdk_9_14_01_16/source\ti/drivers/lib/gcc/m0p/drivers_cc23x0r5.a(PowerCC23X0.c.obj)
 .text.Power_sleep.part.0
                0x000047f4       0xc4 C:/ti/simplelink_lowpower_f3_sdk_9_14_01_16/source\ti/drivers/lib/gcc/m0p/drivers_cc23x0r5.a(PowerCC23X0.c.obj)
 .text.PowerCC23X0_oscillatorISR
                0x000048b8      0x20c C:/ti/simplelink_lowpower_f3_sdk_9_14_01_16/source\ti/drivers/lib/gcc/m0p/drivers_cc23x0r5.a(PowerCC23X0.c.obj)
 .text.Power_init
                0x00004ac4      0x10c C:/ti/simplelink_lowpower_f3_sdk_9_14_01_16/source\ti/drivers/lib/gcc/m0p/drivers_cc23x0r5.a(PowerCC23X0.c.obj)
                0x00004ac4                Power_init
 .text.Power_getConstraintMask
                0x00004bd0        0xc C:/ti/simplelink_lowpower_f3_sdk_9_14_01_16/source\ti/drivers/lib/gcc/m0p/drivers_cc23x0r5.a(PowerCC23X0.c.obj)
                0x00004bd0                Power_getConstraintMask
 .text.Power_idleFunc
                0x00004bdc       0x20 C:/ti/simplelink_lowpower_f3_sdk_9_14_01_16/source\ti/drivers/lib/gcc/m0p/drivers_cc23x0r5.a(PowerCC23X0.c.obj)
                0x00004bdc                Power_idleFunc
 .text.Power_registerNotify
                0x00004bfc       0x28 C:/ti/simplelink_lowpower_f3_sdk_9_14_01_16/source\ti/drivers/lib/gcc/m0p/drivers_cc23x0r5.a(PowerCC23X0.c.obj)
                0x00004bfc                Power_registerNotify
 .text.Power_setConstraint
                0x00004c24       0x30 C:/ti/simplelink_lowpower_f3_sdk_9_14_01_16/source\ti/drivers/lib/gcc/m0p/drivers_cc23x0r5.a(PowerCC23X0.c.obj)
                0x00004c24                Power_setConstraint
 .text.Power_releaseConstraint
                0x00004c54       0x34 C:/ti/simplelink_lowpower_f3_sdk_9_14_01_16/source\ti/drivers/lib/gcc/m0p/drivers_cc23x0r5.a(PowerCC23X0.c.obj)
                0x00004c54                Power_releaseConstraint
 .text.Power_setDependency
                0x00004c88       0x70 C:/ti/simplelink_lowpower_f3_sdk_9_14_01_16/source\ti/drivers/lib/gcc/m0p/drivers_cc23x0r5.a(PowerCC23X0.c.obj)
                0x00004c88                Power_setDependency
 .text.Power_releaseDependency
                0x00004cf8       0x70 C:/ti/simplelink_lowpower_f3_sdk_9_14_01_16/source\ti/drivers/lib/gcc/m0p/drivers_cc23x0r5.a(PowerCC23X0.c.obj)
                0x00004cf8                Power_releaseDependency
 .text.PowerCC23X0_doWFI
                0x00004d68       0x10 C:/ti/simplelink_lowpower_f3_sdk_9_14_01_16/source\ti/drivers/lib/gcc/m0p/drivers_cc23x0r5.a(PowerCC23X0.c.obj)
                0x00004d68                PowerCC23X0_doWFI
 .text.PowerLPF3_selectLFXT
                0x00004d78       0xa4 C:/ti/simplelink_lowpower_f3_sdk_9_14_01_16/source\ti/drivers/lib/gcc/m0p/drivers_cc23x0r5.a(PowerCC23X0.c.obj)
                0x00004d78                PowerLPF3_selectLFXT
 .text.PowerLPF3_sleep
                0x00004e1c      0x120 C:/ti/simplelink_lowpower_f3_sdk_9_14_01_16/source\ti/drivers/lib/gcc/m0p/drivers_cc23x0r5.a(PowerCC23X0.c.obj)
                0x00004e1c                PowerLPF3_sleep
 .text.PowerLPF3_isLfincFilterAllowingStandby
                0x00004f3c       0x30 C:/ti/simplelink_lowpower_f3_sdk_9_14_01_16/source\ti/drivers/lib/gcc/m0p/drivers_cc23x0r5.a(PowerCC23X0.c.obj)
                0x00004f3c                PowerLPF3_isLfincFilterAllowingStandby
 .text.UART2_Params_init
                0x00004f6c       0x18 C:/ti/simplelink_lowpower_f3_sdk_9_14_01_16/source\ti/drivers/lib/gcc/m0p/drivers_cc23x0r5.a(UART2.c.obj)
                0x00004f6c                UART2_Params_init
 .text.UART2_rxEnable
                0x00004f84       0x3c C:/ti/simplelink_lowpower_f3_sdk_9_14_01_16/source\ti/drivers/lib/gcc/m0p/drivers_cc23x0r5.a(UART2.c.obj)
                0x00004f84                UART2_rxEnable
 .text.UART2_readTimeout
                0x00004fc0      0x1cc C:/ti/simplelink_lowpower_f3_sdk_9_14_01_16/source\ti/drivers/lib/gcc/m0p/drivers_cc23x0r5.a(UART2.c.obj)
                0x00004fc0                UART2_readTimeout
 .text.UART2_readFull
                0x0000518c       0x60 C:/ti/simplelink_lowpower_f3_sdk_9_14_01_16/source\ti/drivers/lib/gcc/m0p/drivers_cc23x0r5.a(UART2.c.obj)
                0x0000518c                UART2_readFull
 .text.UART2_read
                0x000051ec       0x28 C:/ti/simplelink_lowpower_f3_sdk_9_14_01_16/source\ti/drivers/lib/gcc/m0p/drivers_cc23x0r5.a(UART2.c.obj)
                0x000051ec                UART2_read
 .text.UART2_writeTimeoutBlocking
                0x00005214      0x178 C:/ti/simplelink_lowpower_f3_sdk_9_14_01_16/source\ti/drivers/lib/gcc/m0p/drivers_cc23x0r5.a(UART2.c.obj)
                0x00005214                UART2_writeTimeoutBlocking
 .text.UART2_writeTimeoutNonblocking
                0x0000538c      0x144 C:/ti/simplelink_lowpower_f3_sdk_9_14_01_16/source\ti/drivers/lib/gcc/m0p/drivers_cc23x0r5.a(UART2.c.obj)
                0x0000538c                UART2_writeTimeoutNonblocking
 .text.UART2_writeTimeout
                0x000054d0       0x24 C:/ti/simplelink_lowpower_f3_sdk_9_14_01_16/source\ti/drivers/lib/gcc/m0p/drivers_cc23x0r5.a(UART2.c.obj)
                0x000054d0                UART2_writeTimeout
 .text.UART2_write
                0x000054f4       0x14 C:/ti/simplelink_lowpower_f3_sdk_9_14_01_16/source\ti/drivers/lib/gcc/m0p/drivers_cc23x0r5.a(UART2.c.obj)
                0x000054f4                UART2_write
 .text.UART2LPF3_eventCallback
                0x00005508        0x4 C:/ti/simplelink_lowpower_f3_sdk_9_14_01_16/source\ti/drivers/lib/gcc/m0p/drivers_cc23x0r5.a(UART2LPF3.c.obj)
 .text.UART2LPF3_preNotifyFxn
                0x0000550c       0x40 C:/ti/simplelink_lowpower_f3_sdk_9_14_01_16/source\ti/drivers/lib/gcc/m0p/drivers_cc23x0r5.a(UART2LPF3.c.obj)
 .text.UART2LPF3_initHw.isra.0
                0x0000554c      0x158 C:/ti/simplelink_lowpower_f3_sdk_9_14_01_16/source\ti/drivers/lib/gcc/m0p/drivers_cc23x0r5.a(UART2LPF3.c.obj)
 .text.UART2LPF3_postNotifyFxn
                0x000056a4       0x54 C:/ti/simplelink_lowpower_f3_sdk_9_14_01_16/source\ti/drivers/lib/gcc/m0p/drivers_cc23x0r5.a(UART2LPF3.c.obj)
 .text.UART2_open
                0x000056f8      0x1cc C:/ti/simplelink_lowpower_f3_sdk_9_14_01_16/source\ti/drivers/lib/gcc/m0p/drivers_cc23x0r5.a(UART2LPF3.c.obj)
                0x000056f8                UART2_open
 .text.UART2Support_disableTx
                0x000058c4       0x10 C:/ti/simplelink_lowpower_f3_sdk_9_14_01_16/source\ti/drivers/lib/gcc/m0p/drivers_cc23x0r5.a(UART2LPF3.c.obj)
                0x000058c4                UART2Support_disableTx
 .text.UART2Support_dmaStartTx
                0x000058d4       0xe8 C:/ti/simplelink_lowpower_f3_sdk_9_14_01_16/source\ti/drivers/lib/gcc/m0p/drivers_cc23x0r5.a(UART2LPF3.c.obj)
                0x000058d4                UART2Support_dmaStartTx
 .text.UART2Support_dmaStopRx
                0x000059bc       0x78 C:/ti/simplelink_lowpower_f3_sdk_9_14_01_16/source\ti/drivers/lib/gcc/m0p/drivers_cc23x0r5.a(UART2LPF3.c.obj)
                0x000059bc                UART2Support_dmaStopRx
 .text.UART2Support_dmaStartRx
                0x00005a34       0xf4 C:/ti/simplelink_lowpower_f3_sdk_9_14_01_16/source\ti/drivers/lib/gcc/m0p/drivers_cc23x0r5.a(UART2LPF3.c.obj)
                0x00005a34                UART2Support_dmaStartRx
 .text.UART2Support_dmaStopTx
                0x00005b28       0x84 C:/ti/simplelink_lowpower_f3_sdk_9_14_01_16/source\ti/drivers/lib/gcc/m0p/drivers_cc23x0r5.a(UART2LPF3.c.obj)
                0x00005b28                UART2Support_dmaStopTx
 .text.UART2LPF3_hwiIntFxn
                0x00005bac      0x310 C:/ti/simplelink_lowpower_f3_sdk_9_14_01_16/source\ti/drivers/lib/gcc/m0p/drivers_cc23x0r5.a(UART2LPF3.c.obj)
 .text.UART2Support_enableInts
                0x00005ebc       0x2c C:/ti/simplelink_lowpower_f3_sdk_9_14_01_16/source\ti/drivers/lib/gcc/m0p/drivers_cc23x0r5.a(UART2LPF3.c.obj)
                0x00005ebc                UART2Support_enableInts
 .text.UART2Support_enableRx
                0x00005ee8       0x10 C:/ti/simplelink_lowpower_f3_sdk_9_14_01_16/source\ti/drivers/lib/gcc/m0p/drivers_cc23x0r5.a(UART2LPF3.c.obj)
                0x00005ee8                UART2Support_enableRx
 .text.UART2Support_enableTx
                0x00005ef8       0x10 C:/ti/simplelink_lowpower_f3_sdk_9_14_01_16/source\ti/drivers/lib/gcc/m0p/drivers_cc23x0r5.a(UART2LPF3.c.obj)
                0x00005ef8                UART2Support_enableTx
 .text.UART2Support_powerSetConstraint
                0x00005f08        0xc C:/ti/simplelink_lowpower_f3_sdk_9_14_01_16/source\ti/drivers/lib/gcc/m0p/drivers_cc23x0r5.a(UART2LPF3.c.obj)
                0x00005f08                UART2Support_powerSetConstraint
 .text.UART2Support_sendData
                0x00005f14       0x28 C:/ti/simplelink_lowpower_f3_sdk_9_14_01_16/source\ti/drivers/lib/gcc/m0p/drivers_cc23x0r5.a(UART2LPF3.c.obj)
                0x00005f14                UART2Support_sendData
 .text.UART2Support_txDone
                0x00005f3c        0xc C:/ti/simplelink_lowpower_f3_sdk_9_14_01_16/source\ti/drivers/lib/gcc/m0p/drivers_cc23x0r5.a(UART2LPF3.c.obj)
                0x00005f3c                UART2Support_txDone
 .text.RingBuf_construct
                0x00005f48       0x14 C:/ti/simplelink_lowpower_f3_sdk_9_14_01_16/source\ti/drivers/lib/gcc/m0p/drivers_cc23x0r5.a(RingBuf.c.obj)
                0x00005f48                RingBuf_construct
 .text.RingBuf_getConsume
                0x00005f5c       0x30 C:/ti/simplelink_lowpower_f3_sdk_9_14_01_16/source\ti/drivers/lib/gcc/m0p/drivers_cc23x0r5.a(RingBuf.c.obj)
                0x00005f5c                RingBuf_getConsume
 .text.RingBuf_getCount
                0x00005f8c        0x4 C:/ti/simplelink_lowpower_f3_sdk_9_14_01_16/source\ti/drivers/lib/gcc/m0p/drivers_cc23x0r5.a(RingBuf.c.obj)
                0x00005f8c                RingBuf_getCount
 .text.RingBuf_getPointer
                0x00005f90       0x28 C:/ti/simplelink_lowpower_f3_sdk_9_14_01_16/source\ti/drivers/lib/gcc/m0p/drivers_cc23x0r5.a(RingBuf.c.obj)
                0x00005f90                RingBuf_getPointer
 .text.RingBuf_put
                0x00005fb8       0x48 C:/ti/simplelink_lowpower_f3_sdk_9_14_01_16/source\ti/drivers/lib/gcc/m0p/drivers_cc23x0r5.a(RingBuf.c.obj)
                0x00005fb8                RingBuf_put
 .text.RingBuf_putAdvance
                0x00006000       0x44 C:/ti/simplelink_lowpower_f3_sdk_9_14_01_16/source\ti/drivers/lib/gcc/m0p/drivers_cc23x0r5.a(RingBuf.c.obj)
                0x00006000                RingBuf_putAdvance
 .text.RingBuf_putPointer
                0x00006044       0x34 C:/ti/simplelink_lowpower_f3_sdk_9_14_01_16/source\ti/drivers/lib/gcc/m0p/drivers_cc23x0r5.a(RingBuf.c.obj)
                0x00006044                RingBuf_putPointer
 .text.CPUDelay
                0x00006078        0x8 C:/ti/simplelink_lowpower_f3_sdk_9_14_01_16/source\ti/devices/cc23x0r5/driverlib/lib/gcc/driverlib.a(cpu.c.obj)
                0x00006078                CPUDelay
 .text.EVTSVTConfigureDma
                0x00006080        0xc C:/ti/simplelink_lowpower_f3_sdk_9_14_01_16/source\ti/devices/cc23x0r5/driverlib/lib/gcc/driverlib.a(evtsvt.c.obj)
                0x00006080                EVTSVTConfigureDma
 .text.EVTSVTConfigureEvent
                0x0000608c       0x10 C:/ti/simplelink_lowpower_f3_sdk_9_14_01_16/source\ti/devices/cc23x0r5/driverlib/lib/gcc/driverlib.a(evtsvt.c.obj)
                0x0000608c                EVTSVTConfigureEvent
 .text.IntRegister
                0x0000609c       0x30 C:/ti/simplelink_lowpower_f3_sdk_9_14_01_16/source\ti/devices/cc23x0r5/driverlib/lib/gcc/driverlib.a(interrupt.c.obj)
                0x0000609c                IntRegister
 .text.IntSetPriority
                0x000060cc       0xac C:/ti/simplelink_lowpower_f3_sdk_9_14_01_16/source\ti/devices/cc23x0r5/driverlib/lib/gcc/driverlib.a(interrupt.c.obj)
                0x000060cc                IntSetPriority
 .text.IntEnable
                0x00006178       0x28 C:/ti/simplelink_lowpower_f3_sdk_9_14_01_16/source\ti/devices/cc23x0r5/driverlib/lib/gcc/driverlib.a(interrupt.c.obj)
                0x00006178                IntEnable
 .text.IntClearPend
                0x000061a0       0x40 C:/ti/simplelink_lowpower_f3_sdk_9_14_01_16/source\ti/devices/cc23x0r5/driverlib/lib/gcc/driverlib.a(interrupt.c.obj)
                0x000061a0                IntClearPend
 .text.LRFDSetClockDependency
                0x000061e0       0x60 C:/ti/simplelink_lowpower_f3_sdk_9_14_01_16/source\ti/devices/cc23x0r5/driverlib/lib/gcc/driverlib.a(lrfd.c.obj)
                0x000061e0                LRFDSetClockDependency
 .text.LRFDReleaseClockDependency
                0x00006240       0x60 C:/ti/simplelink_lowpower_f3_sdk_9_14_01_16/source\ti/devices/cc23x0r5/driverlib/lib/gcc/driverlib.a(lrfd.c.obj)
                0x00006240                LRFDReleaseClockDependency
 .text.LRFDApplyClockDependencies
                0x000062a0       0x54 C:/ti/simplelink_lowpower_f3_sdk_9_14_01_16/source\ti/devices/cc23x0r5/driverlib/lib/gcc/driverlib.a(lrfd.c.obj)
                0x000062a0                LRFDApplyClockDependencies
 .text.SetupTrimDevice
                0x000062f4       0x48 C:/ti/simplelink_lowpower_f3_sdk_9_14_01_16/source\ti/devices/cc23x0r5/driverlib/lib/gcc/driverlib.a(setup.c.obj)
                0x000062f4                SetupTrimDevice
 .text.UARTConfigSetExpClk
                0x0000633c       0x4c C:/ti/simplelink_lowpower_f3_sdk_9_14_01_16/source\ti/devices/cc23x0r5/driverlib/lib/gcc/driverlib.a(uart.c.obj)
                0x0000633c                UARTConfigSetExpClk
 .text.UARTDisable
                0x00006388       0x24 C:/ti/simplelink_lowpower_f3_sdk_9_14_01_16/source\ti/devices/cc23x0r5/driverlib/lib/gcc/driverlib.a(uart.c.obj)
                0x00006388                UARTDisable
 .text.uDMAEnableChannelAttribute
                0x000063ac       0x34 C:/ti/simplelink_lowpower_f3_sdk_9_14_01_16/source\ti/devices/cc23x0r5/driverlib/lib/gcc/driverlib.a(udma.c.obj)
                0x000063ac                uDMAEnableChannelAttribute
 .text.uDMADisableChannelAttribute
                0x000063e0       0x34 C:/ti/simplelink_lowpower_f3_sdk_9_14_01_16/source\ti/devices/cc23x0r5/driverlib/lib/gcc/driverlib.a(udma.c.obj)
                0x000063e0                uDMADisableChannelAttribute
 .text.uDMAGetChannelSize
                0x00006414       0x18 C:/ti/simplelink_lowpower_f3_sdk_9_14_01_16/source\ti/devices/cc23x0r5/driverlib/lib/gcc/driverlib.a(udma.c.obj)
                0x00006414                uDMAGetChannelSize
 .text.__errno  0x0000642c        0xc C:/ti/gcc-arm-none-eabi_9_3_1/arm-none-eabi/lib/thumb/v6-m/nofp\libc_nano.a(lib_a-errno.o)
                0x0000642c                __errno
 .text.memcpy   0x00006438       0x12 C:/ti/gcc-arm-none-eabi_9_3_1/arm-none-eabi/lib/thumb/v6-m/nofp\libc_nano.a(lib_a-memcpy-stub.o)
                0x00006438                memcpy
 .text.memset   0x0000644a       0x10 C:/ti/gcc-arm-none-eabi_9_3_1/arm-none-eabi/lib/thumb/v6-m/nofp\libc_nano.a(lib_a-memset.o)
                0x0000644a                memset
 .text.cleanup_glue
                0x0000645a       0x1a C:/ti/gcc-arm-none-eabi_9_3_1/arm-none-eabi/lib/thumb/v6-m/nofp\libc_nano.a(lib_a-reent.o)
                0x0000645a                cleanup_glue
 .text._reclaim_reent
                0x00006474       0xcc C:/ti/gcc-arm-none-eabi_9_3_1/arm-none-eabi/lib/thumb/v6-m/nofp\libc_nano.a(lib_a-reent.o)
                0x00006474                _reclaim_reent
                0x00006540                . = ALIGN (0x4)
 *(.ctors)
                0x00006540                . = ALIGN (0x4)
 *(.dtors)
                0x00006540                . = ALIGN (0x4)
                0x00006540                __init_array_start = .
 *(.init_array*)
                0x00006540                __init_array_end = .
 *(.init)
 *(.fini*)
                [!provide]                PROVIDE (__etext = .)
                [!provide]                PROVIDE (_etext = .)
                [!provide]                PROVIDE (etext = .)

.glue_7         0x00006540        0x0
 .glue_7        0x00006540        0x0 linker stubs

.glue_7t        0x00006540        0x0
 .glue_7t       0x00006540        0x0 linker stubs

.vfp11_veneer   0x00006540        0x0
 .vfp11_veneer  0x00006540        0x0 linker stubs

.v4_bx          0x00006540        0x0
 .v4_bx         0x00006540        0x0 linker stubs

.iplt           0x00006540        0x0
 .iplt          0x00006540        0x0 ./main_freertos.o

.rodata         0x00006540      0x26c
 *(.rodata)
 *(.rodata.*)
 .rodata.GPIO_config
                0x00006540       0x10 ./syscfg/ti_drivers_config.o
                0x00006540                GPIO_config
 .rodata.GPIO_pinLowerBound
                0x00006550        0x1 ./syscfg/ti_drivers_config.o
                0x00006550                GPIO_pinLowerBound
 .rodata.GPIO_pinUpperBound
                0x00006551        0x1 ./syscfg/ti_drivers_config.o
                0x00006551                GPIO_pinUpperBound
 *fill*         0x00006552        0x2 
 .rodata.PowerCC23X0_config
                0x00006554        0xc ./syscfg/ti_drivers_config.o
                0x00006554                PowerCC23X0_config
 .rodata.UART2LPF3_hwAttrs
                0x00006560       0x60 ./syscfg/ti_drivers_config.o
 .rodata.UART2_config
                0x000065c0        0x8 ./syscfg/ti_drivers_config.o
                0x000065c0                UART2_config
 .rodata.UART2_count
                0x000065c8        0x1 ./syscfg/ti_drivers_config.o
                0x000065c8                UART2_count
 *fill*         0x000065c9        0x3 
 .rodata.UDMALPF3_config
                0x000065cc        0x4 ./syscfg/ti_drivers_config.o
                0x000065cc                UDMALPF3_config
 .rodata.prvTimerTask
                0x000065d0       0x28 ./syscfg/ti_freertos_config.o
 .rodata.pthread_create.str1.4
                0x000065f8        0x2 ./syscfg/ti_freertos_config.o
 *fill*         0x000065fa        0x2 
 .rodata.SSCP_encodePacket.str1.4
                0x000065fc       0x11 ./sscp/src/sscp.o
 *fill*         0x0000660d        0x3 
 .rodata.crc8_ccitt_table
                0x00006610      0x100 ./sscp/src/sscp.o
 .rodata.UART2_defaultParams
                0x00006710       0x24 C:/ti/simplelink_lowpower_f3_sdk_9_14_01_16/source\ti/drivers/lib/gcc/m0p/drivers_cc23x0r5.a(UART2.c.obj)
                0x00006710                UART2_defaultParams
 .rodata.parityType
                0x00006734        0x5 C:/ti/simplelink_lowpower_f3_sdk_9_14_01_16/source\ti/drivers/lib/gcc/m0p/drivers_cc23x0r5.a(UART2LPF3.c.obj)
 *fill*         0x00006739        0x3 
 .rodata.stopBits
                0x0000673c        0x2 C:/ti/simplelink_lowpower_f3_sdk_9_14_01_16/source\ti/drivers/lib/gcc/m0p/drivers_cc23x0r5.a(UART2LPF3.c.obj)
 *fill*         0x0000673e        0x2 
 .rodata.dataLength
                0x00006740        0x4 C:/ti/simplelink_lowpower_f3_sdk_9_14_01_16/source\ti/drivers/lib/gcc/m0p/drivers_cc23x0r5.a(UART2LPF3.c.obj)
 .rodata.__sf_fake_stderr
                0x00006744       0x20 C:/ti/gcc-arm-none-eabi_9_3_1/arm-none-eabi/lib/thumb/v6-m/nofp\libc_nano.a(lib_a-findfp.o)
                0x00006744                __sf_fake_stderr
 .rodata.__sf_fake_stdin
                0x00006764       0x20 C:/ti/gcc-arm-none-eabi_9_3_1/arm-none-eabi/lib/thumb/v6-m/nofp\libc_nano.a(lib_a-findfp.o)
                0x00006764                __sf_fake_stdin
 .rodata.__sf_fake_stdout
                0x00006784       0x20 C:/ti/gcc-arm-none-eabi_9_3_1/arm-none-eabi/lib/thumb/v6-m/nofp\libc_nano.a(lib_a-findfp.o)
                0x00006784                __sf_fake_stdout
 *(.rodata_*)
 *(.timestampPFormat)
 .timestampPFormat
                0x000067a4        0x8 ./syscfg/ti_freertos_config.o
                0x000067a4                TimestampP_nativeFormat32
                0x000067a8                TimestampP_nativeFormat64

.data           0x20000420      0x1d8 load address 0x000067ac
                0x000067ac                __data_load__ = LOADADDR (.data)
                0x20000420                __data_start__ = .
 *(.data)
 *(.data.*)
 .data.SSCP_registerHandle_sscpSerialHandleList
                0x20000420       0x30 ./sscp_serial.o
 .data.sscpSerialHandle
                0x20000450       0xb8 ./sscp_serial.o
                0x20000450                sscpSerialHandle
 .data.gpioPinConfigs
                0x20000508       0x68 ./syscfg/ti_drivers_config.o
                0x20000508                gpioPinConfigs
 .data.HwiP_swiPIntNum
                0x20000570        0x4 ./syscfg/ti_freertos_config.o
                0x20000570                HwiP_swiPIntNum
 .data.defaultPthreadAttrs
                0x20000574       0x14 ./syscfg/ti_freertos_config.o
 .data.uxTopUsedPriority
                0x20000588        0x4 ./syscfg/ti_freertos_config.o
                0x20000588                uxTopUsedPriority
 .data.uxCriticalNesting
                0x2000058c        0x4 ./syscfg/ti_freertos_portable_config.o
 .data.powerState
                0x20000590        0x1 C:/ti/simplelink_lowpower_f3_sdk_9_14_01_16/source\ti/drivers/lib/gcc/m0p/drivers_cc23x0r5.a(PowerCC23X0.c.obj)
 *fill*         0x20000591        0x3 
 .data._impure_ptr
                0x20000594        0x4 C:/ti/gcc-arm-none-eabi_9_3_1/arm-none-eabi/lib/thumb/v6-m/nofp\libc_nano.a(lib_a-impure.o)
                0x20000594                _impure_ptr
 .data.impure_data
                0x20000598       0x60 C:/ti/gcc-arm-none-eabi_9_3_1/arm-none-eabi/lib/thumb/v6-m/nofp\libc_nano.a(lib_a-impure.o)
                0x200005f8                . = ALIGN (0x2)
 *(.TI.ramfunc)
                0x200005f8                . = ALIGN (0x4)
                0x200005f8                __data_end__ = .

.igot.plt       0x200005f8        0x0 load address 0x00006984
 .igot.plt      0x200005f8        0x0 ./main_freertos.o

.ARM.exidx      0x00006984        0x8
                0x00006984                __exidx_start = .
 *(.ARM.exidx* .gnu.linkonce.armexidx.*)
 .ARM.exidx     0x00006984        0x8 c:/ti/gcc-arm-none-eabi_9_3_1/bin/../lib/gcc/arm-none-eabi/9.3.1/thumb/v6-m/nofp\libgcc.a(_udivmoddi4.o)
                0x0000698c                __exidx_end = .

.ARM.extab
 *(.ARM.extab* .gnu.linkonce.armextab.*)

.nvs
 *(.nvs)

.ccfg           0x4e020000      0x800
 *(.ccfg)
 .ccfg          0x4e020000      0x800 ./syscfg/ti_devices_config.o
                0x4e020000                ccfg

.rel.dyn        0x4e020800        0x0
 .rel.iplt      0x4e020800        0x0 ./main_freertos.o

.scfg
 *(.scfg)

.bss            0x200005f8     0x2dd8
                0x200005f8                __bss_start__ = .
 *(.shbss)
 *(.bss)
 *(.bss.*)
 .bss.sem       0x200005f8       0x1c ./sscp_serial.o
 .bss.uart2RxRingBuffer0
                0x20000614       0x20 ./syscfg/ti_drivers_config.o
 .bss.uart2TxRingBuffer0
                0x20000634       0x20 ./syscfg/ti_drivers_config.o
 .bss.ClockP_defaultParams
                0x20000654        0xc ./syscfg/ti_freertos_config.o
 .bss.ClockP_inWorkFunc
                0x20000660        0x1 ./syscfg/ti_freertos_config.o
 .bss.ClockP_initialized
                0x20000661        0x1 ./syscfg/ti_freertos_config.o
 *fill*         0x20000662        0x2 
 .bss.ClockP_list
                0x20000664        0x8 ./syscfg/ti_freertos_config.o
 .bss.ClockP_nextScheduledTick
                0x2000066c        0x4 ./syscfg/ti_freertos_config.o
 .bss.ClockP_startOrStopDuringWorkFunc
                0x20000670        0x1 ./syscfg/ti_freertos_config.o
 *fill*         0x20000671        0x3 
 .bss.ClockP_ticks
                0x20000674        0x4 ./syscfg/ti_freertos_config.o
 .bss.HwiP_dispatchTable
                0x20000678       0x8c ./syscfg/ti_freertos_config.o
 .bss.PowerCC23X0_idleTimeOS
                0x20000704        0x4 ./syscfg/ti_freertos_config.o
 .bss.pxCurrentTCB
                0x20000708        0x4 ./syscfg/ti_freertos_config.o
                0x20000708                pxCurrentTCB
 .bss.pxCurrentTimerList
                0x2000070c        0x4 ./syscfg/ti_freertos_config.o
 .bss.pxDelayedTaskList
                0x20000710        0x4 ./syscfg/ti_freertos_config.o
 .bss.pxEnd     0x20000714        0x4 ./syscfg/ti_freertos_config.o
 .bss.pxOverflowDelayedTaskList
                0x20000718        0x4 ./syscfg/ti_freertos_config.o
 .bss.pxOverflowTimerList
                0x2000071c        0x4 ./syscfg/ti_freertos_config.o
 .bss.pxReadyTasksLists
                0x20000720       0xc8 ./syscfg/ti_freertos_config.o
 .bss.ucHeap    0x200007e8     0x2000 ./syscfg/ti_freertos_config.o
 .bss.ucStaticTimerQueueStorage.6299
                0x200027e8      0x140 ./syscfg/ti_freertos_config.o
 .bss.uxCurrentNumberOfTasks
                0x20002928        0x4 ./syscfg/ti_freertos_config.o
 .bss.uxDeletedTasksWaitingCleanUp
                0x2000292c        0x4 ./syscfg/ti_freertos_config.o
 .bss.uxIdleTaskStack.7468
                0x20002930      0x200 ./syscfg/ti_freertos_config.o
 .bss.uxSchedulerSuspended
                0x20002b30        0x4 ./syscfg/ti_freertos_config.o
 .bss.uxTaskNumber
                0x20002b34        0x4 ./syscfg/ti_freertos_config.o
 .bss.uxTimerTaskStack.7475
                0x20002b38      0x200 ./syscfg/ti_freertos_config.o
 .bss.uxTopReadyPriority
                0x20002d38        0x4 ./syscfg/ti_freertos_config.o
 .bss.xActiveTimerList1
                0x20002d3c       0x14 ./syscfg/ti_freertos_config.o
 .bss.xActiveTimerList2
                0x20002d50       0x14 ./syscfg/ti_freertos_config.o
 .bss.xDelayedTaskList1
                0x20002d64       0x14 ./syscfg/ti_freertos_config.o
 .bss.xDelayedTaskList2
                0x20002d78       0x14 ./syscfg/ti_freertos_config.o
 .bss.xFreeBytesRemaining
                0x20002d8c        0x4 ./syscfg/ti_freertos_config.o
 .bss.xIdleTaskTCB.7467
                0x20002d90       0xc0 ./syscfg/ti_freertos_config.o
 .bss.xLastTime.6257
                0x20002e50        0x4 ./syscfg/ti_freertos_config.o
 .bss.xMinimumEverFreeBytesRemaining
                0x20002e54        0x4 ./syscfg/ti_freertos_config.o
 .bss.xNextTaskUnblockTime
                0x20002e58        0x4 ./syscfg/ti_freertos_config.o
 .bss.xNumOfOverflows
                0x20002e5c        0x4 ./syscfg/ti_freertos_config.o
 .bss.xNumberOfSuccessfulAllocations
                0x20002e60        0x4 ./syscfg/ti_freertos_config.o
 .bss.xNumberOfSuccessfulFrees
                0x20002e64        0x4 ./syscfg/ti_freertos_config.o
 .bss.xPendedTicks
                0x20002e68        0x4 ./syscfg/ti_freertos_config.o
 .bss.xPendingReadyList
                0x20002e6c       0x14 ./syscfg/ti_freertos_config.o
 .bss.xSchedulerRunning
                0x20002e80        0x4 ./syscfg/ti_freertos_config.o
 .bss.xStart    0x20002e84        0x8 ./syscfg/ti_freertos_config.o
 .bss.xStaticTimerQueue.6298
                0x20002e8c       0x50 ./syscfg/ti_freertos_config.o
 .bss.xSuspendedTaskList
                0x20002edc       0x14 ./syscfg/ti_freertos_config.o
 .bss.xTasksWaitingTermination
                0x20002ef0       0x14 ./syscfg/ti_freertos_config.o
 .bss.xTickCount
                0x20002f04        0x4 ./syscfg/ti_freertos_config.o
 .bss.xTimerQueue
                0x20002f08        0x4 ./syscfg/ti_freertos_config.o
 .bss.xTimerTaskHandle
                0x20002f0c        0x4 ./syscfg/ti_freertos_config.o
 .bss.xTimerTaskTCB.7474
                0x20002f10       0xc0 ./syscfg/ti_freertos_config.o
 .bss.xYieldPending
                0x20002fd0        0x4 ./syscfg/ti_freertos_config.o
 .bss.ulStoppedTimerCompensation
                0x20002fd4        0x4 ./syscfg/ti_freertos_portable_config.o
 .bss.ulTimerCountsForOneTick
                0x20002fd8        0x4 ./syscfg/ti_freertos_portable_config.o
 .bss.xMaximumPossibleSuppressedTicks
                0x20002fdc        0x4 ./syscfg/ti_freertos_portable_config.o
 .bss.SSCP_requestPacketInfo.5048
                0x20002fe0       0x10 ./sscp/src/sscp.o
 .bss.decodedPacketInfo.5058
                0x20002ff0       0x10 ./sscp/src/sscp.o
 .bss.encodedPacketInfo.5057
                0x20003000       0x10 ./sscp/src/sscp.o
 .bss.packet.5056
                0x20003010       0x10 ./sscp/src/sscp.o
 .bss.unencodedPacket.5037
                0x20003020        0x9 ./sscp/src/sscp.o
 *fill*         0x20003029        0x3 
 .bss.unencodedPacket.5042
                0x2000302c        0x9 ./sscp/src/sscp.o
 *fill*         0x20003035        0x3 
 .bss.postNotify
                0x20003038       0x14 C:/ti/simplelink_lowpower_f3_sdk_9_14_01_16/source\ti/drivers/lib/gcc/m0p/drivers_cc23x0r5.a(UDMALPF3.c.obj)
 .bss.isOpen    0x2000304c        0x1 C:/ti/simplelink_lowpower_f3_sdk_9_14_01_16/source\ti/drivers/lib/gcc/m0p/drivers_cc23x0r5.a(UDMALPF3.c.obj)
 *fill*         0x2000304d        0x3 
 .bss.gpioHwi   0x20003050       0x1c C:/ti/simplelink_lowpower_f3_sdk_9_14_01_16/source\ti/drivers/lib/gcc/m0p/drivers_cc23x0r5.a(GPIOLPF3.c.obj)
 .bss.initCalled
                0x2000306c        0x1 C:/ti/simplelink_lowpower_f3_sdk_9_14_01_16/source\ti/drivers/lib/gcc/m0p/drivers_cc23x0r5.a(GPIOLPF3.c.obj)
 *fill*         0x2000306d        0x3 
 .bss.lastTdcCount.0
                0x20003070        0x4 C:/ti/simplelink_lowpower_f3_sdk_9_14_01_16/source\ti/drivers/lib/gcc/m0p/drivers_cc23x0r5.a(PowerCC23X0.c.obj)
 .bss.controlPreStandby.2
                0x20003074        0x4 C:/ti/simplelink_lowpower_f3_sdk_9_14_01_16/source\ti/drivers/lib/gcc/m0p/drivers_cc23x0r5.a(PowerCC23X0.c.obj)
 .bss.clockHwi  0x20003078       0x1c C:/ti/simplelink_lowpower_f3_sdk_9_14_01_16/source\ti/drivers/lib/gcc/m0p/drivers_cc23x0r5.a(PowerCC23X0.c.obj)
                0x20003078                clockHwi
 .bss.hfxtAmpCompClock
                0x20003094       0x44 C:/ti/simplelink_lowpower_f3_sdk_9_14_01_16/source\ti/drivers/lib/gcc/m0p/drivers_cc23x0r5.a(PowerCC23X0.c.obj)
 .bss.startInitialHfxtAmpCompFxn
                0x200030d8        0x4 C:/ti/simplelink_lowpower_f3_sdk_9_14_01_16/source\ti/drivers/lib/gcc/m0p/drivers_cc23x0r5.a(PowerCC23X0.c.obj)
 .bss.ckmHwi    0x200030dc       0x1c C:/ti/simplelink_lowpower_f3_sdk_9_14_01_16/source\ti/drivers/lib/gcc/m0p/drivers_cc23x0r5.a(PowerCC23X0.c.obj)
 .bss.notifyList
                0x200030f8        0x8 C:/ti/simplelink_lowpower_f3_sdk_9_14_01_16/source\ti/drivers/lib/gcc/m0p/drivers_cc23x0r5.a(PowerCC23X0.c.obj)
 .bss.isInitialized
                0x20003100        0x1 C:/ti/simplelink_lowpower_f3_sdk_9_14_01_16/source\ti/drivers/lib/gcc/m0p/drivers_cc23x0r5.a(PowerCC23X0.c.obj)
 .bss.isPolicyEnabled
                0x20003101        0x1 C:/ti/simplelink_lowpower_f3_sdk_9_14_01_16/source\ti/drivers/lib/gcc/m0p/drivers_cc23x0r5.a(PowerCC23X0.c.obj)
 *fill*         0x20003102        0x2 
 .bss.policyFxn
                0x20003104        0x4 C:/ti/simplelink_lowpower_f3_sdk_9_14_01_16/source\ti/drivers/lib/gcc/m0p/drivers_cc23x0r5.a(PowerCC23X0.c.obj)
 .bss.resourceCountsLrfd
                0x20003108        0xc C:/ti/simplelink_lowpower_f3_sdk_9_14_01_16/source\ti/drivers/lib/gcc/m0p/drivers_cc23x0r5.a(PowerCC23X0.c.obj)
 .bss.resourceCountsClkctl0
                0x20003114       0x1f C:/ti/simplelink_lowpower_f3_sdk_9_14_01_16/source\ti/drivers/lib/gcc/m0p/drivers_cc23x0r5.a(PowerCC23X0.c.obj)
 *fill*         0x20003133        0x1 
 .bss.constraintMask
                0x20003134        0x4 C:/ti/simplelink_lowpower_f3_sdk_9_14_01_16/source\ti/drivers/lib/gcc/m0p/drivers_cc23x0r5.a(PowerCC23X0.c.obj)
 .bss.constraintCounts
                0x20003138        0x5 C:/ti/simplelink_lowpower_f3_sdk_9_14_01_16/source\ti/drivers/lib/gcc/m0p/drivers_cc23x0r5.a(PowerCC23X0.c.obj)
 *fill*         0x2000313d        0x3 
 .bss.PowerLPF3_lfclkQualFxn
                0x20003140        0x4 C:/ti/simplelink_lowpower_f3_sdk_9_14_01_16/source\ti/drivers/lib/gcc/m0p/drivers_cc23x0r5.a(PowerCC23X0.c.obj)
 .bss.lrfdClockDependencySets
                0x20003144        0x4 C:/ti/simplelink_lowpower_f3_sdk_9_14_01_16/source\ti/devices/cc23x0r5/driverlib/lib/gcc/driverlib.a(lrfd.c.obj)
 *(COMMON)
 COMMON         0x20003148       0x38 ./sscp_serial.o
                0x20003148                uartParams
                0x2000316c                button0_register
                0x20003170                led0_register
                0x20003174                uart
                0x20003178                led1_register
                0x2000317c                button1_register
 COMMON         0x20003180      0x250 ./syscfg/ti_drivers_config.o
                0x20003180                UART2LPF3_objects
                0x20003300                gpioCallbackFunctions
                0x20003368                gpioUserArgs
                0x200033d0                . = ALIGN (0x4)
                0x200033d0                __bss_end__ = .

.s2rram
 *(.s2rram)

.heap           0x200033d0        0x0
                0x200033d0                __heap_start__ = .
                0x200033d0                end = __heap_start__
                0x200033d0                _end = end
                0x200033d0                __end = end
 *(.heap)
                0x200033d0                __heap_end__ = .
                0x200033d0                __HeapLimit = __heap_end__

.stack          0x200033d0      0x800
                0x200033d0                _stack = .
                0x200033d0                __stack = .
 *(.stack)
                0x20003bd0                . = (. + STACKSIZE)
 *fill*         0x200033d0      0x800 
                0x20003bd0                _stack_end = .
                0x20003bd0                __stack_end = .

.log_data       0x90000000        0x8
 *(.log_data)
 .log_data      0x90000000        0x8 ./syscfg/ti_freertos_config.o
                0x90000000                TimestampP_nativeFormat32_copy
                0x90000004                TimestampP_nativeFormat64_copy

.log_ptr
 *(.log_ptr*)
LOAD F:/Projects/simple-system-control-protocol/simple-system-control-protocol/demos/lp_em_cc2340r5/sscp_serial/Debug/syscfg\ti_utils_build_linker.cmd.genlibs
LOAD C:/ti/simplelink_lowpower_f3_sdk_9_14_01_16/source\ti/drivers/lib/gcc/m0p/drivers_cc23x0r5.a
LOAD C:/ti/simplelink_lowpower_f3_sdk_9_14_01_16/source\ti/devices/cc23x0r5/driverlib/lib/gcc/driverlib.a
LOAD c:/ti/gcc-arm-none-eabi_9_3_1/bin/../lib/gcc/arm-none-eabi/9.3.1/thumb/v6-m/nofp\libgcc.a
LOAD C:/ti/gcc-arm-none-eabi_9_3_1/arm-none-eabi/lib/thumb/v6-m/nofp\libc_nano.a
LOAD C:/ti/gcc-arm-none-eabi_9_3_1/arm-none-eabi/lib/thumb/v6-m/nofp\libm.a
START GROUP
LOAD c:/ti/gcc-arm-none-eabi_9_3_1/bin/../lib/gcc/arm-none-eabi/9.3.1/thumb/v6-m/nofp\libgcc.a
LOAD C:/ti/gcc-arm-none-eabi_9_3_1/arm-none-eabi/lib/thumb/v6-m/nofp\libg_nano.a
LOAD C:/ti/gcc-arm-none-eabi_9_3_1/arm-none-eabi/lib/thumb/v6-m/nofp\libc_nano.a
END GROUP
START GROUP
LOAD c:/ti/gcc-arm-none-eabi_9_3_1/bin/../lib/gcc/arm-none-eabi/9.3.1/thumb/v6-m/nofp\libgcc.a
LOAD C:/ti/gcc-arm-none-eabi_9_3_1/arm-none-eabi/lib/thumb/v6-m/nofp\libc_nano.a
END GROUP
OUTPUT(sscp_serial.out elf32-littlearm)
LOAD linker stubs

.debug_info     0x00000000    0x2b6f3
 .debug_info    0x00000000      0xa07 ./main_freertos.o
 .debug_info    0x00000a07     0x15cb ./sscp_serial.o
 .debug_info    0x00001fd2      0x52b ./syscfg/ti_devices_config.o
 .debug_info    0x000024fd     0x137e ./syscfg/ti_drivers_config.o
 .debug_info    0x0000387b    0x1944c ./syscfg/ti_freertos_config.o
 .debug_info    0x0001ccc7      0xc4b ./syscfg/ti_freertos_portable_config.o
 .debug_info    0x0001d912      0xf63 ./sscp/src/sscp.o
 .debug_info    0x0001e875      0x368 C:/ti/simplelink_lowpower_f3_sdk_9_14_01_16/source\ti/drivers/lib/gcc/m0p/drivers_cc23x0r5.a(List.c.obj)
 .debug_info    0x0001ebdd       0xd2 C:/ti/simplelink_lowpower_f3_sdk_9_14_01_16/source\ti/drivers/lib/gcc/m0p/drivers_cc23x0r5.a(Math.c.obj)
 .debug_info    0x0001ecaf      0x50f C:/ti/simplelink_lowpower_f3_sdk_9_14_01_16/source\ti/drivers/lib/gcc/m0p/drivers_cc23x0r5.a(UDMALPF3.c.obj)
 .debug_info    0x0001f1be      0x3f1 C:/ti/simplelink_lowpower_f3_sdk_9_14_01_16/source\ti/drivers/lib/gcc/m0p/drivers_cc23x0r5.a(GPIO.c.obj)
 .debug_info    0x0001f5af      0xf06 C:/ti/simplelink_lowpower_f3_sdk_9_14_01_16/source\ti/drivers/lib/gcc/m0p/drivers_cc23x0r5.a(GPIOLPF3.c.obj)
 .debug_info    0x000204b5     0x3733 C:/ti/simplelink_lowpower_f3_sdk_9_14_01_16/source\ti/drivers/lib/gcc/m0p/drivers_cc23x0r5.a(PowerCC23X0.c.obj)
 .debug_info    0x00023be8     0x18ce C:/ti/simplelink_lowpower_f3_sdk_9_14_01_16/source\ti/drivers/lib/gcc/m0p/drivers_cc23x0r5.a(UART2.c.obj)
 .debug_info    0x000254b6     0x345e C:/ti/simplelink_lowpower_f3_sdk_9_14_01_16/source\ti/drivers/lib/gcc/m0p/drivers_cc23x0r5.a(UART2LPF3.c.obj)
 .debug_info    0x00028914      0x824 C:/ti/simplelink_lowpower_f3_sdk_9_14_01_16/source\ti/drivers/lib/gcc/m0p/drivers_cc23x0r5.a(RingBuf.c.obj)
 .debug_info    0x00029138       0xa6 C:/ti/simplelink_lowpower_f3_sdk_9_14_01_16/source\ti/devices/cc23x0r5/driverlib/lib/gcc/driverlib.a(cpu.c.obj)
 .debug_info    0x000291de       0xe9 C:/ti/simplelink_lowpower_f3_sdk_9_14_01_16/source\ti/devices/cc23x0r5/driverlib/lib/gcc/driverlib.a(evtsvt.c.obj)
 .debug_info    0x000292c7      0x813 C:/ti/simplelink_lowpower_f3_sdk_9_14_01_16/source\ti/devices/cc23x0r5/driverlib/lib/gcc/driverlib.a(interrupt.c.obj)
 .debug_info    0x00029ada      0x2c4 C:/ti/simplelink_lowpower_f3_sdk_9_14_01_16/source\ti/devices/cc23x0r5/driverlib/lib/gcc/driverlib.a(lrfd.c.obj)
 .debug_info    0x00029d9e     0x147d C:/ti/simplelink_lowpower_f3_sdk_9_14_01_16/source\ti/devices/cc23x0r5/driverlib/lib/gcc/driverlib.a(setup.c.obj)
 .debug_info    0x0002b21b      0x1d8 C:/ti/simplelink_lowpower_f3_sdk_9_14_01_16/source\ti/devices/cc23x0r5/driverlib/lib/gcc/driverlib.a(uart.c.obj)
 .debug_info    0x0002b3f3      0x300 C:/ti/simplelink_lowpower_f3_sdk_9_14_01_16/source\ti/devices/cc23x0r5/driverlib/lib/gcc/driverlib.a(udma.c.obj)

.debug_abbrev   0x00000000     0x40b7
 .debug_abbrev  0x00000000      0x19f ./main_freertos.o
 .debug_abbrev  0x0000019f      0x344 ./sscp_serial.o
 .debug_abbrev  0x000004e3      0x13c ./syscfg/ti_devices_config.o
 .debug_abbrev  0x0000061f      0x326 ./syscfg/ti_drivers_config.o
 .debug_abbrev  0x00000945      0x8a6 ./syscfg/ti_freertos_config.o
 .debug_abbrev  0x000011eb      0x2d4 ./syscfg/ti_freertos_portable_config.o
 .debug_abbrev  0x000014bf      0x337 ./sscp/src/sscp.o
 .debug_abbrev  0x000017f6      0x141 C:/ti/simplelink_lowpower_f3_sdk_9_14_01_16/source\ti/drivers/lib/gcc/m0p/drivers_cc23x0r5.a(List.c.obj)
 .debug_abbrev  0x00001937       0x7e C:/ti/simplelink_lowpower_f3_sdk_9_14_01_16/source\ti/drivers/lib/gcc/m0p/drivers_cc23x0r5.a(Math.c.obj)
 .debug_abbrev  0x000019b5      0x260 C:/ti/simplelink_lowpower_f3_sdk_9_14_01_16/source\ti/drivers/lib/gcc/m0p/drivers_cc23x0r5.a(UDMALPF3.c.obj)
 .debug_abbrev  0x00001c15      0x1ca C:/ti/simplelink_lowpower_f3_sdk_9_14_01_16/source\ti/drivers/lib/gcc/m0p/drivers_cc23x0r5.a(GPIO.c.obj)
 .debug_abbrev  0x00001ddf      0x4aa C:/ti/simplelink_lowpower_f3_sdk_9_14_01_16/source\ti/drivers/lib/gcc/m0p/drivers_cc23x0r5.a(GPIOLPF3.c.obj)
 .debug_abbrev  0x00002289      0x6e7 C:/ti/simplelink_lowpower_f3_sdk_9_14_01_16/source\ti/drivers/lib/gcc/m0p/drivers_cc23x0r5.a(PowerCC23X0.c.obj)
 .debug_abbrev  0x00002970      0x448 C:/ti/simplelink_lowpower_f3_sdk_9_14_01_16/source\ti/drivers/lib/gcc/m0p/drivers_cc23x0r5.a(UART2.c.obj)
 .debug_abbrev  0x00002db8      0x5d5 C:/ti/simplelink_lowpower_f3_sdk_9_14_01_16/source\ti/drivers/lib/gcc/m0p/drivers_cc23x0r5.a(UART2LPF3.c.obj)
 .debug_abbrev  0x0000338d      0x280 C:/ti/simplelink_lowpower_f3_sdk_9_14_01_16/source\ti/drivers/lib/gcc/m0p/drivers_cc23x0r5.a(RingBuf.c.obj)
 .debug_abbrev  0x0000360d       0x63 C:/ti/simplelink_lowpower_f3_sdk_9_14_01_16/source\ti/devices/cc23x0r5/driverlib/lib/gcc/driverlib.a(cpu.c.obj)
 .debug_abbrev  0x00003670       0xa5 C:/ti/simplelink_lowpower_f3_sdk_9_14_01_16/source\ti/devices/cc23x0r5/driverlib/lib/gcc/driverlib.a(evtsvt.c.obj)
 .debug_abbrev  0x00003715      0x39a C:/ti/simplelink_lowpower_f3_sdk_9_14_01_16/source\ti/devices/cc23x0r5/driverlib/lib/gcc/driverlib.a(interrupt.c.obj)
 .debug_abbrev  0x00003aaf      0x138 C:/ti/simplelink_lowpower_f3_sdk_9_14_01_16/source\ti/devices/cc23x0r5/driverlib/lib/gcc/driverlib.a(lrfd.c.obj)
 .debug_abbrev  0x00003be7      0x225 C:/ti/simplelink_lowpower_f3_sdk_9_14_01_16/source\ti/devices/cc23x0r5/driverlib/lib/gcc/driverlib.a(setup.c.obj)
 .debug_abbrev  0x00003e0c      0x142 C:/ti/simplelink_lowpower_f3_sdk_9_14_01_16/source\ti/devices/cc23x0r5/driverlib/lib/gcc/driverlib.a(uart.c.obj)
 .debug_abbrev  0x00003f4e      0x169 C:/ti/simplelink_lowpower_f3_sdk_9_14_01_16/source\ti/devices/cc23x0r5/driverlib/lib/gcc/driverlib.a(udma.c.obj)

.debug_loc      0x00000000    0x15a10
 .debug_loc     0x00000000       0x4a ./main_freertos.o
 .debug_loc     0x0000004a      0x47d ./sscp_serial.o
 .debug_loc     0x000004c7       0x13 ./syscfg/ti_drivers_config.o
 .debug_loc     0x000004da    0x15066 ./syscfg/ti_freertos_config.o
 .debug_loc     0x00015540      0x11c ./syscfg/ti_freertos_portable_config.o
 .debug_loc     0x0001565c      0x3b4 ./sscp/src/sscp.o

.debug_aranges  0x00000000     0x14f8
 .debug_aranges
                0x00000000       0x20 ./main_freertos.o
 .debug_aranges
                0x00000020       0x58 ./sscp_serial.o
 .debug_aranges
                0x00000078       0x18 ./syscfg/ti_devices_config.o
 .debug_aranges
                0x00000090       0x40 ./syscfg/ti_drivers_config.o
 .debug_aranges
                0x000000d0      0xd10 ./syscfg/ti_freertos_config.o
 .debug_aranges
                0x00000de0       0x88 ./syscfg/ti_freertos_portable_config.o
 .debug_aranges
                0x00000e68       0x50 ./sscp/src/sscp.o
 .debug_aranges
                0x00000eb8       0x48 C:/ti/simplelink_lowpower_f3_sdk_9_14_01_16/source\ti/drivers/lib/gcc/m0p/drivers_cc23x0r5.a(List.c.obj)
 .debug_aranges
                0x00000f00       0x20 C:/ti/simplelink_lowpower_f3_sdk_9_14_01_16/source\ti/drivers/lib/gcc/m0p/drivers_cc23x0r5.a(Math.c.obj)
 .debug_aranges
                0x00000f20       0x28 C:/ti/simplelink_lowpower_f3_sdk_9_14_01_16/source\ti/drivers/lib/gcc/m0p/drivers_cc23x0r5.a(UDMALPF3.c.obj)
 .debug_aranges
                0x00000f48       0x40 C:/ti/simplelink_lowpower_f3_sdk_9_14_01_16/source\ti/drivers/lib/gcc/m0p/drivers_cc23x0r5.a(GPIO.c.obj)
 .debug_aranges
                0x00000f88       0x80 C:/ti/simplelink_lowpower_f3_sdk_9_14_01_16/source\ti/drivers/lib/gcc/m0p/drivers_cc23x0r5.a(GPIOLPF3.c.obj)
 .debug_aranges
                0x00001008      0x188 C:/ti/simplelink_lowpower_f3_sdk_9_14_01_16/source\ti/drivers/lib/gcc/m0p/drivers_cc23x0r5.a(PowerCC23X0.c.obj)
 .debug_aranges
                0x00001190       0x80 C:/ti/simplelink_lowpower_f3_sdk_9_14_01_16/source\ti/drivers/lib/gcc/m0p/drivers_cc23x0r5.a(UART2.c.obj)
 .debug_aranges
                0x00001210       0xd0 C:/ti/simplelink_lowpower_f3_sdk_9_14_01_16/source\ti/drivers/lib/gcc/m0p/drivers_cc23x0r5.a(UART2LPF3.c.obj)
 .debug_aranges
                0x000012e0       0x88 C:/ti/simplelink_lowpower_f3_sdk_9_14_01_16/source\ti/drivers/lib/gcc/m0p/drivers_cc23x0r5.a(RingBuf.c.obj)
 .debug_aranges
                0x00001368       0x20 C:/ti/simplelink_lowpower_f3_sdk_9_14_01_16/source\ti/devices/cc23x0r5/driverlib/lib/gcc/driverlib.a(cpu.c.obj)
 .debug_aranges
                0x00001388       0x28 C:/ti/simplelink_lowpower_f3_sdk_9_14_01_16/source\ti/devices/cc23x0r5/driverlib/lib/gcc/driverlib.a(evtsvt.c.obj)
 .debug_aranges
                0x000013b0       0x70 C:/ti/simplelink_lowpower_f3_sdk_9_14_01_16/source\ti/devices/cc23x0r5/driverlib/lib/gcc/driverlib.a(interrupt.c.obj)
 .debug_aranges
                0x00001420       0x30 C:/ti/simplelink_lowpower_f3_sdk_9_14_01_16/source\ti/devices/cc23x0r5/driverlib/lib/gcc/driverlib.a(lrfd.c.obj)
 .debug_aranges
                0x00001450       0x20 C:/ti/simplelink_lowpower_f3_sdk_9_14_01_16/source\ti/devices/cc23x0r5/driverlib/lib/gcc/driverlib.a(setup.c.obj)
 .debug_aranges
                0x00001470       0x38 C:/ti/simplelink_lowpower_f3_sdk_9_14_01_16/source\ti/devices/cc23x0r5/driverlib/lib/gcc/driverlib.a(uart.c.obj)
 .debug_aranges
                0x000014a8       0x50 C:/ti/simplelink_lowpower_f3_sdk_9_14_01_16/source\ti/devices/cc23x0r5/driverlib/lib/gcc/driverlib.a(udma.c.obj)

.debug_ranges   0x00000000     0x70f0
 .debug_ranges  0x00000000       0x10 ./main_freertos.o
 .debug_ranges  0x00000010       0x78 ./sscp_serial.o
 .debug_ranges  0x00000088       0x60 ./syscfg/ti_drivers_config.o
 .debug_ranges  0x000000e8     0x6ec8 ./syscfg/ti_freertos_config.o
 .debug_ranges  0x00006fb0       0x90 ./syscfg/ti_freertos_portable_config.o
 .debug_ranges  0x00007040       0xb0 ./sscp/src/sscp.o

.debug_line     0x00000000    0x245e7
 .debug_line    0x00000000      0x20e ./main_freertos.o
 .debug_line    0x0000020e      0x6f5 ./sscp_serial.o
 .debug_line    0x00000903      0x128 ./syscfg/ti_devices_config.o
 .debug_line    0x00000a2b      0x58d ./syscfg/ti_drivers_config.o
 .debug_line    0x00000fb8    0x184f4 ./syscfg/ti_freertos_config.o
 .debug_line    0x000194ac      0x609 ./syscfg/ti_freertos_portable_config.o
 .debug_line    0x00019ab5      0xa9a ./sscp/src/sscp.o
 .debug_line    0x0001a54f      0x4e5 C:/ti/simplelink_lowpower_f3_sdk_9_14_01_16/source\ti/drivers/lib/gcc/m0p/drivers_cc23x0r5.a(List.c.obj)
 .debug_line    0x0001aa34      0x279 C:/ti/simplelink_lowpower_f3_sdk_9_14_01_16/source\ti/drivers/lib/gcc/m0p/drivers_cc23x0r5.a(Math.c.obj)
 .debug_line    0x0001acad      0x680 C:/ti/simplelink_lowpower_f3_sdk_9_14_01_16/source\ti/drivers/lib/gcc/m0p/drivers_cc23x0r5.a(UDMALPF3.c.obj)
 .debug_line    0x0001b32d      0x3e4 C:/ti/simplelink_lowpower_f3_sdk_9_14_01_16/source\ti/drivers/lib/gcc/m0p/drivers_cc23x0r5.a(GPIO.c.obj)
 .debug_line    0x0001b711      0xc1b C:/ti/simplelink_lowpower_f3_sdk_9_14_01_16/source\ti/drivers/lib/gcc/m0p/drivers_cc23x0r5.a(GPIOLPF3.c.obj)
 .debug_line    0x0001c32c     0x2aa3 C:/ti/simplelink_lowpower_f3_sdk_9_14_01_16/source\ti/drivers/lib/gcc/m0p/drivers_cc23x0r5.a(PowerCC23X0.c.obj)
 .debug_line    0x0001edcf     0x107b C:/ti/simplelink_lowpower_f3_sdk_9_14_01_16/source\ti/drivers/lib/gcc/m0p/drivers_cc23x0r5.a(UART2.c.obj)
 .debug_line    0x0001fe4a     0x1fe3 C:/ti/simplelink_lowpower_f3_sdk_9_14_01_16/source\ti/drivers/lib/gcc/m0p/drivers_cc23x0r5.a(UART2LPF3.c.obj)
 .debug_line    0x00021e2d      0x8b8 C:/ti/simplelink_lowpower_f3_sdk_9_14_01_16/source\ti/drivers/lib/gcc/m0p/drivers_cc23x0r5.a(RingBuf.c.obj)
 .debug_line    0x000226e5      0x242 C:/ti/simplelink_lowpower_f3_sdk_9_14_01_16/source\ti/devices/cc23x0r5/driverlib/lib/gcc/driverlib.a(cpu.c.obj)
 .debug_line    0x00022927      0x285 C:/ti/simplelink_lowpower_f3_sdk_9_14_01_16/source\ti/devices/cc23x0r5/driverlib/lib/gcc/driverlib.a(evtsvt.c.obj)
 .debug_line    0x00022bac      0x8d1 C:/ti/simplelink_lowpower_f3_sdk_9_14_01_16/source\ti/devices/cc23x0r5/driverlib/lib/gcc/driverlib.a(interrupt.c.obj)
 .debug_line    0x0002347d      0x578 C:/ti/simplelink_lowpower_f3_sdk_9_14_01_16/source\ti/devices/cc23x0r5/driverlib/lib/gcc/driverlib.a(lrfd.c.obj)
 .debug_line    0x000239f5      0x355 C:/ti/simplelink_lowpower_f3_sdk_9_14_01_16/source\ti/devices/cc23x0r5/driverlib/lib/gcc/driverlib.a(setup.c.obj)
 .debug_line    0x00023d4a      0x39c C:/ti/simplelink_lowpower_f3_sdk_9_14_01_16/source\ti/devices/cc23x0r5/driverlib/lib/gcc/driverlib.a(uart.c.obj)
 .debug_line    0x000240e6      0x501 C:/ti/simplelink_lowpower_f3_sdk_9_14_01_16/source\ti/devices/cc23x0r5/driverlib/lib/gcc/driverlib.a(udma.c.obj)

.debug_str      0x00000000     0x9bae
 .debug_str     0x00000000      0x575 ./main_freertos.o
                                0x65a (size before relaxing)
 .debug_str     0x00000575      0x80e ./sscp_serial.o
                                0xe6e (size before relaxing)
 .debug_str     0x00000d83      0x272 ./syscfg/ti_devices_config.o
                                0x43c (size before relaxing)
 .debug_str     0x00000ff5      0x799 ./syscfg/ti_drivers_config.o
                               0x1024 (size before relaxing)
 .debug_str     0x0000178e     0x4f5b ./syscfg/ti_freertos_config.o
                               0x5bb6 (size before relaxing)
 .debug_str     0x000066e9      0x248 ./syscfg/ti_freertos_portable_config.o
                                0x8cf (size before relaxing)
 .debug_str     0x00006931      0x131 ./sscp/src/sscp.o
                                0x8b2 (size before relaxing)
 .debug_str     0x00006a62      0x267 C:/ti/simplelink_lowpower_f3_sdk_9_14_01_16/source\ti/drivers/lib/gcc/m0p/drivers_cc23x0r5.a(List.c.obj)
                                0x363 (size before relaxing)
 .debug_str     0x00006cc9       0xcb C:/ti/simplelink_lowpower_f3_sdk_9_14_01_16/source\ti/drivers/lib/gcc/m0p/drivers_cc23x0r5.a(Math.c.obj)
                                0x2b8 (size before relaxing)
 .debug_str     0x00006d94      0x1bd C:/ti/simplelink_lowpower_f3_sdk_9_14_01_16/source\ti/drivers/lib/gcc/m0p/drivers_cc23x0r5.a(UDMALPF3.c.obj)
                                0x497 (size before relaxing)
 .debug_str     0x00006f51      0x11c C:/ti/simplelink_lowpower_f3_sdk_9_14_01_16/source\ti/drivers/lib/gcc/m0p/drivers_cc23x0r5.a(GPIO.c.obj)
                                0x3b3 (size before relaxing)
 .debug_str     0x0000706d      0x22b C:/ti/simplelink_lowpower_f3_sdk_9_14_01_16/source\ti/drivers/lib/gcc/m0p/drivers_cc23x0r5.a(GPIOLPF3.c.obj)
                                0x5fa (size before relaxing)
 .debug_str     0x00007298      0xfdf C:/ti/simplelink_lowpower_f3_sdk_9_14_01_16/source\ti/drivers/lib/gcc/m0p/drivers_cc23x0r5.a(PowerCC23X0.c.obj)
                               0x16e4 (size before relaxing)
 .debug_str     0x00008277      0x3f0 C:/ti/simplelink_lowpower_f3_sdk_9_14_01_16/source\ti/drivers/lib/gcc/m0p/drivers_cc23x0r5.a(UART2.c.obj)
                                0xbc1 (size before relaxing)
 .debug_str     0x00008667      0x51e C:/ti/simplelink_lowpower_f3_sdk_9_14_01_16/source\ti/drivers/lib/gcc/m0p/drivers_cc23x0r5.a(UART2LPF3.c.obj)
                               0x132b (size before relaxing)
 .debug_str     0x00008b85      0x140 C:/ti/simplelink_lowpower_f3_sdk_9_14_01_16/source\ti/drivers/lib/gcc/m0p/drivers_cc23x0r5.a(RingBuf.c.obj)
                                0x44c (size before relaxing)
 .debug_str     0x00008cc5       0xc5 C:/ti/simplelink_lowpower_f3_sdk_9_14_01_16/source\ti/devices/cc23x0r5/driverlib/lib/gcc/driverlib.a(cpu.c.obj)
                                0x2b8 (size before relaxing)
 .debug_str     0x00008d8a       0xd8 C:/ti/simplelink_lowpower_f3_sdk_9_14_01_16/source\ti/devices/cc23x0r5/driverlib/lib/gcc/driverlib.a(evtsvt.c.obj)
                                0x2ed (size before relaxing)
 .debug_str     0x00008e62      0x20a C:/ti/simplelink_lowpower_f3_sdk_9_14_01_16/source\ti/devices/cc23x0r5/driverlib/lib/gcc/driverlib.a(interrupt.c.obj)
                                0x486 (size before relaxing)
 .debug_str     0x0000906c      0x125 C:/ti/simplelink_lowpower_f3_sdk_9_14_01_16/source\ti/devices/cc23x0r5/driverlib/lib/gcc/driverlib.a(lrfd.c.obj)
                                0x37c (size before relaxing)
 .debug_str     0x00009191      0x7b0 C:/ti/simplelink_lowpower_f3_sdk_9_14_01_16/source\ti/devices/cc23x0r5/driverlib/lib/gcc/driverlib.a(setup.c.obj)
                                0xbae (size before relaxing)
 .debug_str     0x00009941       0xea C:/ti/simplelink_lowpower_f3_sdk_9_14_01_16/source\ti/devices/cc23x0r5/driverlib/lib/gcc/driverlib.a(uart.c.obj)
                                0x328 (size before relaxing)
 .debug_str     0x00009a2b      0x183 C:/ti/simplelink_lowpower_f3_sdk_9_14_01_16/source\ti/devices/cc23x0r5/driverlib/lib/gcc/driverlib.a(udma.c.obj)
                                0x40f (size before relaxing)

.comment        0x00000000       0x91
 .comment       0x00000000       0x4c ./main_freertos.o
                                 0x4d (size before relaxing)
 .comment       0x0000004c       0x4d ./sscp_serial.o
 .comment       0x0000004c       0x4d ./syscfg/ti_devices_config.o
 .comment       0x0000004c       0x4d ./syscfg/ti_drivers_config.o
 .comment       0x0000004c       0x4d ./syscfg/ti_freertos_config.o
 .comment       0x0000004c       0x4d ./syscfg/ti_freertos_portable_config.o
 .comment       0x0000004c       0x4d ./sscp/src/sscp.o
 .comment       0x0000004c       0x45 C:/ti/simplelink_lowpower_f3_sdk_9_14_01_16/source\ti/drivers/lib/gcc/m0p/drivers_cc23x0r5.a(List.c.obj)
                                 0x46 (size before relaxing)
 .comment       0x00000091       0x46 C:/ti/simplelink_lowpower_f3_sdk_9_14_01_16/source\ti/drivers/lib/gcc/m0p/drivers_cc23x0r5.a(Math.c.obj)
 .comment       0x00000091       0x46 C:/ti/simplelink_lowpower_f3_sdk_9_14_01_16/source\ti/drivers/lib/gcc/m0p/drivers_cc23x0r5.a(UDMALPF3.c.obj)
 .comment       0x00000091       0x46 C:/ti/simplelink_lowpower_f3_sdk_9_14_01_16/source\ti/drivers/lib/gcc/m0p/drivers_cc23x0r5.a(GPIO.c.obj)
 .comment       0x00000091       0x46 C:/ti/simplelink_lowpower_f3_sdk_9_14_01_16/source\ti/drivers/lib/gcc/m0p/drivers_cc23x0r5.a(GPIOLPF3.c.obj)
 .comment       0x00000091       0x46 C:/ti/simplelink_lowpower_f3_sdk_9_14_01_16/source\ti/drivers/lib/gcc/m0p/drivers_cc23x0r5.a(PowerCC23X0.c.obj)
 .comment       0x00000091       0x46 C:/ti/simplelink_lowpower_f3_sdk_9_14_01_16/source\ti/drivers/lib/gcc/m0p/drivers_cc23x0r5.a(UART2.c.obj)
 .comment       0x00000091       0x46 C:/ti/simplelink_lowpower_f3_sdk_9_14_01_16/source\ti/drivers/lib/gcc/m0p/drivers_cc23x0r5.a(UART2LPF3.c.obj)
 .comment       0x00000091       0x46 C:/ti/simplelink_lowpower_f3_sdk_9_14_01_16/source\ti/drivers/lib/gcc/m0p/drivers_cc23x0r5.a(RingBuf.c.obj)
 .comment       0x00000091       0x46 C:/ti/simplelink_lowpower_f3_sdk_9_14_01_16/source\ti/devices/cc23x0r5/driverlib/lib/gcc/driverlib.a(cpu.c.obj)
 .comment       0x00000091       0x46 C:/ti/simplelink_lowpower_f3_sdk_9_14_01_16/source\ti/devices/cc23x0r5/driverlib/lib/gcc/driverlib.a(evtsvt.c.obj)
 .comment       0x00000091       0x46 C:/ti/simplelink_lowpower_f3_sdk_9_14_01_16/source\ti/devices/cc23x0r5/driverlib/lib/gcc/driverlib.a(interrupt.c.obj)
 .comment       0x00000091       0x46 C:/ti/simplelink_lowpower_f3_sdk_9_14_01_16/source\ti/devices/cc23x0r5/driverlib/lib/gcc/driverlib.a(lrfd.c.obj)
 .comment       0x00000091       0x46 C:/ti/simplelink_lowpower_f3_sdk_9_14_01_16/source\ti/devices/cc23x0r5/driverlib/lib/gcc/driverlib.a(setup.c.obj)
 .comment       0x00000091       0x46 C:/ti/simplelink_lowpower_f3_sdk_9_14_01_16/source\ti/devices/cc23x0r5/driverlib/lib/gcc/driverlib.a(uart.c.obj)
 .comment       0x00000091       0x46 C:/ti/simplelink_lowpower_f3_sdk_9_14_01_16/source\ti/devices/cc23x0r5/driverlib/lib/gcc/driverlib.a(udma.c.obj)

.ARM.attributes
                0x00000000       0x30
 .ARM.attributes
                0x00000000       0x2b ./main_freertos.o
 .ARM.attributes
                0x0000002b       0x2b ./sscp_serial.o
 .ARM.attributes
                0x00000056       0x32 ./syscfg/ti_devices_config.o
 .ARM.attributes
                0x00000088       0x2b ./syscfg/ti_drivers_config.o
 .ARM.attributes
                0x000000b3       0x2b ./syscfg/ti_freertos_config.o
 .ARM.attributes
                0x000000de       0x2b ./syscfg/ti_freertos_portable_config.o
 .ARM.attributes
                0x00000109       0x2b ./sscp/src/sscp.o
 .ARM.attributes
                0x00000134       0x2c C:/ti/simplelink_lowpower_f3_sdk_9_14_01_16/source\ti/drivers/lib/gcc/m0p/drivers_cc23x0r5.a(List.c.obj)
 .ARM.attributes
                0x00000160       0x2c C:/ti/simplelink_lowpower_f3_sdk_9_14_01_16/source\ti/drivers/lib/gcc/m0p/drivers_cc23x0r5.a(Math.c.obj)
 .ARM.attributes
                0x0000018c       0x2c C:/ti/simplelink_lowpower_f3_sdk_9_14_01_16/source\ti/drivers/lib/gcc/m0p/drivers_cc23x0r5.a(UDMALPF3.c.obj)
 .ARM.attributes
                0x000001b8       0x2c C:/ti/simplelink_lowpower_f3_sdk_9_14_01_16/source\ti/drivers/lib/gcc/m0p/drivers_cc23x0r5.a(GPIO.c.obj)
 .ARM.attributes
                0x000001e4       0x2c C:/ti/simplelink_lowpower_f3_sdk_9_14_01_16/source\ti/drivers/lib/gcc/m0p/drivers_cc23x0r5.a(GPIOLPF3.c.obj)
 .ARM.attributes
                0x00000210       0x2c C:/ti/simplelink_lowpower_f3_sdk_9_14_01_16/source\ti/drivers/lib/gcc/m0p/drivers_cc23x0r5.a(PowerCC23X0.c.obj)
 .ARM.attributes
                0x0000023c       0x2c C:/ti/simplelink_lowpower_f3_sdk_9_14_01_16/source\ti/drivers/lib/gcc/m0p/drivers_cc23x0r5.a(UART2.c.obj)
 .ARM.attributes
                0x00000268       0x2c C:/ti/simplelink_lowpower_f3_sdk_9_14_01_16/source\ti/drivers/lib/gcc/m0p/drivers_cc23x0r5.a(UART2LPF3.c.obj)
 .ARM.attributes
                0x00000294       0x2c C:/ti/simplelink_lowpower_f3_sdk_9_14_01_16/source\ti/drivers/lib/gcc/m0p/drivers_cc23x0r5.a(RingBuf.c.obj)
 .ARM.attributes
                0x000002c0       0x2c C:/ti/simplelink_lowpower_f3_sdk_9_14_01_16/source\ti/devices/cc23x0r5/driverlib/lib/gcc/driverlib.a(cpu.c.obj)
 .ARM.attributes
                0x000002ec       0x2c C:/ti/simplelink_lowpower_f3_sdk_9_14_01_16/source\ti/devices/cc23x0r5/driverlib/lib/gcc/driverlib.a(evtsvt.c.obj)
 .ARM.attributes
                0x00000318       0x2c C:/ti/simplelink_lowpower_f3_sdk_9_14_01_16/source\ti/devices/cc23x0r5/driverlib/lib/gcc/driverlib.a(interrupt.c.obj)
 .ARM.attributes
                0x00000344       0x2c C:/ti/simplelink_lowpower_f3_sdk_9_14_01_16/source\ti/devices/cc23x0r5/driverlib/lib/gcc/driverlib.a(lrfd.c.obj)
 .ARM.attributes
                0x00000370       0x2c C:/ti/simplelink_lowpower_f3_sdk_9_14_01_16/source\ti/devices/cc23x0r5/driverlib/lib/gcc/driverlib.a(setup.c.obj)
 .ARM.attributes
                0x0000039c       0x2c C:/ti/simplelink_lowpower_f3_sdk_9_14_01_16/source\ti/devices/cc23x0r5/driverlib/lib/gcc/driverlib.a(uart.c.obj)
 .ARM.attributes
                0x000003c8       0x2c C:/ti/simplelink_lowpower_f3_sdk_9_14_01_16/source\ti/devices/cc23x0r5/driverlib/lib/gcc/driverlib.a(udma.c.obj)
 .ARM.attributes
                0x000003f4       0x1e c:/ti/gcc-arm-none-eabi_9_3_1/bin/../lib/gcc/arm-none-eabi/9.3.1/thumb/v6-m/nofp\libgcc.a(_udivsi3.o)
 .ARM.attributes
                0x00000412       0x1e c:/ti/gcc-arm-none-eabi_9_3_1/bin/../lib/gcc/arm-none-eabi/9.3.1/thumb/v6-m/nofp\libgcc.a(_dvmd_tls.o)
 .ARM.attributes
                0x00000430       0x1e c:/ti/gcc-arm-none-eabi_9_3_1/bin/../lib/gcc/arm-none-eabi/9.3.1/thumb/v6-m/nofp\libgcc.a(_clzsi2.o)
 .ARM.attributes
                0x0000044e       0x1e c:/ti/gcc-arm-none-eabi_9_3_1/bin/../lib/gcc/arm-none-eabi/9.3.1/thumb/v6-m/nofp\libgcc.a(_aeabi_uldivmod.o)
 .ARM.attributes
                0x0000046c       0x2c c:/ti/gcc-arm-none-eabi_9_3_1/bin/../lib/gcc/arm-none-eabi/9.3.1/thumb/v6-m/nofp\libgcc.a(_udivmoddi4.o)
 .ARM.attributes
                0x00000498       0x1e c:/ti/gcc-arm-none-eabi_9_3_1/bin/../lib/gcc/arm-none-eabi/9.3.1/thumb/v6-m/nofp\libgcc.a(_clzdi2.o)
 .ARM.attributes
                0x000004b6       0x2c C:/ti/gcc-arm-none-eabi_9_3_1/arm-none-eabi/lib/thumb/v6-m/nofp\libc_nano.a(lib_a-errno.o)
 .ARM.attributes
                0x000004e2       0x2c C:/ti/gcc-arm-none-eabi_9_3_1/arm-none-eabi/lib/thumb/v6-m/nofp\libc_nano.a(lib_a-findfp.o)
 .ARM.attributes
                0x0000050e       0x2c C:/ti/gcc-arm-none-eabi_9_3_1/arm-none-eabi/lib/thumb/v6-m/nofp\libc_nano.a(lib_a-impure.o)
 .ARM.attributes
                0x0000053a       0x2c C:/ti/gcc-arm-none-eabi_9_3_1/arm-none-eabi/lib/thumb/v6-m/nofp\libc_nano.a(lib_a-memcpy-stub.o)
 .ARM.attributes
                0x00000566       0x2c C:/ti/gcc-arm-none-eabi_9_3_1/arm-none-eabi/lib/thumb/v6-m/nofp\libc_nano.a(lib_a-memset.o)
 .ARM.attributes
                0x00000592       0x2c C:/ti/gcc-arm-none-eabi_9_3_1/arm-none-eabi/lib/thumb/v6-m/nofp\libc_nano.a(lib_a-reent.o)

.debug_frame    0x00000000     0x41d4
 .debug_frame   0x00000000       0x2c ./main_freertos.o
 .debug_frame   0x0000002c       0xdc ./sscp_serial.o
 .debug_frame   0x00000108       0x88 ./syscfg/ti_drivers_config.o
 .debug_frame   0x00000190     0x2c5c ./syscfg/ti_freertos_config.o
 .debug_frame   0x00002dec      0x130 ./syscfg/ti_freertos_portable_config.o
 .debug_frame   0x00002f1c       0xfc ./sscp/src/sscp.o
 .debug_frame   0x00003018       0xb4 C:/ti/simplelink_lowpower_f3_sdk_9_14_01_16/source\ti/drivers/lib/gcc/m0p/drivers_cc23x0r5.a(List.c.obj)
 .debug_frame   0x000030cc       0x20 C:/ti/simplelink_lowpower_f3_sdk_9_14_01_16/source\ti/drivers/lib/gcc/m0p/drivers_cc23x0r5.a(Math.c.obj)
 .debug_frame   0x000030ec       0x40 C:/ti/simplelink_lowpower_f3_sdk_9_14_01_16/source\ti/drivers/lib/gcc/m0p/drivers_cc23x0r5.a(UDMALPF3.c.obj)
 .debug_frame   0x0000312c       0x6c C:/ti/simplelink_lowpower_f3_sdk_9_14_01_16/source\ti/drivers/lib/gcc/m0p/drivers_cc23x0r5.a(GPIO.c.obj)
 .debug_frame   0x00003198      0x13c C:/ti/simplelink_lowpower_f3_sdk_9_14_01_16/source\ti/drivers/lib/gcc/m0p/drivers_cc23x0r5.a(GPIOLPF3.c.obj)
 .debug_frame   0x000032d4      0x44c C:/ti/simplelink_lowpower_f3_sdk_9_14_01_16/source\ti/drivers/lib/gcc/m0p/drivers_cc23x0r5.a(PowerCC23X0.c.obj)
 .debug_frame   0x00003720      0x1cc C:/ti/simplelink_lowpower_f3_sdk_9_14_01_16/source\ti/drivers/lib/gcc/m0p/drivers_cc23x0r5.a(UART2.c.obj)
 .debug_frame   0x000038ec      0x260 C:/ti/simplelink_lowpower_f3_sdk_9_14_01_16/source\ti/drivers/lib/gcc/m0p/drivers_cc23x0r5.a(UART2LPF3.c.obj)
 .debug_frame   0x00003b4c      0x184 C:/ti/simplelink_lowpower_f3_sdk_9_14_01_16/source\ti/drivers/lib/gcc/m0p/drivers_cc23x0r5.a(RingBuf.c.obj)
 .debug_frame   0x00003cd0       0x20 C:/ti/simplelink_lowpower_f3_sdk_9_14_01_16/source\ti/devices/cc23x0r5/driverlib/lib/gcc/driverlib.a(cpu.c.obj)
 .debug_frame   0x00003cf0       0x30 C:/ti/simplelink_lowpower_f3_sdk_9_14_01_16/source\ti/devices/cc23x0r5/driverlib/lib/gcc/driverlib.a(evtsvt.c.obj)
 .debug_frame   0x00003d20       0xdc C:/ti/simplelink_lowpower_f3_sdk_9_14_01_16/source\ti/devices/cc23x0r5/driverlib/lib/gcc/driverlib.a(interrupt.c.obj)
 .debug_frame   0x00003dfc       0x40 C:/ti/simplelink_lowpower_f3_sdk_9_14_01_16/source\ti/devices/cc23x0r5/driverlib/lib/gcc/driverlib.a(lrfd.c.obj)
 .debug_frame   0x00003e3c       0x20 C:/ti/simplelink_lowpower_f3_sdk_9_14_01_16/source\ti/devices/cc23x0r5/driverlib/lib/gcc/driverlib.a(setup.c.obj)
 .debug_frame   0x00003e5c       0x6c C:/ti/simplelink_lowpower_f3_sdk_9_14_01_16/source\ti/devices/cc23x0r5/driverlib/lib/gcc/driverlib.a(uart.c.obj)
 .debug_frame   0x00003ec8       0x90 C:/ti/simplelink_lowpower_f3_sdk_9_14_01_16/source\ti/devices/cc23x0r5/driverlib/lib/gcc/driverlib.a(udma.c.obj)
 .debug_frame   0x00003f58       0x20 c:/ti/gcc-arm-none-eabi_9_3_1/bin/../lib/gcc/arm-none-eabi/9.3.1/thumb/v6-m/nofp\libgcc.a(_udivsi3.o)
 .debug_frame   0x00003f78       0x3c c:/ti/gcc-arm-none-eabi_9_3_1/bin/../lib/gcc/arm-none-eabi/9.3.1/thumb/v6-m/nofp\libgcc.a(_udivmoddi4.o)
 .debug_frame   0x00003fb4       0x20 C:/ti/gcc-arm-none-eabi_9_3_1/arm-none-eabi/lib/thumb/v6-m/nofp\libc_nano.a(lib_a-errno.o)
 .debug_frame   0x00003fd4      0x170 C:/ti/gcc-arm-none-eabi_9_3_1/arm-none-eabi/lib/thumb/v6-m/nofp\libc_nano.a(lib_a-findfp.o)
 .debug_frame   0x00004144       0x28 C:/ti/gcc-arm-none-eabi_9_3_1/arm-none-eabi/lib/thumb/v6-m/nofp\libc_nano.a(lib_a-memcpy-stub.o)
 .debug_frame   0x0000416c       0x20 C:/ti/gcc-arm-none-eabi_9_3_1/arm-none-eabi/lib/thumb/v6-m/nofp\libc_nano.a(lib_a-memset.o)
 .debug_frame   0x0000418c       0x48 C:/ti/gcc-arm-none-eabi_9_3_1/arm-none-eabi/lib/thumb/v6-m/nofp\libc_nano.a(lib_a-reent.o)

.debug_loclists
                0x00000000     0x5561
 .debug_loclists
                0x00000000      0x228 C:/ti/simplelink_lowpower_f3_sdk_9_14_01_16/source\ti/drivers/lib/gcc/m0p/drivers_cc23x0r5.a(List.c.obj)
 .debug_loclists
                0x00000228       0xc2 C:/ti/simplelink_lowpower_f3_sdk_9_14_01_16/source\ti/drivers/lib/gcc/m0p/drivers_cc23x0r5.a(Math.c.obj)
 .debug_loclists
                0x000002ea      0x105 C:/ti/simplelink_lowpower_f3_sdk_9_14_01_16/source\ti/drivers/lib/gcc/m0p/drivers_cc23x0r5.a(UDMALPF3.c.obj)
 .debug_loclists
                0x000003ef      0x144 C:/ti/simplelink_lowpower_f3_sdk_9_14_01_16/source\ti/drivers/lib/gcc/m0p/drivers_cc23x0r5.a(GPIO.c.obj)
 .debug_loclists
                0x00000533      0xb07 C:/ti/simplelink_lowpower_f3_sdk_9_14_01_16/source\ti/drivers/lib/gcc/m0p/drivers_cc23x0r5.a(GPIOLPF3.c.obj)
 .debug_loclists
                0x0000103a     0x18df C:/ti/simplelink_lowpower_f3_sdk_9_14_01_16/source\ti/drivers/lib/gcc/m0p/drivers_cc23x0r5.a(PowerCC23X0.c.obj)
 .debug_loclists
                0x00002919      0xc18 C:/ti/simplelink_lowpower_f3_sdk_9_14_01_16/source\ti/drivers/lib/gcc/m0p/drivers_cc23x0r5.a(UART2.c.obj)
 .debug_loclists
                0x00003531     0x10c0 C:/ti/simplelink_lowpower_f3_sdk_9_14_01_16/source\ti/drivers/lib/gcc/m0p/drivers_cc23x0r5.a(UART2LPF3.c.obj)
 .debug_loclists
                0x000045f1      0x578 C:/ti/simplelink_lowpower_f3_sdk_9_14_01_16/source\ti/drivers/lib/gcc/m0p/drivers_cc23x0r5.a(RingBuf.c.obj)
 .debug_loclists
                0x00004b69       0x26 C:/ti/simplelink_lowpower_f3_sdk_9_14_01_16/source\ti/devices/cc23x0r5/driverlib/lib/gcc/driverlib.a(evtsvt.c.obj)
 .debug_loclists
                0x00004b8f      0x53b C:/ti/simplelink_lowpower_f3_sdk_9_14_01_16/source\ti/devices/cc23x0r5/driverlib/lib/gcc/driverlib.a(interrupt.c.obj)
 .debug_loclists
                0x000050ca      0x1a7 C:/ti/simplelink_lowpower_f3_sdk_9_14_01_16/source\ti/devices/cc23x0r5/driverlib/lib/gcc/driverlib.a(lrfd.c.obj)
 .debug_loclists
                0x00005271       0x20 C:/ti/simplelink_lowpower_f3_sdk_9_14_01_16/source\ti/devices/cc23x0r5/driverlib/lib/gcc/driverlib.a(setup.c.obj)
 .debug_loclists
                0x00005291       0xc3 C:/ti/simplelink_lowpower_f3_sdk_9_14_01_16/source\ti/devices/cc23x0r5/driverlib/lib/gcc/driverlib.a(uart.c.obj)
 .debug_loclists
                0x00005354      0x20d C:/ti/simplelink_lowpower_f3_sdk_9_14_01_16/source\ti/devices/cc23x0r5/driverlib/lib/gcc/driverlib.a(udma.c.obj)

.debug_rnglists
                0x00000000      0xafe
 .debug_rnglists
                0x00000000       0x31 C:/ti/simplelink_lowpower_f3_sdk_9_14_01_16/source\ti/drivers/lib/gcc/m0p/drivers_cc23x0r5.a(List.c.obj)
 .debug_rnglists
                0x00000031       0x13 C:/ti/simplelink_lowpower_f3_sdk_9_14_01_16/source\ti/drivers/lib/gcc/m0p/drivers_cc23x0r5.a(Math.c.obj)
 .debug_rnglists
                0x00000044       0x49 C:/ti/simplelink_lowpower_f3_sdk_9_14_01_16/source\ti/drivers/lib/gcc/m0p/drivers_cc23x0r5.a(UDMALPF3.c.obj)
 .debug_rnglists
                0x0000008d       0x2b C:/ti/simplelink_lowpower_f3_sdk_9_14_01_16/source\ti/drivers/lib/gcc/m0p/drivers_cc23x0r5.a(GPIO.c.obj)
 .debug_rnglists
                0x000000b8      0x133 C:/ti/simplelink_lowpower_f3_sdk_9_14_01_16/source\ti/drivers/lib/gcc/m0p/drivers_cc23x0r5.a(GPIOLPF3.c.obj)
 .debug_rnglists
                0x000001eb      0x397 C:/ti/simplelink_lowpower_f3_sdk_9_14_01_16/source\ti/drivers/lib/gcc/m0p/drivers_cc23x0r5.a(PowerCC23X0.c.obj)
 .debug_rnglists
                0x00000582       0x5f C:/ti/simplelink_lowpower_f3_sdk_9_14_01_16/source\ti/drivers/lib/gcc/m0p/drivers_cc23x0r5.a(UART2.c.obj)
 .debug_rnglists
                0x000005e1      0x2dc C:/ti/simplelink_lowpower_f3_sdk_9_14_01_16/source\ti/drivers/lib/gcc/m0p/drivers_cc23x0r5.a(UART2LPF3.c.obj)
 .debug_rnglists
                0x000008bd       0x85 C:/ti/simplelink_lowpower_f3_sdk_9_14_01_16/source\ti/drivers/lib/gcc/m0p/drivers_cc23x0r5.a(RingBuf.c.obj)
 .debug_rnglists
                0x00000942       0x13 C:/ti/simplelink_lowpower_f3_sdk_9_14_01_16/source\ti/devices/cc23x0r5/driverlib/lib/gcc/driverlib.a(cpu.c.obj)
 .debug_rnglists
                0x00000955       0x19 C:/ti/simplelink_lowpower_f3_sdk_9_14_01_16/source\ti/devices/cc23x0r5/driverlib/lib/gcc/driverlib.a(evtsvt.c.obj)
 .debug_rnglists